Archive member included to satisfy reference by file (symbol)

/opt/st/stm32cubeide_1.17.0/plugins/com.st.stm32cube.ide.mcu.externaltools.gnu-tools-for-stm32.12.3.rel1.linux64_1.1.0.202410170702/tools/bin/../lib/gcc/arm-none-eabi/12.3.1/../../../../arm-none-eabi/lib/thumb/v7e-m+fp/hard/libstdc++_nano.a(del_ops.o)
                              ./Core/Src/main.o (operator delete(void*, unsigned int))
/opt/st/stm32cubeide_1.17.0/plugins/com.st.stm32cube.ide.mcu.externaltools.gnu-tools-for-stm32.12.3.rel1.linux64_1.1.0.202410170702/tools/bin/../lib/gcc/arm-none-eabi/12.3.1/../../../../arm-none-eabi/lib/thumb/v7e-m+fp/hard/libstdc++_nano.a(new_op.o)
                              ./Core/Src/main.o (operator new(unsigned int))
/opt/st/stm32cubeide_1.17.0/plugins/com.st.stm32cube.ide.mcu.externaltools.gnu-tools-for-stm32.12.3.rel1.linux64_1.1.0.202410170702/tools/bin/../lib/gcc/arm-none-eabi/12.3.1/../../../../arm-none-eabi/lib/thumb/v7e-m+fp/hard/libstdc++_nano.a(tree.o)
                              ./Core/Src/main.o (std::_Rb_tree_increment(std::_Rb_tree_node_base*))
/opt/st/stm32cubeide_1.17.0/plugins/com.st.stm32cube.ide.mcu.externaltools.gnu-tools-for-stm32.12.3.rel1.linux64_1.1.0.202410170702/tools/bin/../lib/gcc/arm-none-eabi/12.3.1/../../../../arm-none-eabi/lib/thumb/v7e-m+fp/hard/libstdc++_nano.a(functexcept.o)
                              ./Core/Src/main.o (std::__throw_bad_alloc())
/opt/st/stm32cubeide_1.17.0/plugins/com.st.stm32cube.ide.mcu.externaltools.gnu-tools-for-stm32.12.3.rel1.linux64_1.1.0.202410170702/tools/bin/../lib/gcc/arm-none-eabi/12.3.1/../../../../arm-none-eabi/lib/thumb/v7e-m+fp/hard/libstdc++_nano.a(del_op.o)
                              /opt/st/stm32cubeide_1.17.0/plugins/com.st.stm32cube.ide.mcu.externaltools.gnu-tools-for-stm32.12.3.rel1.linux64_1.1.0.202410170702/tools/bin/../lib/gcc/arm-none-eabi/12.3.1/../../../../arm-none-eabi/lib/thumb/v7e-m+fp/hard/libstdc++_nano.a(del_ops.o) (operator delete(void*))
/opt/st/stm32cubeide_1.17.0/plugins/com.st.stm32cube.ide.mcu.externaltools.gnu-tools-for-stm32.12.3.rel1.linux64_1.1.0.202410170702/tools/bin/../lib/gcc/arm-none-eabi/12.3.1/../../../../arm-none-eabi/lib/thumb/v7e-m+fp/hard/libstdc++_nano.a(new_handler.o)
                              /opt/st/stm32cubeide_1.17.0/plugins/com.st.stm32cube.ide.mcu.externaltools.gnu-tools-for-stm32.12.3.rel1.linux64_1.1.0.202410170702/tools/bin/../lib/gcc/arm-none-eabi/12.3.1/../../../../arm-none-eabi/lib/thumb/v7e-m+fp/hard/libstdc++_nano.a(new_op.o) (std::get_new_handler())
/opt/st/stm32cubeide_1.17.0/plugins/com.st.stm32cube.ide.mcu.externaltools.gnu-tools-for-stm32.12.3.rel1.linux64_1.1.0.202410170702/tools/bin/../lib/gcc/arm-none-eabi/12.3.1/../../../../arm-none-eabi/lib/thumb/v7e-m+fp/hard/libc_nano.a(libc_a-abort.o)
                              /opt/st/stm32cubeide_1.17.0/plugins/com.st.stm32cube.ide.mcu.externaltools.gnu-tools-for-stm32.12.3.rel1.linux64_1.1.0.202410170702/tools/bin/../lib/gcc/arm-none-eabi/12.3.1/../../../../arm-none-eabi/lib/thumb/v7e-m+fp/hard/libstdc++_nano.a(new_op.o) (abort)
/opt/st/stm32cubeide_1.17.0/plugins/com.st.stm32cube.ide.mcu.externaltools.gnu-tools-for-stm32.12.3.rel1.linux64_1.1.0.202410170702/tools/bin/../lib/gcc/arm-none-eabi/12.3.1/../../../../arm-none-eabi/lib/thumb/v7e-m+fp/hard/libc_nano.a(libc_a-exit.o)
                              /opt/st/stm32cubeide_1.17.0/plugins/com.st.stm32cube.ide.mcu.externaltools.gnu-tools-for-stm32.12.3.rel1.linux64_1.1.0.202410170702/tools/bin/../lib/gcc/arm-none-eabi/12.3.1/../../../../arm-none-eabi/lib/thumb/v7e-m+fp/hard/crt0.o (exit)
/opt/st/stm32cubeide_1.17.0/plugins/com.st.stm32cube.ide.mcu.externaltools.gnu-tools-for-stm32.12.3.rel1.linux64_1.1.0.202410170702/tools/bin/../lib/gcc/arm-none-eabi/12.3.1/../../../../arm-none-eabi/lib/thumb/v7e-m+fp/hard/libc_nano.a(libc_a-malloc.o)
                              /opt/st/stm32cubeide_1.17.0/plugins/com.st.stm32cube.ide.mcu.externaltools.gnu-tools-for-stm32.12.3.rel1.linux64_1.1.0.202410170702/tools/bin/../lib/gcc/arm-none-eabi/12.3.1/../../../../arm-none-eabi/lib/thumb/v7e-m+fp/hard/libstdc++_nano.a(new_op.o) (malloc)
/opt/st/stm32cubeide_1.17.0/plugins/com.st.stm32cube.ide.mcu.externaltools.gnu-tools-for-stm32.12.3.rel1.linux64_1.1.0.202410170702/tools/bin/../lib/gcc/arm-none-eabi/12.3.1/../../../../arm-none-eabi/lib/thumb/v7e-m+fp/hard/libc_nano.a(libc_a-mallocr.o)
                              /opt/st/stm32cubeide_1.17.0/plugins/com.st.stm32cube.ide.mcu.externaltools.gnu-tools-for-stm32.12.3.rel1.linux64_1.1.0.202410170702/tools/bin/../lib/gcc/arm-none-eabi/12.3.1/../../../../arm-none-eabi/lib/thumb/v7e-m+fp/hard/libc_nano.a(libc_a-malloc.o) (_malloc_r)
/opt/st/stm32cubeide_1.17.0/plugins/com.st.stm32cube.ide.mcu.externaltools.gnu-tools-for-stm32.12.3.rel1.linux64_1.1.0.202410170702/tools/bin/../lib/gcc/arm-none-eabi/12.3.1/../../../../arm-none-eabi/lib/thumb/v7e-m+fp/hard/libc_nano.a(libc_a-mlock.o)
[...]
Memory Configuration

Name             Origin             Length             Attributes
RAM              0x20000000         0x00018000         xrw
FLASH            0x08000000         0x00080000         xr
*default*        0x00000000         0xffffffff

Linker script and memory map

LOAD /opt/st/stm32cubeide_1.17.0/plugins/com.st.stm32cube.ide.mcu.externaltools.gnu-tools-for-stm32.12.3.rel1.linux64_1.1.0.202410170702/tools/bin/../lib/gcc/arm-none-eabi/12.3.1/thumb/v7e-m+fp/hard/crti.o
LOAD /opt/st/stm32cubeide_1.17.0/plugins/com.st.stm32cube.ide.mcu.externaltools.gnu-tools-for-stm32.12.3.rel1.linux64_1.1.0.202410170702/tools/bin/../lib/gcc/arm-none-eabi/12.3.1/thumb/v7e-m+fp/hard/crtbegin.o
LOAD /opt/st/stm32cubeide_1.17.0/plugins/com.st.stm32cube.ide.mcu.externaltools.gnu-tools-for-stm32.12.3.rel1.linux64_1.1.0.202410170702/tools/bin/../lib/gcc/arm-none-eabi/12.3.1/../../../../arm-none-eabi/lib/thumb/v7e-m+fp/hard/crt0.o
LOAD ./Core/Src/main.o
LOAD ./Core/Src/stm32f4xx_hal_msp.o
LOAD ./Core/Src/stm32f4xx_it.o
LOAD ./Core/Src/syscalls.o
LOAD ./Core/Src/sysmem.o
LOAD ./Core/Src/system_stm32f4xx.o
LOAD ./Core/Startup/startup_stm32f401retx.o
LOAD ./Drivers/STM32F4xx_HAL_Driver/Src/stm32f4xx_hal.o
LOAD ./Drivers/STM32F4xx_HAL_Driver/Src/stm32f4xx_hal_cortex.o
LOAD ./Drivers/STM32F4xx_HAL_Driver/Src/stm32f4xx_hal_dma.o
LOAD ./Drivers/STM32F4xx_HAL_Driver/Src/stm32f4xx_hal_dma_ex.o
LOAD ./Drivers/STM32F4xx_HAL_Driver/Src/stm32f4xx_hal_exti.o
LOAD ./Drivers/STM32F4xx_HAL_Driver/Src/stm32f4xx_hal_flash.o
LOAD ./Drivers/STM32F4xx_HAL_Driver/Src/stm32f4xx_hal_flash_ex.o
LOAD ./Drivers/STM32F4xx_HAL_Driver/Src/stm32f4xx_hal_flash_ramfunc.o
LOAD ./Drivers/STM32F4xx_HAL_Driver/Src/stm32f4xx_hal_gpio.o
LOAD ./Drivers/STM32F4xx_HAL_Driver/Src/stm32f4xx_hal_pwr.o
LOAD ./Drivers/STM32F4xx_HAL_Driver/Src/stm32f4xx_hal_pwr_ex.o
LOAD ./Drivers/STM32F4xx_HAL_Driver/Src/stm32f4xx_hal_rcc.o
LOAD ./Drivers/STM32F4xx_HAL_Driver/Src/stm32f4xx_hal_rcc_ex.o
START GROUP
LOAD /opt/st/stm32cubeide_1.17.0/plugins/com.st.stm32cube.ide.mcu.externaltools.gnu-tools-for-stm32.12.3.rel1.linux64_1.1.0.202410170702/tools/bin/../lib/gcc/arm-none-eabi/12.3.1/../../../../arm-none-eabi/lib/thumb/v7e-m+fp/hard/libstdc++_nano.a
LOAD /opt/st/stm32cubeide_1.17.0/plugins/com.st.stm32cube.ide.mcu.externaltools.gnu-tools-for-stm32.12.3.rel1.linux64_1.1.0.202410170702/tools/bin/../lib/gcc/arm-none-eabi/12.3.1/../../../../arm-none-eabi/lib/thumb/v7e-m+fp/hard/libsupc++_nano.a
END GROUP
LOAD /opt/st/stm32cubeide_1.17.0/plugins/com.st.stm32cube.ide.mcu.externaltools.gnu-tools-for-stm32.12.3.rel1.linux64_1.1.0.202410170702/tools/bin/../lib/gcc/arm-none-eabi/12.3.1/../../../../arm-none-eabi/lib/thumb/v7e-m+fp/hard/libstdc++_nano.a
LOAD /opt/st/stm32cubeide_1.17.0/plugins/com.st.stm32cube.ide.mcu.externaltools.gnu-tools-for-stm32.12.3.rel1.linux64_1.1.0.202410170702/tools/bin/../lib/gcc/arm-none-eabi/12.3.1/../../../../arm-none-eabi/lib/thumb/v7e-m+fp/hard/libm.a
LOAD /opt/st/stm32cubeide_1.17.0/plugins/com.st.stm32cube.ide.mcu.externaltools.gnu-tools-for-stm32.12.3.rel1.linux64_1.1.0.202410170702/tools/bin/../lib/gcc/arm-none-eabi/12.3.1/../../../../arm-none-eabi/lib/thumb/v7e-m+fp/hard/libc_nano.a
START GROUP
LOAD /opt/st/stm32cubeide_1.17.0/plugins/com.st.stm32cube.ide.mcu.externaltools.gnu-tools-for-stm32.12.3.rel1.linux64_1.1.0.202410170702/tools/bin/../lib/gcc/arm-none-eabi/12.3.1/thumb/v7e-m+fp/hard/libgcc.a
LOAD /opt/st/stm32cubeide_1.17.0/plugins/com.st.stm32cube.ide.mcu.externaltools.gnu-tools-for-stm32.12.3.rel1.linux64_1.1.0.202410170702/tools/bin/../lib/gcc/arm-none-eabi/12.3.1/../../../../arm-none-eabi/lib/thumb/v7e-m+fp/hard/libc_nano.a
END GROUP
START GROUP
LOAD /opt/st/stm32cubeide_1.17.0/plugins/com.st.stm32cube.ide.mcu.externaltools.gnu-tools-for-stm32.12.3.rel1.linux64_1.1.0.202410170702/tools/bin/../lib/gcc/arm-none-eabi/12.3.1/thumb/v7e-m+fp/hard/libgcc.a
LOAD /opt/st/stm32cubeide_1.17.0/plugins/com.st.stm32cube.ide.mcu.externaltools.gnu-tools-for-stm32.12.3.rel1.linux64_1.1.0.202410170702/tools/bin/../lib/gcc/arm-none-eabi/12.3.1/../../../../arm-none-eabi/lib/thumb/v7e-m+fp/hard/libc_nano.a
LOAD /opt/st/stm32cubeide_1.17.0/plugins/com.st.stm32cube.ide.mcu.externaltools.gnu-tools-for-stm32.12.3.rel1.linux64_1.1.0.202410170702/tools/bin/../lib/gcc/arm-none-eabi/12.3.1/../../../../arm-none-eabi/lib/thumb/v7e-m+fp/hard/libnosys.a
END GROUP
START GROUP
LOAD /opt/st/stm32cubeide_1.17.0/plugins/com.st.stm32cube.ide.mcu.externaltools.gnu-tools-for-stm32.12.3.rel1.linux64_1.1.0.202410170702/tools/bin/../lib/gcc/arm-none-eabi/12.3.1/thumb/v7e-m+fp/hard/libgcc.a
LOAD /opt/st/stm32cubeide_1.17.0/plugins/com.st.stm32cube.ide.mcu.externaltools.gnu-tools-for-stm32.12.3.rel1.linux64_1.1.0.202410170702/tools/bin/../lib/gcc/arm-none-eabi/12.3.1/../../../../arm-none-eabi/lib/thumb/v7e-m+fp/hard/libc_nano.a
LOAD /opt/st/stm32cubeide_1.17.0/plugins/com.st.stm32cube.ide.mcu.externaltools.gnu-tools-for-stm32.12.3.rel1.linux64_1.1.0.202410170702/tools/bin/../lib/gcc/arm-none-eabi/12.3.1/../../../../arm-none-eabi/lib/thumb/v7e-m+fp/hard/libnosys.a
END GROUP
LOAD /opt/st/stm32cubeide_1.17.0/plugins/com.st.stm32cube.ide.mcu.externaltools.gnu-tools-for-stm32.12.3.rel1.linux64_1.1.0.202410170702/tools/bin/../lib/gcc/arm-none-eabi/12.3.1/thumb/v7e-m+fp/hard/crtend.o
LOAD /opt/st/stm32cubeide_1.17.0/plugins/com.st.stm32cube.ide.mcu.externaltools.gnu-tools-for-stm32.12.3.rel1.linux64_1.1.0.202410170702/tools/bin/../lib/gcc/arm-none-eabi/12.3.1/thumb/v7e-m+fp/hard/crtn.o
                0x20018000                        _estack = (ORIGIN (RAM) + LENGTH (RAM))
                0x00000200                        _Min_Heap_Size = 0x200
                0x00000400                        _Min_Stack_Size = 0x400

.isr_vector     0x08000000      0x194
                0x08000000                        . = ALIGN (0x4)
 *(.isr_vector)
 .isr_vector    0x08000000      0x194 ./Core/Startup/startup_stm32f401retx.o
                0x08000000                g_pfnVectors
                0x08000194                        . = ALIGN (0x4)

.text           0x08000194     0x5204
                0x08000194                        . = ALIGN (0x4)
 *(.text)
 .text          0x08000194       0x40 /opt/st/stm32cubeide_1.17.0/plugins/com.st.stm32cube.ide.mcu.externaltools.gnu-tools-for-stm32.12.3.rel1.linux64_1.1.0.202410170702/tools/bin/../lib/gcc/arm-none-eabi/12.3.1/thumb/v7e-m+fp/hard/crtbegin.o
 .text          0x080001d4       0x30 /opt/st/stm32cubeide_1.17.0/plugins/com.st.stm32cube.ide.mcu.externaltools.gnu-tools-for-stm32.12.3.rel1.linux64_1.1.0.202410170702/tools/bin/../lib/gcc/arm-none-eabi/12.3.1/thumb/v7e-m+fp/hard/libgcc.a(_aeabi_uldivmod.o)
                0x080001d4                __aeabi_uldivmod
 .text          0x08000204      0x2bc /opt/st/stm32cubeide_1.17.0/plugins/com.st.stm32cube.ide.mcu.externaltools.gnu-tools-for-stm32.12.3.rel1.linux64_1.1.0.202410170702/tools/bin/../lib/gcc/arm-none-eabi/12.3.1/thumb/v7e-m+fp/hard/libgcc.a(_udivmoddi4.o)
                0x08000204                __udivmoddi4
 .text          0x080004c0        0x4 /opt/st/stm32cubeide_1.17.0/plugins/com.st.stm32cube.ide.mcu.externaltools.gnu-tools-for-stm32.12.3.rel1.linux64_1.1.0.202410170702/tools/bin/../lib/gcc/arm-none-eabi/12.3.1/thumb/v7e-m+fp/hard/libgcc.a(_dvmd_tls.o)
                0x080004c0                __aeabi_ldiv0
                0x080004c0                __aeabi_idiv0
 *(.text*)
 .text._ZnwjPv  0x080004c4       0x18 ./Core/Src/main.o
                0x080004c4                operator new(unsigned int, void*)
 .text._ZNSt15_Rb_tree_headerC2Ev
                0x080004dc       0x1e ./Core/Src/main.o
                0x080004dc                std::_Rb_tree_header::_Rb_tree_header()
                0x080004dc                std::_Rb_tree_header::_Rb_tree_header()
 .text._ZNSt15_Rb_tree_header8_M_resetEv
                0x080004fa       0x2c ./Core/Src/main.o
                0x080004fa                std::_Rb_tree_header::_M_reset()
 .text._ZNSt12_Vector_baseISt6vectorIPcSaIS1_EESaIS3_EE12_Vector_implD2Ev
                0x08000526       0x18 ./Core/Src/main.o
                0x08000526                std::_Vector_base<std::vector<char*, std::allocator<char*> >, std::allocator<std::vector<char*, std::allocator<char*> > > >::_Vector_impl::~_Vector_impl()
                0x08000526                std::_Vector_base<std::vector<char*, std::allocator<char*> >, std::allocator<std::vector<char*, std::allocator<char*> > > >::_Vector_impl::~_Vector_impl()
 .text._ZNSt12_Vector_baseISt6vectorIPcSaIS1_EESaIS3_EEC2Ev
                0x0800053e       0x1a ./Core/Src/main.o
                0x0800053e                std::_Vector_base<std::vector<char*, std::allocator<char*> >, std::allocator<std::vector<char*, std::allocator<char*> > > >::_Vector_base()
                0x0800053e                std::_Vector_base<std::vector<char*, std::allocator<char*> >, std::allocator<std::vector<char*, std::allocator<char*> > > >::_Vector_base()
 .text._ZNSt6vectorIS_IPcSaIS0_EESaIS2_EEC2Ev
                0x08000558       0x1a ./Core/Src/main.o
                0x08000558                std::vector<std::vector<char*, std::allocator<char*> >, std::allocator<std::vector<char*, std::allocator<char*> > > >::vector()
                0x08000558                std::vector<std::vector<char*, std::allocator<char*> >, std::allocator<std::vector<char*, std::allocator<char*> > > >::vector()
 .text._ZNSt12_Vector_baseIPcSaIS0_EE12_Vector_implD2Ev
                0x08000572       0x18 ./Core/Src/main.o
                0x08000572                std::_Vector_base<char*, std::allocator<char*> >::_Vector_impl::~_Vector_impl()
                0x08000572                std::_Vector_base<char*, std::allocator<char*> >::_Vector_impl::~_Vector_impl()
 .text._ZNSt12_Vector_baseIPcSaIS0_EEC2Ev
                0x0800058a       0x1a ./Core/Src/main.o
                0x0800058a                std::_Vector_base<char*, std::allocator<char*> >::_Vector_base()
                0x0800058a                std::_Vector_base<char*, std::allocator<char*> >::_Vector_base()
 .text._ZNSt6vectorIPcSaIS0_EEC2Ev
                0x080005a4       0x1a ./Core/Src/main.o
                0x080005a4                std::vector<char*, std::allocator<char*> >::vector()
                0x080005a4                std::vector<char*, std::allocator<char*> >::vector()
 .text._ZNSt3mapIcPcSt4lessIcESaISt4pairIKcS0_EEED2Ev
                0x080005be       0x1a ./Core/Src/main.o
                0x080005be                std::map<char, char*, std::less<char>, std::allocator<std::pair<char const, char*> > >::~map()
                0x080005be                std::map<char, char*, std::less<char>, std::allocator<std::pair<char const, char*> > >::~map()
 .text._Z15TextToMorseCodePc
                0x080005d8      0x168 ./Core/Src/main.o
                0x080005d8                TextToMorseCode(char*)
 .text._Z11blinkLetterPc
                0x08000740       0x6c ./Core/Src/main.o
                0x08000740                blinkLetter(char*)
 .text._Z9blinkWordSt6vectorIPcSaIS0_EE
                0x080007ac       0x6a ./Core/Src/main.o
                0x080007ac                blinkWord(std::vector<char*, std::allocator<char*> >)
 .text._Z8blinkLEDSt6vectorIS_IPcSaIS0_EESaIS2_EE
                0x08000816       0x92 ./Core/Src/main.o
                0x08000816                blinkLED(std::vector<std::vector<char*, std::allocator<char*> >, std::allocator<std::vector<char*, std::allocator<char*> > > >)
 .text.main     0x080008a8       0x7c ./Core/Src/main.o
                0x080008a8                main
 .text._Z18SystemClock_Configv
                0x08000924       0xd4 ./Core/Src/main.o
                0x08000924                SystemClock_Config()
 .text._ZL12MX_GPIO_Initv
                0x080009f8       0xa4 ./Core/Src/main.o
 .text.Error_Handler
                0x08000a9c        0xc ./Core/Src/main.o
                0x08000a9c                Error_Handler
 .text._ZNSt12_Vector_baseISt6vectorIPcSaIS1_EESaIS3_EE12_Vector_implC2Ev
                0x08000aa8       0x20 ./Core/Src/main.o
                0x08000aa8                std::_Vector_base<std::vector<char*, std::allocator<char*> >, std::allocator<std::vector<char*, std::allocator<char*> > > >::_Vector_impl::_Vector_impl()
                0x08000aa8                std::_Vector_base<std::vector<char*, std::allocator<char*> >, std::allocator<std::vector<char*, std::allocator<char*> > > >::_Vector_impl::_Vector_impl()
 .text._ZNSaISt6vectorIPcSaIS0_EEED2Ev
                0x08000ac8       0x18 ./Core/Src/main.o
                0x08000ac8                std::allocator<std::vector<char*, std::allocator<char*> > >::~allocator()
                0x08000ac8                std::allocator<std::vector<char*, std::allocator<char*> > >::~allocator()
 .text._ZNSt12_Vector_baseISt6vectorIPcSaIS1_EESaIS3_EED2Ev
                0x08000ae0       0x3c ./Core/Src/main.o
                0x08000ae0                std::_Vector_base<std::vector<char*, std::allocator<char*> >, std::allocator<std::vector<char*, std::allocator<char*> > > >::~_Vector_base()
                0x08000ae0                std::_Vector_base<std::vector<char*, std::allocator<char*> >, std::allocator<std::vector<char*, std::allocator<char*> > > >::~_Vector_base()
 .text._ZNSt6vectorIS_IPcSaIS0_EESaIS2_EED2Ev
                0x08000b1c       0x36 ./Core/Src/main.o
                0x08000b1c                std::vector<std::vector<char*, std::allocator<char*> >, std::allocator<std::vector<char*, std::allocator<char*> > > >::~vector()
                0x08000b1c                std::vector<std::vector<char*, std::allocator<char*> >, std::allocator<std::vector<char*, std::allocator<char*> > > >::~vector()
 .text._ZNSt12_Vector_baseIPcSaIS0_EE12_Vector_implC2Ev
                0x08000b52       0x20 ./Core/Src/main.o
                0x08000b52                std::_Vector_base<char*, std::allocator<char*> >::_Vector_impl::_Vector_impl()
                0x08000b52                std::_Vector_base<char*, std::allocator<char*> >::_Vector_impl::_Vector_impl()
 .text._ZNSaIPcED2Ev
                0x08000b72       0x18 ./Core/Src/main.o
                0x08000b72                std::allocator<char*>::~allocator()
                0x08000b72                std::allocator<char*>::~allocator()
 .text._ZNSt12_Vector_baseIPcSaIS0_EED2Ev
                0x08000b8a       0x32 ./Core/Src/main.o
                0x08000b8a                std::_Vector_base<char*, std::allocator<char*> >::~_Vector_base()
                0x08000b8a                std::_Vector_base<char*, std::allocator<char*> >::~_Vector_base()
 .text._ZNSt6vectorIPcSaIS0_EED2Ev
                0x08000bbc       0x36 ./Core/Src/main.o
                0x08000bbc                std::vector<char*, std::allocator<char*> >::~vector()
                0x08000bbc                std::vector<char*, std::allocator<char*> >::~vector()
 .text._ZNSaISt4pairIKcPcEEC2Ev
                0x08000bf2       0x18 ./Core/Src/main.o
                0x08000bf2                std::allocator<std::pair<char const, char*> >::allocator()
                0x08000bf2                std::allocator<std::pair<char const, char*> >::allocator()
 .text._ZNSaISt4pairIKcPcEED2Ev
                0x08000c0a       0x18 ./Core/Src/main.o
                0x08000c0a                std::allocator<std::pair<char const, char*> >::~allocator()
                0x08000c0a                std::allocator<std::pair<char const, char*> >::~allocator()
 .text._ZNSt3mapIcPcSt4lessIcESaISt4pairIKcS0_EEEC2ESt16initializer_listIS5_ERKS2_RKS6_
                0x08000c22       0x60 ./Core/Src/main.o
                0x08000c22                std::map<char, char*, std::less<char>, std::allocator<std::pair<char const, char*> > >::map(std::initializer_list<std::pair<char const, char*> >, std::less<char> const&, std::allocator<std::pair<char const, char*> > const&)
                0x08000c22                std::map<char, char*, std::less<char>, std::allocator<std::pair<char const, char*> > >::map(std::initializer_list<std::pair<char const, char*> >, std::less<char> const&, std::allocator<std::pair<char const, char*> > const&)
 .text._ZNSt8_Rb_treeIcSt4pairIKcPcESt10_Select1stIS3_ESt4lessIcESaIS3_EE13_Rb_tree_implIS7_Lb1EED2Ev
                0x08000c82       0x18 ./Core/Src/main.o
                0x08000c82                std::_Rb_tree<char, std::pair<char const, char*>, std::_Select1st<std::pair<char const, char*> >, std::less<char>, std::allocator<std::pair<char const, char*> > >::_Rb_tree_impl<std::less<char>, true>::~_Rb_tree_impl()
                0x08000c82                std::_Rb_tree<char, std::pair<char const, char*>, std::_Select1st<std::pair<char const, char*> >, std::less<char>, std::allocator<std::pair<char const, char*> > >::_Rb_tree_impl<std::less<char>, true>::~_Rb_tree_impl()
 .text._ZNSt8_Rb_treeIcSt4pairIKcPcESt10_Select1stIS3_ESt4lessIcESaIS3_EED2Ev
                0x08000c9a       0x2a ./Core/Src/main.o
                0x08000c9a                std::_Rb_tree<char, std::pair<char const, char*>, std::_Select1st<std::pair<char const, char*> >, std::less<char>, std::allocator<std::pair<char const, char*> > >::~_Rb_tree()
                0x08000c9a                std::_Rb_tree<char, std::pair<char const, char*>, std::_Select1st<std::pair<char const, char*> >, std::less<char>, std::allocator<std::pair<char const, char*> > >::~_Rb_tree()
 .text._ZNSt3mapIcPcSt4lessIcESaISt4pairIKcS0_EEEixERS4_
                0x08000cc4       0xb8 ./Core/Src/main.o
                0x08000cc4                std::map<char, char*, std::less<char>, std::allocator<std::pair<char const, char*> > >::operator[](char const&)
 .text._ZNSt6vectorIPcSaIS0_EE9push_backERKS0_
                0x08000d7c       0x4a ./Core/Src/main.o
                0x08000d7c                std::vector<char*, std::allocator<char*> >::push_back(char* const&)
 .text._ZNSt6vectorIS_IPcSaIS0_EESaIS2_EE9push_backERKS2_
                0x08000dc6       0x4c ./Core/Src/main.o
                0x08000dc6                std::vector<std::vector<char*, std::allocator<char*> >, std::allocator<std::vector<char*, std::allocator<char*> > > >::push_back(std::vector<char*, std::allocator<char*> > const&)
 .text._ZNSt6vectorIPcSaIS0_EE5clearEv
                0x08000e12       0x1c ./Core/Src/main.o
                0x08000e12                std::vector<char*, std::allocator<char*> >::clear()
 .text._ZNSt6vectorIPcSaIS0_EE5beginEv
                0x08000e2e       0x20 ./Core/Src/main.o
                0x08000e2e                std::vector<char*, std::allocator<char*> >::begin()
 .text._ZNSt6vectorIPcSaIS0_EE3endEv
                0x08000e4e       0x22 ./Core/Src/main.o
                0x08000e4e                std::vector<char*, std::allocator<char*> >::end()
 .text._ZN9__gnu_cxxneIPPcSt6vectorIS1_SaIS1_EEEEbRKNS_17__normal_iteratorIT_T0_EESB_
                0x08000e70       0x30 ./Core/Src/main.o
                0x08000e70                bool __gnu_cxx::operator!=<char**, std::vector<char*, std::allocator<char*> > >(__gnu_cxx::__normal_iterator<char**, std::vector<char*, std::allocator<char*> > > const&, __gnu_cxx::__normal_iterator<char**, std::vector<char*, std::allocator<char*> > > const&)
 .text._ZN9__gnu_cxx17__normal_iteratorIPPcSt6vectorIS1_SaIS1_EEEppEv
                0x08000ea0       0x20 ./Core/Src/main.o
                0x08000ea0                __gnu_cxx::__normal_iterator<char**, std::vector<char*, std::allocator<char*> > >::operator++()
 .text._ZNK9__gnu_cxx17__normal_iteratorIPPcSt6vectorIS1_SaIS1_EEEdeEv
                0x08000ec0       0x18 ./Core/Src/main.o
                0x08000ec0                __gnu_cxx::__normal_iterator<char**, std::vector<char*, std::allocator<char*> > >::operator*() const
 .text._ZNSt6vectorIS_IPcSaIS0_EESaIS2_EE5beginEv
                0x08000ed8       0x20 ./Core/Src/main.o
                0x08000ed8                std::vector<std::vector<char*, std::allocator<char*> >, std::allocator<std::vector<char*, std::allocator<char*> > > >::begin()
 .text._ZNSt6vectorIS_IPcSaIS0_EESaIS2_EE3endEv
                0x08000ef8       0x22 ./Core/Src/main.o
                0x08000ef8                std::vector<std::vector<char*, std::allocator<char*> >, std::allocator<std::vector<char*, std::allocator<char*> > > >::end()
 .text._ZN9__gnu_cxxneIPSt6vectorIPcSaIS2_EES1_IS4_SaIS4_EEEEbRKNS_17__normal_iteratorIT_T0_EESD_
                0x08000f1a       0x30 ./Core/Src/main.o
                0x08000f1a                bool __gnu_cxx::operator!=<std::vector<char*, std::allocator<char*> >*, std::vector<std::vector<char*, std::allocator<char*> >, std::allocator<std::vector<char*, std::allocator<char*> > > > >(__gnu_cxx::__normal_iterator<std::vector<char*, std::allocator<char*> >*, std::vector<std::vector<char*, std::allocator<char*> >, std::allocator<std::vector<char*, std::allocator<char*> > > > > const&, __gnu_cxx::__normal_iterator<std::vector<char*, std::allocator<char*> >*, std::vector<std::vector<char*, std::allocator<char*> >, std::allocator<std::vector<char*, std::allocator<char*> > > > > const&)
 .text._ZN9__gnu_cxx17__normal_iteratorIPSt6vectorIPcSaIS2_EES1_IS4_SaIS4_EEEppEv
                0x08000f4a       0x22 ./Core/Src/main.o
                0x08000f4a                __gnu_cxx::__normal_iterator<std::vector<char*, std::allocator<char*> >*, std::vector<std::vector<char*, std::allocator<char*> >, std::allocator<std::vector<char*, std::allocator<char*> > > > >::operator++()
 .text._ZNK9__gnu_cxx17__normal_iteratorIPSt6vectorIPcSaIS2_EES1_IS4_SaIS4_EEEdeEv
                0x08000f6c       0x18 ./Core/Src/main.o
                0x08000f6c                __gnu_cxx::__normal_iterator<std::vector<char*, std::allocator<char*> >*, std::vector<std::vector<char*, std::allocator<char*> >, std::allocator<std::vector<char*, std::allocator<char*> > > > >::operator*() const
 .text._ZNSt6vectorIPcSaIS0_EEC2ERKS2_
                0x08000f84       0x7a ./Core/Src/main.o
                0x08000f84                std::vector<char*, std::allocator<char*> >::vector(std::vector<char*, std::allocator<char*> > const&)
                0x08000f84                std::vector<char*, std::allocator<char*> >::vector(std::vector<char*, std::allocator<char*> > const&)
 .text._ZNSt6vectorIS_IPcSaIS0_EESaIS2_EEC2ERKS4_
                0x08000ffe       0x7a ./Core/Src/main.o
                0x08000ffe                std::vector<std::vector<char*, std::allocator<char*> >, std::allocator<std::vector<char*, std::allocator<char*> > > >::vector(std::vector<std::vector<char*, std::allocator<char*> >, std::allocator<std::vector<char*, std::allocator<char*> > > > const&)
                0x08000ffe                std::vector<std::vector<char*, std::allocator<char*> >, std::allocator<std::vector<char*, std::allocator<char*> > > >::vector(std::vector<std::vector<char*, std::allocator<char*> >, std::allocator<std::vector<char*, std::allocator<char*> > > > const&)
 .text._ZNSaISt6vectorIPcSaIS0_EEEC2Ev
                0x08001078       0x18 ./Core/Src/main.o
                0x08001078                std::allocator<std::vector<char*, std::allocator<char*> > >::allocator()
                0x08001078                std::allocator<std::vector<char*, std::allocator<char*> > >::allocator()
 .text._ZNSt12_Vector_baseISt6vectorIPcSaIS1_EESaIS3_EE17_Vector_impl_dataC2Ev
                0x08001090       0x28 ./Core/Src/main.o
                0x08001090                std::_Vector_base<std::vector<char*, std::allocator<char*> >, std::allocator<std::vector<char*, std::allocator<char*> > > >::_Vector_impl_data::_Vector_impl_data()
                0x08001090                std::_Vector_base<std::vector<char*, std::allocator<char*> >, std::allocator<std::vector<char*, std::allocator<char*> > > >::_Vector_impl_data::_Vector_impl_data()
 .text._ZNSt15__new_allocatorISt6vectorIPcSaIS1_EEED2Ev
                0x080010b8       0x16 ./Core/Src/main.o
                0x080010b8                std::__new_allocator<std::vector<char*, std::allocator<char*> > >::~__new_allocator()
                0x080010b8                std::__new_allocator<std::vector<char*, std::allocator<char*> > >::~__new_allocator()
 .text._ZNSt12_Vector_baseISt6vectorIPcSaIS1_EESaIS3_EE13_M_deallocateEPS3_j
                0x080010ce       0x26 ./Core/Src/main.o
                0x080010ce                std::_Vector_base<std::vector<char*, std::allocator<char*> >, std::allocator<std::vector<char*, std::allocator<char*> > > >::_M_deallocate(std::vector<char*, std::allocator<char*> >*, unsigned int)
 .text._ZNSt12_Vector_baseISt6vectorIPcSaIS1_EESaIS3_EE19_M_get_Tp_allocatorEv
                0x080010f4       0x16 ./Core/Src/main.o
                0x080010f4                std::_Vector_base<std::vector<char*, std::allocator<char*> >, std::allocator<std::vector<char*, std::allocator<char*> > > >::_M_get_Tp_allocator()
 .text._ZSt8_DestroyIPSt6vectorIPcSaIS1_EES3_EvT_S5_RSaIT0_E
                0x0800110a       0x1c ./Core/Src/main.o
                0x0800110a                void std::_Destroy<std::vector<char*, std::allocator<char*> >*, std::vector<char*, std::allocator<char*> > >(std::vector<char*, std::allocator<char*> >*, std::vector<char*, std::allocator<char*> >*, std::allocator<std::vector<char*, std::allocator<char*> > >&)
 .text._ZNSaIPcEC2Ev
                0x08001126       0x18 ./Core/Src/main.o
                0x08001126                std::allocator<char*>::allocator()
                0x08001126                std::allocator<char*>::allocator()
 .text._ZNSt12_Vector_baseIPcSaIS0_EE17_Vector_impl_dataC2Ev
                0x0800113e       0x28 ./Core/Src/main.o
                0x0800113e                std::_Vector_base<char*, std::allocator<char*> >::_Vector_impl_data::_Vector_impl_data()
                0x0800113e                std::_Vector_base<char*, std::allocator<char*> >::_Vector_impl_data::_Vector_impl_data()
 .text._ZNSt15__new_allocatorIPcED2Ev
                0x08001166       0x16 ./Core/Src/main.o
                0x08001166                std::__new_allocator<char*>::~__new_allocator()
                0x08001166                std::__new_allocator<char*>::~__new_allocator()
 .text._ZNSt12_Vector_baseIPcSaIS0_EE13_M_deallocateEPS0_j
                0x0800117c       0x26 ./Core/Src/main.o
                0x0800117c                std::_Vector_base<char*, std::allocator<char*> >::_M_deallocate(char**, unsigned int)
 .text._ZNSt12_Vector_baseIPcSaIS0_EE19_M_get_Tp_allocatorEv
                0x080011a2       0x16 ./Core/Src/main.o
                0x080011a2                std::_Vector_base<char*, std::allocator<char*> >::_M_get_Tp_allocator()
 .text._ZSt8_DestroyIPPcS0_EvT_S2_RSaIT0_E
                0x080011b8       0x1c ./Core/Src/main.o
                0x080011b8                void std::_Destroy<char**, char*>(char**, char**, std::allocator<char*>&)
 .text._ZNSt15__new_allocatorISt4pairIKcPcEEC2Ev
                0x080011d4       0x16 ./Core/Src/main.o
                0x080011d4                std::__new_allocator<std::pair<char const, char*> >::__new_allocator()
                0x080011d4                std::__new_allocator<std::pair<char const, char*> >::__new_allocator()
 .text._ZNSt15__new_allocatorISt4pairIKcPcEED2Ev
                0x080011ea       0x16 ./Core/Src/main.o
                0x080011ea                std::__new_allocator<std::pair<char const, char*> >::~__new_allocator()
                0x080011ea                std::__new_allocator<std::pair<char const, char*> >::~__new_allocator()
 .text._ZNSaISt4pairIKcPcEEC2ERKS3_
                0x08001200       0x1c ./Core/Src/main.o
                0x08001200                std::allocator<std::pair<char const, char*> >::allocator(std::allocator<std::pair<char const, char*> > const&)
                0x08001200                std::allocator<std::pair<char const, char*> >::allocator(std::allocator<std::pair<char const, char*> > const&)
 .text._ZNSt8_Rb_treeIcSt4pairIKcPcESt10_Select1stIS3_ESt4lessIcESaIS3_EEC2ERKS7_RKS8_
                0x0800121c       0x3c ./Core/Src/main.o
                0x0800121c                std::_Rb_tree<char, std::pair<char const, char*>, std::_Select1st<std::pair<char const, char*> >, std::less<char>, std::allocator<std::pair<char const, char*> > >::_Rb_tree(std::less<char> const&, std::allocator<std::pair<char const, char*> > const&)
                0x0800121c                std::_Rb_tree<char, std::pair<char const, char*>, std::_Select1st<std::pair<char const, char*> >, std::less<char>, std::allocator<std::pair<char const, char*> > >::_Rb_tree(std::less<char> const&, std::allocator<std::pair<char const, char*> > const&)
 .text._ZNKSt16initializer_listISt4pairIKcPcEE5beginEv
                0x08001258       0x18 ./Core/Src/main.o
                0x08001258                std::initializer_list<std::pair<char const, char*> >::begin() const
 .text._ZNKSt16initializer_listISt4pairIKcPcEE3endEv
                0x08001270       0x24 ./Core/Src/main.o
                0x08001270                std::initializer_list<std::pair<char const, char*> >::end() const
 .text._ZNSt8_Rb_treeIcSt4pairIKcPcESt10_Select1stIS3_ESt4lessIcESaIS3_EE22_M_insert_range_uniqueIPKS3_EENSt9enable_ifIXsrSt7is_sameIS3_NSt15iterator_traitsIT_E10value_typeEE5valueEvE4typeESG_SG_
                0x08001294       0x5a ./Core/Src/main.o
                0x08001294                std::enable_if<std::is_same<std::pair<char const, char*>, std::iterator_traits<std::pair<char const, char*> const*>::value_type>::value, void>::type std::_Rb_tree<char, std::pair<char const, char*>, std::_Select1st<std::pair<char const, char*> >, std::less<char>, std::allocator<std::pair<char const, char*> > >::_M_insert_range_unique<std::pair<char const, char*> const*>(std::pair<char const, char*> const*, std::pair<char const, char*> const*)
 .text._ZNSaISt13_Rb_tree_nodeISt4pairIKcPcEEED2Ev
                0x080012ee       0x18 ./Core/Src/main.o
                0x080012ee                std::allocator<std::_Rb_tree_node<std::pair<char const, char*> > >::~allocator()
                0x080012ee                std::allocator<std::_Rb_tree_node<std::pair<char const, char*> > >::~allocator()
 .text._ZNSt8_Rb_treeIcSt4pairIKcPcESt10_Select1stIS3_ESt4lessIcESaIS3_EE8_M_eraseEPSt13_Rb_tree_nodeIS3_E
                0x08001306       0x40 ./Core/Src/main.o
                0x08001306                std::_Rb_tree<char, std::pair<char const, char*>, std::_Select1st<std::pair<char const, char*> >, std::less<char>, std::allocator<std::pair<char const, char*> > >::_M_erase(std::_Rb_tree_node<std::pair<char const, char*> >*)
 .text._ZNSt8_Rb_treeIcSt4pairIKcPcESt10_Select1stIS3_ESt4lessIcESaIS3_EE8_M_beginEv
                0x08001346       0x18 ./Core/Src/main.o
                0x08001346                std::_Rb_tree<char, std::pair<char const, char*>, std::_Select1st<std::pair<char const, char*> >, std::less<char>, std::allocator<std::pair<char const, char*> > >::_M_begin()
 .text._ZNSt3mapIcPcSt4lessIcESaISt4pairIKcS0_EEE11lower_boundERS4_
                0x0800135e       0x1e ./Core/Src/main.o
                0x0800135e                std::map<char, char*, std::less<char>, std::allocator<std::pair<char const, char*> > >::lower_bound(char const&)
 .text._ZNSt3mapIcPcSt4lessIcESaISt4pairIKcS0_EEE3endEv
                0x0800137c       0x1a ./Core/Src/main.o
                0x0800137c                std::map<char, char*, std::less<char>, std::allocator<std::pair<char const, char*> > >::end()
 .text._ZSteqRKSt17_Rb_tree_iteratorISt4pairIKcPcEES6_
                0x08001396       0x28 ./Core/Src/main.o
                0x08001396                std::operator==(std::_Rb_tree_iterator<std::pair<char const, char*> > const&, std::_Rb_tree_iterator<std::pair<char const, char*> > const&)
 .text._ZNKSt3mapIcPcSt4lessIcESaISt4pairIKcS0_EEE8key_compEv
                0x080013be       0x1a ./Core/Src/main.o
                0x080013be                std::map<char, char*, std::less<char>, std::allocator<std::pair<char const, char*> > >::key_comp() const
 .text._ZNKSt17_Rb_tree_iteratorISt4pairIKcPcEEdeEv
                0x080013d8       0x1c ./Core/Src/main.o
                0x080013d8                std::_Rb_tree_iterator<std::pair<char const, char*> >::operator*() const
 .text._ZNKSt4lessIcEclERKcS2_
                0x080013f4       0x2a ./Core/Src/main.o
                0x080013f4                std::less<char>::operator()(char const&, char const&) const
 .text._ZNSt5tupleIJRKcEEC2ILb1ELb1EEES1_
                0x0800141e       0x1e ./Core/Src/main.o
                0x0800141e                std::tuple<char const&>::tuple<true, true>(char const&)
                0x0800141e                std::tuple<char const&>::tuple<true, true>(char const&)
 .text._ZNSt23_Rb_tree_const_iteratorISt4pairIKcPcEEC2ERKSt17_Rb_tree_iteratorIS3_E
                0x0800143c       0x20 ./Core/Src/main.o
                0x0800143c                std::_Rb_tree_const_iterator<std::pair<char const, char*> >::_Rb_tree_const_iterator(std::_Rb_tree_iterator<std::pair<char const, char*> > const&)
                0x0800143c                std::_Rb_tree_const_iterator<std::pair<char const, char*> >::_Rb_tree_const_iterator(std::_Rb_tree_iterator<std::pair<char const, char*> > const&)
 .text._ZNSt8_Rb_treeIcSt4pairIKcPcESt10_Select1stIS3_ESt4lessIcESaIS3_EE22_M_emplace_hint_uniqueIJRKSt21piecewise_construct_tSt5tupleIJRS1_EESE_IJEEEEESt17_Rb_tree_iteratorIS3_ESt23_Rb_tree_const_iteratorIS3_EDpOT_
                0x0800145c       0x8c ./Core/Src/main.o
                0x0800145c                std::_Rb_tree_iterator<std::pair<char const, char*> > std::_Rb_tree<char, std::pair<char const, char*>, std::_Select1st<std::pair<char const, char*> >, std::less<char>, std::allocator<std::pair<char const, char*> > >::_M_emplace_hint_unique<std::piecewise_construct_t const&, std::tuple<char const&>, std::tuple<> >(std::_Rb_tree_const_iterator<std::pair<char const, char*> >, std::piecewise_construct_t const&, std::tuple<char const&>&&, std::tuple<>&&)
 .text._ZNSt16allocator_traitsISaIPcEE9constructIS0_JRKS0_EEEvRS1_PT_DpOT0_
                0x080014e8       0x26 ./Core/Src/main.o
                0x080014e8                void std::allocator_traits<std::allocator<char*> >::construct<char*, char* const&>(std::allocator<char*>&, char**, char* const&)
 .text._ZNSt6vectorIPcSaIS0_EE15_S_use_relocateEv
                0x0800150e       0x16 ./Core/Src/main.o
                0x0800150e                std::vector<char*, std::allocator<char*> >::_S_use_relocate()
 .text._ZNSt6vectorIPcSaIS0_EE19_S_nothrow_relocateESt17integral_constantIbLb1EE
                0x08001524       0x16 ./Core/Src/main.o
                0x08001524                std::vector<char*, std::allocator<char*> >::_S_nothrow_relocate(std::integral_constant<bool, true>)
 *fill*         0x0800153a        0x2 
 .text._ZNSt6vectorIPcSaIS0_EE17_M_realloc_insertIJRKS0_EEEvN9__gnu_cxx17__normal_iteratorIPS0_S2_EEDpOT_
                0x0800153c      0x178 ./Core/Src/main.o
                0x0800153c                void std::vector<char*, std::allocator<char*> >::_M_realloc_insert<char* const&>(__gnu_cxx::__normal_iterator<char**, std::vector<char*, std::allocator<char*> > >, char* const&)
 .text._ZNSt16allocator_traitsISaISt6vectorIPcSaIS1_EEEE9constructIS3_JRKS3_EEEvRS4_PT_DpOT0_
                0x080016b4       0x26 ./Core/Src/main.o
                0x080016b4                void std::allocator_traits<std::allocator<std::vector<char*, std::allocator<char*> > > >::construct<std::vector<char*, std::allocator<char*> >, std::vector<char*, std::allocator<char*> > const&>(std::allocator<std::vector<char*, std::allocator<char*> > >&, std::vector<char*, std::allocator<char*> >*, std::vector<char*, std::allocator<char*> > const&)
 .text._ZNSt6vectorIS_IPcSaIS0_EESaIS2_EE15_S_use_relocateEv
                0x080016da       0x16 ./Core/Src/main.o
                0x080016da                std::vector<std::vector<char*, std::allocator<char*> >, std::allocator<std::vector<char*, std::allocator<char*> > > >::_S_use_relocate()
 .text._ZNSt6vectorIS_IPcSaIS0_EESaIS2_EE19_S_nothrow_relocateESt17integral_constantIbLb1EE
                0x080016f0       0x16 ./Core/Src/main.o
                0x080016f0                std::vector<std::vector<char*, std::allocator<char*> >, std::allocator<std::vector<char*, std::allocator<char*> > > >::_S_nothrow_relocate(std::integral_constant<bool, true>)
 *fill*         0x08001706        0x2 
 .text._ZNSt6vectorIS_IPcSaIS0_EESaIS2_EE17_M_realloc_insertIJRKS2_EEEvN9__gnu_cxx17__normal_iteratorIPS2_S4_EEDpOT_
                0x08001708      0x190 ./Core/Src/main.o
                0x08001708                void std::vector<std::vector<char*, std::allocator<char*> >, std::allocator<std::vector<char*, std::allocator<char*> > > >::_M_realloc_insert<std::vector<char*, std::allocator<char*> > const&>(__gnu_cxx::__normal_iterator<std::vector<char*, std::allocator<char*> >*, std::vector<std::vector<char*, std::allocator<char*> >, std::allocator<std::vector<char*, std::allocator<char*> > > > >, std::vector<char*, std::allocator<char*> > const&)
 .text._ZNSt6vectorIPcSaIS0_EE15_M_erase_at_endEPS0_
                0x08001898       0x42 ./Core/Src/main.o
                0x08001898                std::vector<char*, std::allocator<char*> >::_M_erase_at_end(char**)
 .text._ZNSaISt6vectorIPcSaIS0_EEEC2ERKS3_
                0x080018da       0x1c ./Core/Src/main.o
                0x080018da                std::allocator<std::vector<char*, std::allocator<char*> > >::allocator(std::allocator<std::vector<char*, std::allocator<char*> > > const&)
                0x080018da                std::allocator<std::vector<char*, std::allocator<char*> > >::allocator(std::allocator<std::vector<char*, std::allocator<char*> > > const&)
 .text._ZN9__gnu_cxx17__normal_iteratorIPPcSt6vectorIS1_SaIS1_EEEC2ERKS2_
                0x080018f6       0x20 ./Core/Src/main.o
                0x080018f6                __gnu_cxx::__normal_iterator<char**, std::vector<char*, std::allocator<char*> > >::__normal_iterator(char** const&)
                0x080018f6                __gnu_cxx::__normal_iterator<char**, std::vector<char*, std::allocator<char*> > >::__normal_iterator(char** const&)
 .text._ZNK9__gnu_cxx17__normal_iteratorIPPcSt6vectorIS1_SaIS1_EEE4baseEv
                0x08001916       0x16 ./Core/Src/main.o
                0x08001916                __gnu_cxx::__normal_iterator<char**, std::vector<char*, std::allocator<char*> > >::base() const
 .text._ZN9__gnu_cxx17__normal_iteratorIPSt6vectorIPcSaIS2_EES1_IS4_SaIS4_EEEC2ERKS5_
                0x0800192c       0x20 ./Core/Src/main.o
                0x0800192c                __gnu_cxx::__normal_iterator<std::vector<char*, std::allocator<char*> >*, std::vector<std::vector<char*, std::allocator<char*> >, std::allocator<std::vector<char*, std::allocator<char*> > > > >::__normal_iterator(std::vector<char*, std::allocator<char*> >* const&)
                0x0800192c                __gnu_cxx::__normal_iterator<std::vector<char*, std::allocator<char*> >*, std::vector<std::vector<char*, std::allocator<char*> >, std::allocator<std::vector<char*, std::allocator<char*> > > > >::__normal_iterator(std::vector<char*, std::allocator<char*> >* const&)
 .text._ZNK9__gnu_cxx17__normal_iteratorIPSt6vectorIPcSaIS2_EES1_IS4_SaIS4_EEE4baseEv
                0x0800194c       0x16 ./Core/Src/main.o
                0x0800194c                __gnu_cxx::__normal_iterator<std::vector<char*, std::allocator<char*> >*, std::vector<std::vector<char*, std::allocator<char*> >, std::allocator<std::vector<char*, std::allocator<char*> > > > >::base() const
 .text._ZNKSt6vectorIPcSaIS0_EE4sizeEv
                0x08001962       0x20 ./Core/Src/main.o
                0x08001962                std::vector<char*, std::allocator<char*> >::size() const
 .text._ZNKSt12_Vector_baseIPcSaIS0_EE19_M_get_Tp_allocatorEv
                0x08001982       0x16 ./Core/Src/main.o
                0x08001982                std::_Vector_base<char*, std::allocator<char*> >::_M_get_Tp_allocator() const
 .text._ZN9__gnu_cxx14__alloc_traitsISaIPcES1_E17_S_select_on_copyERKS2_
                0x08001998       0x1c ./Core/Src/main.o
                0x08001998                __gnu_cxx::__alloc_traits<std::allocator<char*>, char*>::_S_select_on_copy(std::allocator<char*> const&)
 .text._ZNSt12_Vector_baseIPcSaIS0_EEC2EjRKS1_
                0x080019b4       0x28 ./Core/Src/main.o
                0x080019b4                std::_Vector_base<char*, std::allocator<char*> >::_Vector_base(unsigned int, std::allocator<char*> const&)
                0x080019b4                std::_Vector_base<char*, std::allocator<char*> >::_Vector_base(unsigned int, std::allocator<char*> const&)
 .text._ZNKSt6vectorIPcSaIS0_EE5beginEv
                0x080019dc       0x20 ./Core/Src/main.o
                0x080019dc                std::vector<char*, std::allocator<char*> >::begin() const
 .text._ZNKSt6vectorIPcSaIS0_EE3endEv
                0x080019fc       0x22 ./Core/Src/main.o
                0x080019fc                std::vector<char*, std::allocator<char*> >::end() const
 .text._ZSt22__uninitialized_copy_aIN9__gnu_cxx17__normal_iteratorIPKPcSt6vectorIS2_SaIS2_EEEEPS2_S2_ET0_T_SB_SA_RSaIT1_E
                0x08001a1e       0x22 ./Core/Src/main.o
                0x08001a1e                char** std::__uninitialized_copy_a<__gnu_cxx::__normal_iterator<char* const*, std::vector<char*, std::allocator<char*> > >, char**, char*>(__gnu_cxx::__normal_iterator<char* const*, std::vector<char*, std::allocator<char*> > >, __gnu_cxx::__normal_iterator<char* const*, std::vector<char*, std::allocator<char*> > >, char**, std::allocator<char*>&)
 .text._ZNKSt6vectorIS_IPcSaIS0_EESaIS2_EE4sizeEv
                0x08001a40       0x2c ./Core/Src/main.o
                0x08001a40                std::vector<std::vector<char*, std::allocator<char*> >, std::allocator<std::vector<char*, std::allocator<char*> > > >::size() const
 .text._ZNKSt12_Vector_baseISt6vectorIPcSaIS1_EESaIS3_EE19_M_get_Tp_allocatorEv
                0x08001a6c       0x16 ./Core/Src/main.o
                0x08001a6c                std::_Vector_base<std::vector<char*, std::allocator<char*> >, std::allocator<std::vector<char*, std::allocator<char*> > > >::_M_get_Tp_allocator() const
 .text._ZN9__gnu_cxx14__alloc_traitsISaISt6vectorIPcSaIS2_EEES4_E17_S_select_on_copyERKS5_
                0x08001a82       0x1c ./Core/Src/main.o
                0x08001a82                __gnu_cxx::__alloc_traits<std::allocator<std::vector<char*, std::allocator<char*> > >, std::vector<char*, std::allocator<char*> > >::_S_select_on_copy(std::allocator<std::vector<char*, std::allocator<char*> > > const&)
 .text._ZNSt12_Vector_baseISt6vectorIPcSaIS1_EESaIS3_EEC2EjRKS4_
                0x08001a9e       0x28 ./Core/Src/main.o
                0x08001a9e                std::_Vector_base<std::vector<char*, std::allocator<char*> >, std::allocator<std::vector<char*, std::allocator<char*> > > >::_Vector_base(unsigned int, std::allocator<std::vector<char*, std::allocator<char*> > > const&)
                0x08001a9e                std::_Vector_base<std::vector<char*, std::allocator<char*> >, std::allocator<std::vector<char*, std::allocator<char*> > > >::_Vector_base(unsigned int, std::allocator<std::vector<char*, std::allocator<char*> > > const&)
 .text._ZNKSt6vectorIS_IPcSaIS0_EESaIS2_EE5beginEv
                0x08001ac6       0x20 ./Core/Src/main.o
                0x08001ac6                std::vector<std::vector<char*, std::allocator<char*> >, std::allocator<std::vector<char*, std::allocator<char*> > > >::begin() const
 .text._ZNKSt6vectorIS_IPcSaIS0_EESaIS2_EE3endEv
                0x08001ae6       0x22 ./Core/Src/main.o
                0x08001ae6                std::vector<std::vector<char*, std::allocator<char*> >, std::allocator<std::vector<char*, std::allocator<char*> > > >::end() const
 .text._ZSt22__uninitialized_copy_aIN9__gnu_cxx17__normal_iteratorIPKSt6vectorIPcSaIS3_EES2_IS5_SaIS5_EEEEPS5_S5_ET0_T_SD_SC_RSaIT1_E
                0x08001b08       0x22 ./Core/Src/main.o
                0x08001b08                std::vector<char*, std::allocator<char*> >* std::__uninitialized_copy_a<__gnu_cxx::__normal_iterator<std::vector<char*, std::allocator<char*> > const*, std::vector<std::vector<char*, std::allocator<char*> >, std::allocator<std::vector<char*, std::allocator<char*> > > > >, std::vector<char*, std::allocator<char*> >*, std::vector<char*, std::allocator<char*> > >(__gnu_cxx::__normal_iterator<std::vector<char*, std::allocator<char*> > const*, std::vector<std::vector<char*, std::allocator<char*> >, std::allocator<std::vector<char*, std::allocator<char*> > > > >, __gnu_cxx::__normal_iterator<std::vector<char*, std::allocator<char*> > const*, std::vector<std::vector<char*, std::allocator<char*> >, std::allocator<std::vector<char*, std::allocator<char*> > > > >, std::vector<char*, std::allocator<char*> >*, std::allocator<std::vector<char*, std::allocator<char*> > >&)
 .text._ZNSt15__new_allocatorISt6vectorIPcSaIS1_EEEC2Ev
                0x08001b2a       0x16 ./Core/Src/main.o
                0x08001b2a                std::__new_allocator<std::vector<char*, std::allocator<char*> > >::__new_allocator()
                0x08001b2a                std::__new_allocator<std::vector<char*, std::allocator<char*> > >::__new_allocator()
 .text._ZNSt16allocator_traitsISaISt6vectorIPcSaIS1_EEEE10deallocateERS4_PS3_j
                0x08001b40       0x1e ./Core/Src/main.o
                0x08001b40                std::allocator_traits<std::allocator<std::vector<char*, std::allocator<char*> > > >::deallocate(std::allocator<std::vector<char*, std::allocator<char*> > >&, std::vector<char*, std::allocator<char*> >*, unsigned int)
 .text._ZSt8_DestroyIPSt6vectorIPcSaIS1_EEEvT_S5_
                0x08001b5e       0x1a ./Core/Src/main.o
                0x08001b5e                void std::_Destroy<std::vector<char*, std::allocator<char*> >*>(std::vector<char*, std::allocator<char*> >*, std::vector<char*, std::allocator<char*> >*)
 .text._ZNSt15__new_allocatorIPcEC2Ev
                0x08001b78       0x16 ./Core/Src/main.o
                0x08001b78                std::__new_allocator<char*>::__new_allocator()
                0x08001b78                std::__new_allocator<char*>::__new_allocator()
 .text._ZNSt16allocator_traitsISaIPcEE10deallocateERS1_PS0_j
                0x08001b8e       0x1e ./Core/Src/main.o
                0x08001b8e                std::allocator_traits<std::allocator<char*> >::deallocate(std::allocator<char*>&, char**, unsigned int)
 .text._ZSt8_DestroyIPPcEvT_S2_
                0x08001bac       0x1a ./Core/Src/main.o
                0x08001bac                void std::_Destroy<char**>(char**, char**)
 .text._ZNSt15__new_allocatorISt4pairIKcPcEEC2ERKS4_
                0x08001bc6       0x18 ./Core/Src/main.o
                0x08001bc6                std::__new_allocator<std::pair<char const, char*> >::__new_allocator(std::__new_allocator<std::pair<char const, char*> > const&)
                0x08001bc6                std::__new_allocator<std::pair<char const, char*> >::__new_allocator(std::__new_allocator<std::pair<char const, char*> > const&)
 .text._ZNSaISt13_Rb_tree_nodeISt4pairIKcPcEEEC2IS3_EERKSaIT_E
                0x08001bde       0x1a ./Core/Src/main.o
                0x08001bde                std::allocator<std::_Rb_tree_node<std::pair<char const, char*> > >::allocator<std::pair<char const, char*> >(std::allocator<std::pair<char const, char*> > const&)
                0x08001bde                std::allocator<std::_Rb_tree_node<std::pair<char const, char*> > >::allocator<std::pair<char const, char*> >(std::allocator<std::pair<char const, char*> > const&)
 .text._ZNSt8_Rb_treeIcSt4pairIKcPcESt10_Select1stIS3_ESt4lessIcESaIS3_EE13_Rb_tree_implIS7_Lb1EEC2ERKS7_OSaISt13_Rb_tree_nodeIS3_EE
                0x08001bf8       0x3a ./Core/Src/main.o
                0x08001bf8                std::_Rb_tree<char, std::pair<char const, char*>, std::_Select1st<std::pair<char const, char*> >, std::less<char>, std::allocator<std::pair<char const, char*> > >::_Rb_tree_impl<std::less<char>, true>::_Rb_tree_impl(std::less<char> const&, std::allocator<std::_Rb_tree_node<std::pair<char const, char*> > >&&)
                0x08001bf8                std::_Rb_tree<char, std::pair<char const, char*>, std::_Select1st<std::pair<char const, char*> >, std::less<char>, std::allocator<std::pair<char const, char*> > >::_Rb_tree_impl<std::less<char>, true>::_Rb_tree_impl(std::less<char> const&, std::allocator<std::_Rb_tree_node<std::pair<char const, char*> > >&&)
 .text._ZNKSt16initializer_listISt4pairIKcPcEE4sizeEv
                0x08001c32       0x18 ./Core/Src/main.o
                0x08001c32                std::initializer_list<std::pair<char const, char*> >::size() const
 .text._ZNSt8_Rb_treeIcSt4pairIKcPcESt10_Select1stIS3_ESt4lessIcESaIS3_EE11_Alloc_nodeC2ERS9_
                0x08001c4a       0x1e ./Core/Src/main.o
                0x08001c4a                std::_Rb_tree<char, std::pair<char const, char*>, std::_Select1st<std::pair<char const, char*> >, std::less<char>, std::allocator<std::pair<char const, char*> > >::_Alloc_node::_Alloc_node(std::_Rb_tree<char, std::pair<char const, char*>, std::_Select1st<std::pair<char const, char*> >, std::less<char>, std::allocator<std::pair<char const, char*> > >&)
                0x08001c4a                std::_Rb_tree<char, std::pair<char const, char*>, std::_Select1st<std::pair<char const, char*> >, std::less<char>, std::allocator<std::pair<char const, char*> > >::_Alloc_node::_Alloc_node(std::_Rb_tree<char, std::pair<char const, char*>, std::_Select1st<std::pair<char const, char*> >, std::less<char>, std::allocator<std::pair<char const, char*> > >&)
 .text._ZNSt8_Rb_treeIcSt4pairIKcPcESt10_Select1stIS3_ESt4lessIcESaIS3_EE3endEv
                0x08001c68       0x22 ./Core/Src/main.o
                0x08001c68                std::_Rb_tree<char, std::pair<char const, char*>, std::_Select1st<std::pair<char const, char*> >, std::less<char>, std::allocator<std::pair<char const, char*> > >::end()
 .text._ZNSt8_Rb_treeIcSt4pairIKcPcESt10_Select1stIS3_ESt4lessIcESaIS3_EE17_M_insert_unique_IRKS3_NS9_11_Alloc_nodeEEESt17_Rb_tree_iteratorIS3_ESt23_Rb_tree_const_iteratorIS3_EOT_RT0_
                0x08001c8a       0x66 ./Core/Src/main.o
                0x08001c8a                std::_Rb_tree_iterator<std::pair<char const, char*> > std::_Rb_tree<char, std::pair<char const, char*>, std::_Select1st<std::pair<char const, char*> >, std::less<char>, std::allocator<std::pair<char const, char*> > >::_M_insert_unique_<std::pair<char const, char*> const&, std::_Rb_tree<char, std::pair<char const, char*>, std::_Select1st<std::pair<char const, char*> >, std::less<char>, std::allocator<std::pair<char const, char*> > >::_Alloc_node>(std::_Rb_tree_const_iterator<std::pair<char const, char*> >, std::pair<char const, char*> const&, std::_Rb_tree<char, std::pair<char const, char*>, std::_Select1st<std::pair<char const, char*> >, std::less<char>, std::allocator<std::pair<char const, char*> > >::_Alloc_node&)
 .text._ZNSt15__new_allocatorISt13_Rb_tree_nodeISt4pairIKcPcEEED2Ev
                0x08001cf0       0x16 ./Core/Src/main.o
                0x08001cf0                std::__new_allocator<std::_Rb_tree_node<std::pair<char const, char*> > >::~__new_allocator()
                0x08001cf0                std::__new_allocator<std::_Rb_tree_node<std::pair<char const, char*> > >::~__new_allocator()
 .text._ZNSt8_Rb_treeIcSt4pairIKcPcESt10_Select1stIS3_ESt4lessIcESaIS3_EE8_S_rightEPSt18_Rb_tree_node_base
                0x08001d06       0x18 ./Core/Src/main.o
                0x08001d06                std::_Rb_tree<char, std::pair<char const, char*>, std::_Select1st<std::pair<char const, char*> >, std::less<char>, std::allocator<std::pair<char const, char*> > >::_S_right(std::_Rb_tree_node_base*)
 .text._ZNSt8_Rb_treeIcSt4pairIKcPcESt10_Select1stIS3_ESt4lessIcESaIS3_EE7_S_leftEPSt18_Rb_tree_node_base
                0x08001d1e       0x18 ./Core/Src/main.o
                0x08001d1e                std::_Rb_tree<char, std::pair<char const, char*>, std::_Select1st<std::pair<char const, char*> >, std::less<char>, std::allocator<std::pair<char const, char*> > >::_S_left(std::_Rb_tree_node_base*)
 .text._ZNSt8_Rb_treeIcSt4pairIKcPcESt10_Select1stIS3_ESt4lessIcESaIS3_EE12_M_drop_nodeEPSt13_Rb_tree_nodeIS3_E
                0x08001d36       0x22 ./Core/Src/main.o
                0x08001d36                std::_Rb_tree<char, std::pair<char const, char*>, std::_Select1st<std::pair<char const, char*> >, std::less<char>, std::allocator<std::pair<char const, char*> > >::_M_drop_node(std::_Rb_tree_node<std::pair<char const, char*> >*)
 .text._ZNKSt8_Rb_treeIcSt4pairIKcPcESt10_Select1stIS3_ESt4lessIcESaIS3_EE9_M_mbeginEv
                0x08001d58       0x18 ./Core/Src/main.o
                0x08001d58                std::_Rb_tree<char, std::pair<char const, char*>, std::_Select1st<std::pair<char const, char*> >, std::less<char>, std::allocator<std::pair<char const, char*> > >::_M_mbegin() const
 .text._ZNSt8_Rb_treeIcSt4pairIKcPcESt10_Select1stIS3_ESt4lessIcESaIS3_EE11lower_boundERS1_
                0x08001d70       0x2e ./Core/Src/main.o
                0x08001d70                std::_Rb_tree<char, std::pair<char const, char*>, std::_Select1st<std::pair<char const, char*> >, std::less<char>, std::allocator<std::pair<char const, char*> > >::lower_bound(char const&)
 .text._ZNKSt8_Rb_treeIcSt4pairIKcPcESt10_Select1stIS3_ESt4lessIcESaIS3_EE8key_compEv
                0x08001d9e       0x16 ./Core/Src/main.o
                0x08001d9e                std::_Rb_tree<char, std::pair<char const, char*>, std::_Select1st<std::pair<char const, char*> >, std::less<char>, std::allocator<std::pair<char const, char*> > >::key_comp() const
 .text._ZNSt13_Rb_tree_nodeISt4pairIKcPcEE9_M_valptrEv
                0x08001db4       0x1c ./Core/Src/main.o
                0x08001db4                std::_Rb_tree_node<std::pair<char const, char*> >::_M_valptr()
 .text._ZNSt11_Tuple_implILj0EJRKcEEC2ES1_
                0x08001dd0       0x1e ./Core/Src/main.o
                0x08001dd0                std::_Tuple_impl<0u, char const&>::_Tuple_impl(char const&)
                0x08001dd0                std::_Tuple_impl<0u, char const&>::_Tuple_impl(char const&)
 .text._ZSt7forwardIRKSt21piecewise_construct_tEOT_RNSt16remove_referenceIS3_E4typeE
                0x08001dee       0x16 ./Core/Src/main.o
                0x08001dee                std::piecewise_construct_t const& std::forward<std::piecewise_construct_t const&>(std::remove_reference<std::piecewise_construct_t const&>::type&)
 .text._ZSt7forwardISt5tupleIJRKcEEEOT_RNSt16remove_referenceIS4_E4typeE
                0x08001e04       0x16 ./Core/Src/main.o
                0x08001e04                std::tuple<char const&>&& std::forward<std::tuple<char const&> >(std::remove_reference<std::tuple<char const&> >::type&)
 .text._ZSt7forwardISt5tupleIJEEEOT_RNSt16remove_referenceIS2_E4typeE
                0x08001e1a       0x16 ./Core/Src/main.o
                0x08001e1a                std::tuple<>&& std::forward<std::tuple<> >(std::remove_reference<std::tuple<> >::type&)
 .text._ZNSt8_Rb_treeIcSt4pairIKcPcESt10_Select1stIS3_ESt4lessIcESaIS3_EE10_Auto_nodeC2IJRKSt21piecewise_construct_tSt5tupleIJRS1_EESF_IJEEEEERS9_DpOT_
                0x08001e30       0x46 ./Core/Src/main.o
                0x08001e30                std::_Rb_tree<char, std::pair<char const, char*>, std::_Select1st<std::pair<char const, char*> >, std::less<char>, std::allocator<std::pair<char const, char*> > >::_Auto_node::_Auto_node<std::piecewise_construct_t const&, std::tuple<char const&>, std::tuple<> >(std::_Rb_tree<char, std::pair<char const, char*>, std::_Select1st<std::pair<char const, char*> >, std::less<char>, std::allocator<std::pair<char const, char*> > >&, std::piecewise_construct_t const&, std::tuple<char const&>&&, std::tuple<>&&)
                0x08001e30                std::_Rb_tree<char, std::pair<char const, char*>, std::_Select1st<std::pair<char const, char*> >, std::less<char>, std::allocator<std::pair<char const, char*> > >::_Auto_node::_Auto_node<std::piecewise_construct_t const&, std::tuple<char const&>, std::tuple<> >(std::_Rb_tree<char, std::pair<char const, char*>, std::_Select1st<std::pair<char const, char*> >, std::less<char>, std::allocator<std::pair<char const, char*> > >&, std::piecewise_construct_t const&, std::tuple<char const&>&&, std::tuple<>&&)
 .text._ZNSt8_Rb_treeIcSt4pairIKcPcESt10_Select1stIS3_ESt4lessIcESaIS3_EE10_Auto_nodeD2Ev
                0x08001e76       0x2a ./Core/Src/main.o
                0x08001e76                std::_Rb_tree<char, std::pair<char const, char*>, std::_Select1st<std::pair<char const, char*> >, std::less<char>, std::allocator<std::pair<char const, char*> > >::_Auto_node::~_Auto_node()
                0x08001e76                std::_Rb_tree<char, std::pair<char const, char*>, std::_Select1st<std::pair<char const, char*> >, std::less<char>, std::allocator<std::pair<char const, char*> > >::_Auto_node::~_Auto_node()
 .text._ZNSt8_Rb_treeIcSt4pairIKcPcESt10_Select1stIS3_ESt4lessIcESaIS3_EE29_M_get_insert_hint_unique_posESt23_Rb_tree_const_iteratorIS3_ERS1_
                0x08001ea0      0x246 ./Core/Src/main.o
                0x08001ea0                std::_Rb_tree<char, std::pair<char const, char*>, std::_Select1st<std::pair<char const, char*> >, std::less<char>, std::allocator<std::pair<char const, char*> > >::_M_get_insert_hint_unique_pos(std::_Rb_tree_const_iterator<std::pair<char const, char*> >, char const&)
 .text._ZNKSt8_Rb_treeIcSt4pairIKcPcESt10_Select1stIS3_ESt4lessIcESaIS3_EE10_Auto_node6_M_keyEv
                0x080020e6       0x1c ./Core/Src/main.o
                0x080020e6                std::_Rb_tree<char, std::pair<char const, char*>, std::_Select1st<std::pair<char const, char*> >, std::less<char>, std::allocator<std::pair<char const, char*> > >::_Auto_node::_M_key() const
 .text._ZNSt8_Rb_treeIcSt4pairIKcPcESt10_Select1stIS3_ESt4lessIcESaIS3_EE10_Auto_node9_M_insertES0_IPSt18_Rb_tree_node_baseSC_E
                0x08002102       0x32 ./Core/Src/main.o
                0x08002102                std::_Rb_tree<char, std::pair<char const, char*>, std::_Select1st<std::pair<char const, char*> >, std::less<char>, std::allocator<std::pair<char const, char*> > >::_Auto_node::_M_insert(std::pair<std::_Rb_tree_node_base*, std::_Rb_tree_node_base*>)
 .text._ZNSt17_Rb_tree_iteratorISt4pairIKcPcEEC2EPSt18_Rb_tree_node_base
                0x08002134       0x1e ./Core/Src/main.o
                0x08002134                std::_Rb_tree_iterator<std::pair<char const, char*> >::_Rb_tree_iterator(std::_Rb_tree_node_base*)
                0x08002134                std::_Rb_tree_iterator<std::pair<char const, char*> >::_Rb_tree_iterator(std::_Rb_tree_node_base*)
 .text._ZSt7forwardIRKPcEOT_RNSt16remove_referenceIS3_E4typeE
                0x08002152       0x16 ./Core/Src/main.o
                0x08002152                char* const& std::forward<char* const&>(std::remove_reference<char* const&>::type&)
 .text._ZNSt15__new_allocatorIPcE9constructIS0_JRKS0_EEEvPT_DpOT0_
                0x08002168       0x2c ./Core/Src/main.o
                0x08002168                void std::__new_allocator<char*>::construct<char*, char* const&>(char**, char* const&)
 .text._ZNKSt6vectorIPcSaIS0_EE12_M_check_lenEjPKc
                0x08002194       0x8e ./Core/Src/main.o
                0x08002194                std::vector<char*, std::allocator<char*> >::_M_check_len(unsigned int, char const*) const
 .text._ZN9__gnu_cxxmiIPPcSt6vectorIS1_SaIS1_EEEENS_17__normal_iteratorIT_T0_E15difference_typeERKS9_SC_
                0x08002222       0x2a ./Core/Src/main.o
                0x08002222                __gnu_cxx::__normal_iterator<char**, std::vector<char*, std::allocator<char*> > >::difference_type __gnu_cxx::operator-<char**, std::vector<char*, std::allocator<char*> > >(__gnu_cxx::__normal_iterator<char**, std::vector<char*, std::allocator<char*> > > const&, __gnu_cxx::__normal_iterator<char**, std::vector<char*, std::allocator<char*> > > const&)
 .text._ZNSt12_Vector_baseIPcSaIS0_EE11_M_allocateEj
                0x0800224c       0x28 ./Core/Src/main.o
                0x0800224c                std::_Vector_base<char*, std::allocator<char*> >::_M_allocate(unsigned int)
 .text._ZNSt6vectorIPcSaIS0_EE11_S_relocateEPS0_S3_S3_RS1_
                0x08002274       0x28 ./Core/Src/main.o
                0x08002274                std::vector<char*, std::allocator<char*> >::_S_relocate(char**, char**, char**, std::allocator<char*>&)
 .text._ZSt34__uninitialized_move_if_noexcept_aIPPcS1_SaIS0_EET0_T_S4_S3_RT1_
                0x0800229c       0x32 ./Core/Src/main.o
                0x0800229c                char** std::__uninitialized_move_if_noexcept_a<char**, char**, std::allocator<char*> >(char**, char**, char**, std::allocator<char*>&)
 .text._ZSt7forwardIRKSt6vectorIPcSaIS1_EEEOT_RNSt16remove_referenceIS6_E4typeE
                0x080022ce       0x16 ./Core/Src/main.o
                0x080022ce                std::vector<char*, std::allocator<char*> > const& std::forward<std::vector<char*, std::allocator<char*> > const&>(std::remove_reference<std::vector<char*, std::allocator<char*> > const&>::type&)
 .text._ZNSt15__new_allocatorISt6vectorIPcSaIS1_EEE9constructIS3_JRKS3_EEEvPT_DpOT0_
                0x080022e4       0x30 ./Core/Src/main.o
                0x080022e4                void std::__new_allocator<std::vector<char*, std::allocator<char*> > >::construct<std::vector<char*, std::allocator<char*> >, std::vector<char*, std::allocator<char*> > const&>(std::vector<char*, std::allocator<char*> >*, std::vector<char*, std::allocator<char*> > const&)
 .text._ZNKSt6vectorIS_IPcSaIS0_EESaIS2_EE12_M_check_lenEjPKc
                0x08002314       0x8e ./Core/Src/main.o
                0x08002314                std::vector<std::vector<char*, std::allocator<char*> >, std::allocator<std::vector<char*, std::allocator<char*> > > >::_M_check_len(unsigned int, char const*) const
 *fill*         0x080023a2        0x2 
 .text._ZN9__gnu_cxxmiIPSt6vectorIPcSaIS2_EES1_IS4_SaIS4_EEEENS_17__normal_iteratorIT_T0_E15difference_typeERKSB_SE_
                0x080023a4       0x34 ./Core/Src/main.o
                0x080023a4                __gnu_cxx::__normal_iterator<std::vector<char*, std::allocator<char*> >*, std::vector<std::vector<char*, std::allocator<char*> >, std::allocator<std::vector<char*, std::allocator<char*> > > > >::difference_type __gnu_cxx::operator-<std::vector<char*, std::allocator<char*> >*, std::vector<std::vector<char*, std::allocator<char*> >, std::allocator<std::vector<char*, std::allocator<char*> > > > >(__gnu_cxx::__normal_iterator<std::vector<char*, std::allocator<char*> >*, std::vector<std::vector<char*, std::allocator<char*> >, std::allocator<std::vector<char*, std::allocator<char*> > > > > const&, __gnu_cxx::__normal_iterator<std::vector<char*, std::allocator<char*> >*, std::vector<std::vector<char*, std::allocator<char*> >, std::allocator<std::vector<char*, std::allocator<char*> > > > > const&)
 .text._ZNSt12_Vector_baseISt6vectorIPcSaIS1_EESaIS3_EE11_M_allocateEj
                0x080023d8       0x28 ./Core/Src/main.o
                0x080023d8                std::_Vector_base<std::vector<char*, std::allocator<char*> >, std::allocator<std::vector<char*, std::allocator<char*> > > >::_M_allocate(unsigned int)
 .text._ZNSt6vectorIS_IPcSaIS0_EESaIS2_EE11_S_relocateEPS2_S5_S5_RS3_
                0x08002400       0x28 ./Core/Src/main.o
                0x08002400                std::vector<std::vector<char*, std::allocator<char*> >, std::allocator<std::vector<char*, std::allocator<char*> > > >::_S_relocate(std::vector<char*, std::allocator<char*> >*, std::vector<char*, std::allocator<char*> >*, std::vector<char*, std::allocator<char*> >*, std::allocator<std::vector<char*, std::allocator<char*> > >&)
 .text._ZSt34__uninitialized_move_if_noexcept_aIPSt6vectorIPcSaIS1_EES4_SaIS3_EET0_T_S7_S6_RT1_
                0x08002428       0x32 ./Core/Src/main.o
                0x08002428                std::vector<char*, std::allocator<char*> >* std::__uninitialized_move_if_noexcept_a<std::vector<char*, std::allocator<char*> >*, std::vector<char*, std::allocator<char*> >*, std::allocator<std::vector<char*, std::allocator<char*> > > >(std::vector<char*, std::allocator<char*> >*, std::vector<char*, std::allocator<char*> >*, std::vector<char*, std::allocator<char*> >*, std::allocator<std::vector<char*, std::allocator<char*> > >&)
 .text._ZNSt16allocator_traitsISaISt6vectorIPcSaIS1_EEEE7destroyIS3_EEvRS4_PT_
                0x0800245a       0x1a ./Core/Src/main.o
                0x0800245a                void std::allocator_traits<std::allocator<std::vector<char*, std::allocator<char*> > > >::destroy<std::vector<char*, std::allocator<char*> > >(std::allocator<std::vector<char*, std::allocator<char*> > >&, std::vector<char*, std::allocator<char*> >*)
 .text._ZNSt15__new_allocatorISt6vectorIPcSaIS1_EEEC2ERKS4_
                0x08002474       0x18 ./Core/Src/main.o
                0x08002474                std::__new_allocator<std::vector<char*, std::allocator<char*> > >::__new_allocator(std::__new_allocator<std::vector<char*, std::allocator<char*> > > const&)
                0x08002474                std::__new_allocator<std::vector<char*, std::allocator<char*> > >::__new_allocator(std::__new_allocator<std::vector<char*, std::allocator<char*> > > const&)
 .text._ZNSt16allocator_traitsISaIPcEE37select_on_container_copy_constructionERKS1_
                0x0800248c       0x1a ./Core/Src/main.o
                0x0800248c                std::allocator_traits<std::allocator<char*> >::select_on_container_copy_construction(std::allocator<char*> const&)
 .text._ZNSaIPcEC2ERKS0_
                0x080024a6       0x1c ./Core/Src/main.o
                0x080024a6                std::allocator<char*>::allocator(std::allocator<char*> const&)
                0x080024a6                std::allocator<char*>::allocator(std::allocator<char*> const&)
 .text._ZNSt12_Vector_baseIPcSaIS0_EE12_Vector_implC2ERKS1_
                0x080024c2       0x24 ./Core/Src/main.o
                0x080024c2                std::_Vector_base<char*, std::allocator<char*> >::_Vector_impl::_Vector_impl(std::allocator<char*> const&)
                0x080024c2                std::_Vector_base<char*, std::allocator<char*> >::_Vector_impl::_Vector_impl(std::allocator<char*> const&)
 .text._ZNSt12_Vector_baseIPcSaIS0_EE17_M_create_storageEj
                0x080024e6       0x36 ./Core/Src/main.o
                0x080024e6                std::_Vector_base<char*, std::allocator<char*> >::_M_create_storage(unsigned int)
 .text._ZN9__gnu_cxx17__normal_iteratorIPKPcSt6vectorIS1_SaIS1_EEEC2ERKS3_
                0x0800251c       0x20 ./Core/Src/main.o
                0x0800251c                __gnu_cxx::__normal_iterator<char* const*, std::vector<char*, std::allocator<char*> > >::__normal_iterator(char* const* const&)
                0x0800251c                __gnu_cxx::__normal_iterator<char* const*, std::vector<char*, std::allocator<char*> > >::__normal_iterator(char* const* const&)
 .text._ZSt18uninitialized_copyIN9__gnu_cxx17__normal_iteratorIPKPcSt6vectorIS2_SaIS2_EEEEPS2_ET0_T_SB_SA_
                0x0800253c       0x28 ./Core/Src/main.o
                0x0800253c                char** std::uninitialized_copy<__gnu_cxx::__normal_iterator<char* const*, std::vector<char*, std::allocator<char*> > >, char**>(__gnu_cxx::__normal_iterator<char* const*, std::vector<char*, std::allocator<char*> > >, __gnu_cxx::__normal_iterator<char* const*, std::vector<char*, std::allocator<char*> > >, char**)
 .text._ZNSt16allocator_traitsISaISt6vectorIPcSaIS1_EEEE37select_on_container_copy_constructionERKS4_
                0x08002564       0x1a ./Core/Src/main.o
                0x08002564                std::allocator_traits<std::allocator<std::vector<char*, std::allocator<char*> > > >::select_on_container_copy_construction(std::allocator<std::vector<char*, std::allocator<char*> > > const&)
 .text._ZNSt12_Vector_baseISt6vectorIPcSaIS1_EESaIS3_EE12_Vector_implC2ERKS4_
                0x0800257e       0x24 ./Core/Src/main.o
                0x0800257e                std::_Vector_base<std::vector<char*, std::allocator<char*> >, std::allocator<std::vector<char*, std::allocator<char*> > > >::_Vector_impl::_Vector_impl(std::allocator<std::vector<char*, std::allocator<char*> > > const&)
                0x0800257e                std::_Vector_base<std::vector<char*, std::allocator<char*> >, std::allocator<std::vector<char*, std::allocator<char*> > > >::_Vector_impl::_Vector_impl(std::allocator<std::vector<char*, std::allocator<char*> > > const&)
 .text._ZNSt12_Vector_baseISt6vectorIPcSaIS1_EESaIS3_EE17_M_create_storageEj
                0x080025a2       0x3c ./Core/Src/main.o
                0x080025a2                std::_Vector_base<std::vector<char*, std::allocator<char*> >, std::allocator<std::vector<char*, std::allocator<char*> > > >::_M_create_storage(unsigned int)
 .text._ZN9__gnu_cxx17__normal_iteratorIPKSt6vectorIPcSaIS2_EES1_IS4_SaIS4_EEEC2ERKS6_
                0x080025de       0x20 ./Core/Src/main.o
                0x080025de                __gnu_cxx::__normal_iterator<std::vector<char*, std::allocator<char*> > const*, std::vector<std::vector<char*, std::allocator<char*> >, std::allocator<std::vector<char*, std::allocator<char*> > > > >::__normal_iterator(std::vector<char*, std::allocator<char*> > const* const&)
                0x080025de                __gnu_cxx::__normal_iterator<std::vector<char*, std::allocator<char*> > const*, std::vector<std::vector<char*, std::allocator<char*> >, std::allocator<std::vector<char*, std::allocator<char*> > > > >::__normal_iterator(std::vector<char*, std::allocator<char*> > const* const&)
 .text._ZSt18uninitialized_copyIN9__gnu_cxx17__normal_iteratorIPKSt6vectorIPcSaIS3_EES2_IS5_SaIS5_EEEEPS5_ET0_T_SD_SC_
                0x080025fe       0x28 ./Core/Src/main.o
                0x080025fe                std::vector<char*, std::allocator<char*> >* std::uninitialized_copy<__gnu_cxx::__normal_iterator<std::vector<char*, std::allocator<char*> > const*, std::vector<std::vector<char*, std::allocator<char*> >, std::allocator<std::vector<char*, std::allocator<char*> > > > >, std::vector<char*, std::allocator<char*> >*>(__gnu_cxx::__normal_iterator<std::vector<char*, std::allocator<char*> > const*, std::vector<std::vector<char*, std::allocator<char*> >, std::allocator<std::vector<char*, std::allocator<char*> > > > >, __gnu_cxx::__normal_iterator<std::vector<char*, std::allocator<char*> > const*, std::vector<std::vector<char*, std::allocator<char*> >, std::allocator<std::vector<char*, std::allocator<char*> > > > >, std::vector<char*, std::allocator<char*> >*)
 .text._ZNSt15__new_allocatorISt6vectorIPcSaIS1_EEE10deallocateEPS3_j
                0x08002626       0x26 ./Core/Src/main.o
                0x08002626                std::__new_allocator<std::vector<char*, std::allocator<char*> > >::deallocate(std::vector<char*, std::allocator<char*> >*, unsigned int)
 .text._ZNSt12_Destroy_auxILb0EE9__destroyIPSt6vectorIPcSaIS3_EEEEvT_S7_
                0x0800264c       0x32 ./Core/Src/main.o
                0x0800264c                void std::_Destroy_aux<false>::__destroy<std::vector<char*, std::allocator<char*> >*>(std::vector<char*, std::allocator<char*> >*, std::vector<char*, std::allocator<char*> >*)
 .text._ZNSt15__new_allocatorIPcE10deallocateEPS0_j
                0x0800267e       0x20 ./Core/Src/main.o
                0x0800267e                std::__new_allocator<char*>::deallocate(char**, unsigned int)
 .text._ZNSt12_Destroy_auxILb1EE9__destroyIPPcEEvT_S4_
                0x0800269e       0x16 ./Core/Src/main.o
                0x0800269e                void std::_Destroy_aux<true>::__destroy<char**>(char**, char**)
 .text._ZNSt15__new_allocatorISt13_Rb_tree_nodeISt4pairIKcPcEEEC2Ev
                0x080026b4       0x16 ./Core/Src/main.o
                0x080026b4                std::__new_allocator<std::_Rb_tree_node<std::pair<char const, char*> > >::__new_allocator()
                0x080026b4                std::__new_allocator<std::_Rb_tree_node<std::pair<char const, char*> > >::__new_allocator()
 .text._ZSt4moveIRSaISt13_Rb_tree_nodeISt4pairIKcPcEEEEONSt16remove_referenceIT_E4typeEOS9_
                0x080026ca       0x16 ./Core/Src/main.o
                0x080026ca                std::remove_reference<std::allocator<std::_Rb_tree_node<std::pair<char const, char*> > >&>::type&& std::move<std::allocator<std::_Rb_tree_node<std::pair<char const, char*> > >&>(std::allocator<std::_Rb_tree_node<std::pair<char const, char*> > >&)
 .text._ZNSaISt13_Rb_tree_nodeISt4pairIKcPcEEEC2ERKS5_
                0x080026e0       0x1c ./Core/Src/main.o
                0x080026e0                std::allocator<std::_Rb_tree_node<std::pair<char const, char*> > >::allocator(std::allocator<std::_Rb_tree_node<std::pair<char const, char*> > > const&)
                0x080026e0                std::allocator<std::_Rb_tree_node<std::pair<char const, char*> > >::allocator(std::allocator<std::_Rb_tree_node<std::pair<char const, char*> > > const&)
 .text._ZNSt20_Rb_tree_key_compareISt4lessIcEEC2ERKS1_
                0x080026fc       0x18 ./Core/Src/main.o
                0x080026fc                std::_Rb_tree_key_compare<std::less<char> >::_Rb_tree_key_compare(std::less<char> const&)
                0x080026fc                std::_Rb_tree_key_compare<std::less<char> >::_Rb_tree_key_compare(std::less<char> const&)
 .text._ZNKSt10_Select1stISt4pairIKcPcEEclERKS3_
                0x08002714       0x18 ./Core/Src/main.o
                0x08002714                std::_Select1st<std::pair<char const, char*> >::operator()(std::pair<char const, char*> const&) const
 .text._ZSt7forwardIRKSt4pairIKcPcEEOT_RNSt16remove_referenceIS6_E4typeE
                0x0800272c       0x16 ./Core/Src/main.o
                0x0800272c                std::pair<char const, char*> const& std::forward<std::pair<char const, char*> const&>(std::remove_reference<std::pair<char const, char*> const&>::type&)
 .text._ZNSt8_Rb_treeIcSt4pairIKcPcESt10_Select1stIS3_ESt4lessIcESaIS3_EE10_M_insert_IRKS3_NS9_11_Alloc_nodeEEESt17_Rb_tree_iteratorIS3_EPSt18_Rb_tree_node_baseSH_OT_RT0_
                0x08002742       0x92 ./Core/Src/main.o
                0x08002742                std::_Rb_tree_iterator<std::pair<char const, char*> > std::_Rb_tree<char, std::pair<char const, char*>, std::_Select1st<std::pair<char const, char*> >, std::less<char>, std::allocator<std::pair<char const, char*> > >::_M_insert_<std::pair<char const, char*> const&, std::_Rb_tree<char, std::pair<char const, char*>, std::_Select1st<std::pair<char const, char*> >, std::less<char>, std::allocator<std::pair<char const, char*> > >::_Alloc_node>(std::_Rb_tree_node_base*, std::_Rb_tree_node_base*, std::pair<char const, char*> const&, std::_Rb_tree<char, std::pair<char const, char*>, std::_Select1st<std::pair<char const, char*> >, std::less<char>, std::allocator<std::pair<char const, char*> > >::_Alloc_node&)
 .text._ZNSt8_Rb_treeIcSt4pairIKcPcESt10_Select1stIS3_ESt4lessIcESaIS3_EE15_M_destroy_nodeEPSt13_Rb_tree_nodeIS3_E
                0x080027d4       0x2a ./Core/Src/main.o
                0x080027d4                std::_Rb_tree<char, std::pair<char const, char*>, std::_Select1st<std::pair<char const, char*> >, std::less<char>, std::allocator<std::pair<char const, char*> > >::_M_destroy_node(std::_Rb_tree_node<std::pair<char const, char*> >*)
 .text._ZNSt8_Rb_treeIcSt4pairIKcPcESt10_Select1stIS3_ESt4lessIcESaIS3_EE11_M_put_nodeEPSt13_Rb_tree_nodeIS3_E
                0x080027fe       0x24 ./Core/Src/main.o
                0x080027fe                std::_Rb_tree<char, std::pair<char const, char*>, std::_Select1st<std::pair<char const, char*> >, std::less<char>, std::allocator<std::pair<char const, char*> > >::_M_put_node(std::_Rb_tree_node<std::pair<char const, char*> >*)
 .text._ZNSt8_Rb_treeIcSt4pairIKcPcESt10_Select1stIS3_ESt4lessIcESaIS3_EE6_M_endEv
                0x08002822       0x18 ./Core/Src/main.o
                0x08002822                std::_Rb_tree<char, std::pair<char const, char*>, std::_Select1st<std::pair<char const, char*> >, std::less<char>, std::allocator<std::pair<char const, char*> > >::_M_end()
 .text._ZNSt8_Rb_treeIcSt4pairIKcPcESt10_Select1stIS3_ESt4lessIcESaIS3_EE14_M_lower_boundEPSt13_Rb_tree_nodeIS3_EPSt18_Rb_tree_node_baseRS1_
                0x0800283a       0x62 ./Core/Src/main.o
                0x0800283a                std::_Rb_tree<char, std::pair<char const, char*>, std::_Select1st<std::pair<char const, char*> >, std::less<char>, std::allocator<std::pair<char const, char*> > >::_M_lower_bound(std::_Rb_tree_node<std::pair<char const, char*> >*, std::_Rb_tree_node_base*, char const&)
 .text._ZN9__gnu_cxx16__aligned_membufISt4pairIKcPcEE6_M_ptrEv
                0x0800289c       0x18 ./Core/Src/main.o
                0x0800289c                __gnu_cxx::__aligned_membuf<std::pair<char const, char*> >::_M_ptr()
 .text._ZNSt10_Head_baseILj0ERKcLb0EEC2ES1_
                0x080028b4       0x1e ./Core/Src/main.o
                0x080028b4                std::_Head_base<0u, char const&, false>::_Head_base(char const&)
                0x080028b4                std::_Head_base<0u, char const&, false>::_Head_base(char const&)
 .text._ZNSt8_Rb_treeIcSt4pairIKcPcESt10_Select1stIS3_ESt4lessIcESaIS3_EE14_M_create_nodeIJRKSt21piecewise_construct_tSt5tupleIJRS1_EESE_IJEEEEEPSt13_Rb_tree_nodeIS3_EDpOT_
                0x080028d2       0x46 ./Core/Src/main.o
                0x080028d2                std::_Rb_tree_node<std::pair<char const, char*> >* std::_Rb_tree<char, std::pair<char const, char*>, std::_Select1st<std::pair<char const, char*> >, std::less<char>, std::allocator<std::pair<char const, char*> > >::_M_create_node<std::piecewise_construct_t const&, std::tuple<char const&>, std::tuple<> >(std::piecewise_construct_t const&, std::tuple<char const&>&&, std::tuple<>&&)
 .text._ZNKSt23_Rb_tree_const_iteratorISt4pairIKcPcEE13_M_const_castEv
                0x08002918       0x22 ./Core/Src/main.o
                0x08002918                std::_Rb_tree_const_iterator<std::pair<char const, char*> >::_M_const_cast() const
 .text._ZNKSt8_Rb_treeIcSt4pairIKcPcESt10_Select1stIS3_ESt4lessIcESaIS3_EE4sizeEv
                0x0800293a       0x18 ./Core/Src/main.o
                0x0800293a                std::_Rb_tree<char, std::pair<char const, char*>, std::_Select1st<std::pair<char const, char*> >, std::less<char>, std::allocator<std::pair<char const, char*> > >::size() const
 .text._ZNSt8_Rb_treeIcSt4pairIKcPcESt10_Select1stIS3_ESt4lessIcESaIS3_EE12_M_rightmostEv
                0x08002952       0x18 ./Core/Src/main.o
                0x08002952                std::_Rb_tree<char, std::pair<char const, char*>, std::_Select1st<std::pair<char const, char*> >, std::less<char>, std::allocator<std::pair<char const, char*> > >::_M_rightmost()
 .text._ZNSt8_Rb_treeIcSt4pairIKcPcESt10_Select1stIS3_ESt4lessIcESaIS3_EE6_S_keyEPKSt18_Rb_tree_node_base
                0x0800296a       0x18 ./Core/Src/main.o
                0x0800296a                std::_Rb_tree<char, std::pair<char const, char*>, std::_Select1st<std::pair<char const, char*> >, std::less<char>, std::allocator<std::pair<char const, char*> > >::_S_key(std::_Rb_tree_node_base const*)
 .text._ZNSt4pairIPSt18_Rb_tree_node_baseS1_EC2IS1_S1_Lb1EEERKS1_S5_
                0x08002982       0x2a ./Core/Src/main.o
                0x08002982                std::pair<std::_Rb_tree_node_base*, std::_Rb_tree_node_base*>::pair<std::_Rb_tree_node_base*, std::_Rb_tree_node_base*, true>(std::_Rb_tree_node_base* const&, std::_Rb_tree_node_base* const&)
                0x08002982                std::pair<std::_Rb_tree_node_base*, std::_Rb_tree_node_base*>::pair<std::_Rb_tree_node_base*, std::_Rb_tree_node_base*, true>(std::_Rb_tree_node_base* const&, std::_Rb_tree_node_base* const&)
 .text._ZNSt8_Rb_treeIcSt4pairIKcPcESt10_Select1stIS3_ESt4lessIcESaIS3_EE24_M_get_insert_unique_posERS1_
                0x080029ac      0x10a ./Core/Src/main.o
                0x080029ac                std::_Rb_tree<char, std::pair<char const, char*>, std::_Select1st<std::pair<char const, char*> >, std::less<char>, std::allocator<std::pair<char const, char*> > >::_M_get_insert_unique_pos(char const&)
 .text._ZNSt8_Rb_treeIcSt4pairIKcPcESt10_Select1stIS3_ESt4lessIcESaIS3_EE11_M_leftmostEv
                0x08002ab6       0x18 ./Core/Src/main.o
                0x08002ab6                std::_Rb_tree<char, std::pair<char const, char*>, std::_Select1st<std::pair<char const, char*> >, std::less<char>, std::allocator<std::pair<char const, char*> > >::_M_leftmost()
 .text._ZNSt4pairIPSt18_Rb_tree_node_baseS1_EC2IRS1_S4_Lb1EEEOT_OT0_
                0x08002ace       0x32 ./Core/Src/main.o
                0x08002ace                std::pair<std::_Rb_tree_node_base*, std::_Rb_tree_node_base*>::pair<std::_Rb_tree_node_base*&, std::_Rb_tree_node_base*&, true>(std::_Rb_tree_node_base*&, std::_Rb_tree_node_base*&)
                0x08002ace                std::pair<std::_Rb_tree_node_base*, std::_Rb_tree_node_base*>::pair<std::_Rb_tree_node_base*&, std::_Rb_tree_node_base*&, true>(std::_Rb_tree_node_base*&, std::_Rb_tree_node_base*&)
 .text._ZNSt17_Rb_tree_iteratorISt4pairIKcPcEEmmEv
                0x08002b00       0x22 ./Core/Src/main.o
                0x08002b00                std::_Rb_tree_iterator<std::pair<char const, char*> >::operator--()
 .text._ZNSt17_Rb_tree_iteratorISt4pairIKcPcEEppEv
                0x08002b22       0x22 ./Core/Src/main.o
                0x08002b22                std::_Rb_tree_iterator<std::pair<char const, char*> >::operator++()
 .text._ZNSt8_Rb_treeIcSt4pairIKcPcESt10_Select1stIS3_ESt4lessIcESaIS3_EE6_S_keyEPKSt13_Rb_tree_nodeIS3_E
                0x08002b44       0x26 ./Core/Src/main.o
                0x08002b44                std::_Rb_tree<char, std::pair<char const, char*>, std::_Select1st<std::pair<char const, char*> >, std::less<char>, std::allocator<std::pair<char const, char*> > >::_S_key(std::_Rb_tree_node<std::pair<char const, char*> > const*)
 .text._ZNSt8_Rb_treeIcSt4pairIKcPcESt10_Select1stIS3_ESt4lessIcESaIS3_EE14_M_insert_nodeEPSt18_Rb_tree_node_baseSB_PSt13_Rb_tree_nodeIS3_E
                0x08002b6a       0x7a ./Core/Src/main.o
                0x08002b6a                std::_Rb_tree<char, std::pair<char const, char*>, std::_Select1st<std::pair<char const, char*> >, std::less<char>, std::allocator<std::pair<char const, char*> > >::_M_insert_node(std::_Rb_tree_node_base*, std::_Rb_tree_node_base*, std::_Rb_tree_node<std::pair<char const, char*> >*)
 .text._ZNKSt6vectorIPcSaIS0_EE8max_sizeEv
                0x08002be4       0x22 ./Core/Src/main.o
                0x08002be4                std::vector<char*, std::allocator<char*> >::max_size() const
 .text._ZSt3maxIjERKT_S2_S2_
                0x08002c06       0x28 ./Core/Src/main.o
                0x08002c06                unsigned int const& std::max<unsigned int>(unsigned int const&, unsigned int const&)
 .text._ZNSt16allocator_traitsISaIPcEE8allocateERS1_j
                0x08002c2e       0x1e ./Core/Src/main.o
                0x08002c2e                std::allocator_traits<std::allocator<char*> >::allocate(std::allocator<char*>&, unsigned int)
 .text._ZNSt6vectorIPcSaIS0_EE14_S_do_relocateEPS0_S3_S3_RS1_St17integral_constantIbLb1EE
                0x08002c4c       0x24 ./Core/Src/main.o
                0x08002c4c                std::vector<char*, std::allocator<char*> >::_S_do_relocate(char**, char**, char**, std::allocator<char*>&, std::integral_constant<bool, true>)
 .text._ZSt32__make_move_if_noexcept_iteratorIPcSt13move_iteratorIPS0_EET0_PT_
                0x08002c70       0x1e ./Core/Src/main.o
                0x08002c70                std::move_iterator<char**> std::__make_move_if_noexcept_iterator<char*, std::move_iterator<char**> >(char**)
 .text._ZSt22__uninitialized_copy_aISt13move_iteratorIPPcES2_S1_ET0_T_S5_S4_RSaIT1_E
                0x08002c8e       0x22 ./Core/Src/main.o
                0x08002c8e                char** std::__uninitialized_copy_a<std::move_iterator<char**>, char**, char*>(std::move_iterator<char**>, std::move_iterator<char**>, char**, std::allocator<char*>&)
 .text._ZNKSt6vectorIS_IPcSaIS0_EESaIS2_EE8max_sizeEv
                0x08002cb0       0x22 ./Core/Src/main.o
                0x08002cb0                std::vector<std::vector<char*, std::allocator<char*> >, std::allocator<std::vector<char*, std::allocator<char*> > > >::max_size() const
 .text._ZNSt16allocator_traitsISaISt6vectorIPcSaIS1_EEEE8allocateERS4_j
                0x08002cd2       0x1e ./Core/Src/main.o
                0x08002cd2                std::allocator_traits<std::allocator<std::vector<char*, std::allocator<char*> > > >::allocate(std::allocator<std::vector<char*, std::allocator<char*> > >&, unsigned int)
 .text._ZNSt6vectorIS_IPcSaIS0_EESaIS2_EE14_S_do_relocateEPS2_S5_S5_RS3_St17integral_constantIbLb1EE
                0x08002cf0       0x24 ./Core/Src/main.o
                0x08002cf0                std::vector<std::vector<char*, std::allocator<char*> >, std::allocator<std::vector<char*, std::allocator<char*> > > >::_S_do_relocate(std::vector<char*, std::allocator<char*> >*, std::vector<char*, std::allocator<char*> >*, std::vector<char*, std::allocator<char*> >*, std::allocator<std::vector<char*, std::allocator<char*> > >&, std::integral_constant<bool, true>)
 .text._ZSt32__make_move_if_noexcept_iteratorISt6vectorIPcSaIS1_EESt13move_iteratorIPS3_EET0_PT_
                0x08002d14       0x1e ./Core/Src/main.o
                0x08002d14                std::move_iterator<std::vector<char*, std::allocator<char*> >*> std::__make_move_if_noexcept_iterator<std::vector<char*, std::allocator<char*> >, std::move_iterator<std::vector<char*, std::allocator<char*> >*> >(std::vector<char*, std::allocator<char*> >*)
 .text._ZSt22__uninitialized_copy_aISt13move_iteratorIPSt6vectorIPcSaIS2_EEES5_S4_ET0_T_S8_S7_RSaIT1_E
                0x08002d32       0x22 ./Core/Src/main.o
                0x08002d32                std::vector<char*, std::allocator<char*> >* std::__uninitialized_copy_a<std::move_iterator<std::vector<char*, std::allocator<char*> >*>, std::vector<char*, std::allocator<char*> >*, std::vector<char*, std::allocator<char*> > >(std::move_iterator<std::vector<char*, std::allocator<char*> >*>, std::move_iterator<std::vector<char*, std::allocator<char*> >*>, std::vector<char*, std::allocator<char*> >*, std::allocator<std::vector<char*, std::allocator<char*> > >&)
 .text._ZNSt15__new_allocatorISt6vectorIPcSaIS1_EEE7destroyIS3_EEvPT_
                0x08002d54       0x18 ./Core/Src/main.o
                0x08002d54                void std::__new_allocator<std::vector<char*, std::allocator<char*> > >::destroy<std::vector<char*, std::allocator<char*> > >(std::vector<char*, std::allocator<char*> >*)
 .text._ZNSt15__new_allocatorIPcEC2ERKS1_
                0x08002d6c       0x18 ./Core/Src/main.o
                0x08002d6c                std::__new_allocator<char*>::__new_allocator(std::__new_allocator<char*> const&)
                0x08002d6c                std::__new_allocator<char*>::__new_allocator(std::__new_allocator<char*> const&)
 .text._ZNSt20__uninitialized_copyILb1EE13__uninit_copyIN9__gnu_cxx17__normal_iteratorIPKPcSt6vectorIS4_SaIS4_EEEEPS4_EET0_T_SD_SC_
                0x08002d84       0x20 ./Core/Src/main.o
                0x08002d84                char** std::__uninitialized_copy<true>::__uninit_copy<__gnu_cxx::__normal_iterator<char* const*, std::vector<char*, std::allocator<char*> > >, char**>(__gnu_cxx::__normal_iterator<char* const*, std::vector<char*, std::allocator<char*> > >, __gnu_cxx::__normal_iterator<char* const*, std::vector<char*, std::allocator<char*> > >, char**)
 .text._ZNSt20__uninitialized_copyILb0EE13__uninit_copyIN9__gnu_cxx17__normal_iteratorIPKSt6vectorIPcSaIS5_EES4_IS7_SaIS7_EEEEPS7_EET0_T_SF_SE_
                0x08002da4       0x20 ./Core/Src/main.o
                0x08002da4                std::vector<char*, std::allocator<char*> >* std::__uninitialized_copy<false>::__uninit_copy<__gnu_cxx::__normal_iterator<std::vector<char*, std::allocator<char*> > const*, std::vector<std::vector<char*, std::allocator<char*> >, std::allocator<std::vector<char*, std::allocator<char*> > > > >, std::vector<char*, std::allocator<char*> >*>(__gnu_cxx::__normal_iterator<std::vector<char*, std::allocator<char*> > const*, std::vector<std::vector<char*, std::allocator<char*> >, std::allocator<std::vector<char*, std::allocator<char*> > > > >, __gnu_cxx::__normal_iterator<std::vector<char*, std::allocator<char*> > const*, std::vector<std::vector<char*, std::allocator<char*> >, std::allocator<std::vector<char*, std::allocator<char*> > > > >, std::vector<char*, std::allocator<char*> >*)
 .text._ZSt11__addressofISt6vectorIPcSaIS1_EEEPT_RS4_
                0x08002dc4       0x16 ./Core/Src/main.o
                0x08002dc4                std::vector<char*, std::allocator<char*> >* std::__addressof<std::vector<char*, std::allocator<char*> > >(std::vector<char*, std::allocator<char*> >&)
 .text._ZSt8_DestroyISt6vectorIPcSaIS1_EEEvPT_
                0x08002dda       0x16 ./Core/Src/main.o
                0x08002dda                void std::_Destroy<std::vector<char*, std::allocator<char*> > >(std::vector<char*, std::allocator<char*> >*)
 .text._ZNSt15__new_allocatorISt13_Rb_tree_nodeISt4pairIKcPcEEEC2ERKS6_
                0x08002df0       0x18 ./Core/Src/main.o
                0x08002df0                std::__new_allocator<std::_Rb_tree_node<std::pair<char const, char*> > >::__new_allocator(std::__new_allocator<std::_Rb_tree_node<std::pair<char const, char*> > > const&)
                0x08002df0                std::__new_allocator<std::_Rb_tree_node<std::pair<char const, char*> > >::__new_allocator(std::__new_allocator<std::_Rb_tree_node<std::pair<char const, char*> > > const&)
 .text._ZNKSt8_Rb_treeIcSt4pairIKcPcESt10_Select1stIS3_ESt4lessIcESaIS3_EE11_Alloc_nodeclIRKS3_EEPSt13_Rb_tree_nodeIS3_EOT_
                0x08002e08       0x28 ./Core/Src/main.o
                0x08002e08                std::_Rb_tree_node<std::pair<char const, char*> >* std::_Rb_tree<char, std::pair<char const, char*>, std::_Select1st<std::pair<char const, char*> >, std::less<char>, std::allocator<std::pair<char const, char*> > >::_Alloc_node::operator()<std::pair<char const, char*> const&>(std::pair<char const, char*> const&) const
 .text._ZNSt8_Rb_treeIcSt4pairIKcPcESt10_Select1stIS3_ESt4lessIcESaIS3_EE21_M_get_Node_allocatorEv
                0x08002e30       0x16 ./Core/Src/main.o
                0x08002e30                std::_Rb_tree<char, std::pair<char const, char*>, std::_Select1st<std::pair<char const, char*> >, std::less<char>, std::allocator<std::pair<char const, char*> > >::_M_get_Node_allocator()
 .text._ZNSt16allocator_traitsISaISt13_Rb_tree_nodeISt4pairIKcPcEEEE7destroyIS4_EEvRS6_PT_
                0x08002e46       0x1a ./Core/Src/main.o
                0x08002e46                void std::allocator_traits<std::allocator<std::_Rb_tree_node<std::pair<char const, char*> > > >::destroy<std::pair<char const, char*> >(std::allocator<std::_Rb_tree_node<std::pair<char const, char*> > >&, std::pair<char const, char*>*)
 .text._ZNSt16allocator_traitsISaISt13_Rb_tree_nodeISt4pairIKcPcEEEE10deallocateERS6_PS5_j
                0x08002e60       0x1e ./Core/Src/main.o
                0x08002e60                std::allocator_traits<std::allocator<std::_Rb_tree_node<std::pair<char const, char*> > > >::deallocate(std::allocator<std::_Rb_tree_node<std::pair<char const, char*> > >&, std::_Rb_tree_node<std::pair<char const, char*> >*, unsigned int)
 .text._ZN9__gnu_cxx16__aligned_membufISt4pairIKcPcEE7_M_addrEv
                0x08002e7e       0x16 ./Core/Src/main.o
                0x08002e7e                __gnu_cxx::__aligned_membuf<std::pair<char const, char*> >::_M_addr()
 .text._ZNSt8_Rb_treeIcSt4pairIKcPcESt10_Select1stIS3_ESt4lessIcESaIS3_EE11_M_get_nodeEv
                0x08002e94       0x22 ./Core/Src/main.o
                0x08002e94                std::_Rb_tree<char, std::pair<char const, char*>, std::_Select1st<std::pair<char const, char*> >, std::less<char>, std::allocator<std::pair<char const, char*> > >::_M_get_node()
 .text._ZNSt8_Rb_treeIcSt4pairIKcPcESt10_Select1stIS3_ESt4lessIcESaIS3_EE17_M_construct_nodeIJRKSt21piecewise_construct_tSt5tupleIJRS1_EESE_IJEEEEEvPSt13_Rb_tree_nodeIS3_EDpOT_
                0x08002eb6       0x5a ./Core/Src/main.o
                0x08002eb6                void std::_Rb_tree<char, std::pair<char const, char*>, std::_Select1st<std::pair<char const, char*> >, std::less<char>, std::allocator<std::pair<char const, char*> > >::_M_construct_node<std::piecewise_construct_t const&, std::tuple<char const&>, std::tuple<> >(std::_Rb_tree_node<std::pair<char const, char*> >*, std::piecewise_construct_t const&, std::tuple<char const&>&&, std::tuple<>&&)
 .text._ZNSt8_Rb_treeIcSt4pairIKcPcESt10_Select1stIS3_ESt4lessIcESaIS3_EE5beginEv
                0x08002f10       0x22 ./Core/Src/main.o
                0x08002f10                std::_Rb_tree<char, std::pair<char const, char*>, std::_Select1st<std::pair<char const, char*> >, std::less<char>, std::allocator<std::pair<char const, char*> > >::begin()
 .text._ZNSt4pairIPSt18_Rb_tree_node_baseS1_EC2IRPSt13_Rb_tree_nodeIS_IKcPcEERS1_Lb1EEEOT_OT0_
                0x08002f32       0x32 ./Core/Src/main.o
                0x08002f32                std::pair<std::_Rb_tree_node_base*, std::_Rb_tree_node_base*>::pair<std::_Rb_tree_node<std::pair<char const, char*> >*&, std::_Rb_tree_node_base*&, true>(std::_Rb_tree_node<std::pair<char const, char*> >*&, std::_Rb_tree_node_base*&)
                0x08002f32                std::pair<std::_Rb_tree_node_base*, std::_Rb_tree_node_base*>::pair<std::_Rb_tree_node<std::pair<char const, char*> >*&, std::_Rb_tree_node_base*&, true>(std::_Rb_tree_node<std::pair<char const, char*> >*&, std::_Rb_tree_node_base*&)
 .text._ZSt7forwardIRPSt18_Rb_tree_node_baseEOT_RNSt16remove_referenceIS3_E4typeE
                0x08002f64       0x16 ./Core/Src/main.o
                0x08002f64                std::_Rb_tree_node_base*& std::forward<std::_Rb_tree_node_base*&>(std::remove_reference<std::_Rb_tree_node_base*&>::type&)