Archive member included to satisfy reference by file (symbol)

/opt/st/stm32cubeide_1.17.0/plugins/com.st.stm32cube.ide.mcu.externaltools.gnu-tools-for-stm32.12.3.rel1.linux64_1.1.0.202410170702/tools/bin/../lib/gcc/arm-none-eabi/12.3.1/../../../../arm-none-eabi/lib/thumb/v7e-m+fp/hard/libstdc++_nano.a(del_ops.o)
                              ./Core/Src/main.o (operator delete(void*, unsigned int))
/opt/st/stm32cubeide_1.17.0/plugins/com.st.stm32cube.ide.mcu.externaltools.gnu-tools-for-stm32.12.3.rel1.linux64_1.1.0.202410170702/tools/bin/../lib/gcc/arm-none-eabi/12.3.1/../../../../arm-none-eabi/lib/thumb/v7e-m+fp/hard/libstdc++_nano.a(new_op.o)
                              ./Core/Src/main.o (operator new(unsigned int))
/opt/st/stm32cubeide_1.17.0/plugins/com.st.stm32cube.ide.mcu.externaltools.gnu-tools-for-stm32.12.3.rel1.linux64_1.1.0.202410170702/tools/bin/../lib/gcc/arm-none-eabi/12.3.1/../../../../arm-none-eabi/lib/thumb/v7e-m+fp/hard/libstdc++_nano.a(allocator-inst.o)
                              ./Core/Src/main.o (std::allocator<char>::allocator())
/opt/st/stm32cubeide_1.17.0/plugins/com.st.stm32cube.ide.mcu.externaltools.gnu-tools-for-stm32.12.3.rel1.linux64_1.1.0.202410170702/tools/bin/../lib/gcc/arm-none-eabi/12.3.1/../../../../arm-none-eabi/lib/thumb/v7e-m+fp/hard/libstdc++_nano.a(tree.o)
                              ./Core/Src/main.o (std::_Rb_tree_increment(std::_Rb_tree_node_base*))
/opt/st/stm32cubeide_1.17.0/plugins/com.st.stm32cube.ide.mcu.externaltools.gnu-tools-for-stm32.12.3.rel1.linux64_1.1.0.202410170702/tools/bin/../lib/gcc/arm-none-eabi/12.3.1/../../../../arm-none-eabi/lib/thumb/v7e-m+fp/hard/libstdc++_nano.a(functexcept.o)
                              ./Core/Src/main.o (std::__throw_bad_alloc())
/opt/st/stm32cubeide_1.17.0/plugins/com.st.stm32cube.ide.mcu.externaltools.gnu-tools-for-stm32.12.3.rel1.linux64_1.1.0.202410170702/tools/bin/../lib/gcc/arm-none-eabi/12.3.1/../../../../arm-none-eabi/lib/thumb/v7e-m+fp/hard/libstdc++_nano.a(string-inst.o)
                              ./Core/Src/main.o (std::__cxx11::basic_string<char, std::char_traits<char>, std::allocator<char> >::basic_string())
/opt/st/stm32cubeide_1.17.0/plugins/com.st.stm32cube.ide.mcu.externaltools.gnu-tools-for-stm32.12.3.rel1.linux64_1.1.0.202410170702/tools/bin/../lib/gcc/arm-none-eabi/12.3.1/../../../../arm-none-eabi/lib/thumb/v7e-m+fp/hard/libstdc++_nano.a(del_op.o)
                              /opt/st/stm32cubeide_1.17.0/plugins/com.st.stm32cube.ide.mcu.externaltools.gnu-tools-for-stm32.12.3.rel1.linux64_1.1.0.202410170702/tools/bin/../lib/gcc/arm-none-eabi/12.3.1/../../../../arm-none-eabi/lib/thumb/v7e-m+fp/hard/libstdc++_nano.a(del_ops.o) (operator delete(void*))
/opt/st/stm32cubeide_1.17.0/plugins/com.st.stm32cube.ide.mcu.externaltools.gnu-tools-for-stm32.12.3.rel1.linux64_1.1.0.202410170702/tools/bin/../lib/gcc/arm-none-eabi/12.3.1/../../../../arm-none-eabi/lib/thumb/v7e-m+fp/hard/libstdc++_nano.a(new_handler.o)
                              /opt/st/stm32cubeide_1.17.0/plugins/com.st.stm32cube.ide.mcu.externaltools.gnu-tools-for-stm32.12.3.rel1.linux64_1.1.0.202410170702/tools/bin/../lib/gcc/arm-none-eabi/12.3.1/../../../../arm-none-eabi/lib/thumb/v7e-m+fp/hard/libstdc++_nano.a(new_op.o) (std::get_new_handler())
/opt/st/stm32cubeide_1.17.0/plugins/com.st.stm32cube.ide.mcu.externaltools.gnu-tools-for-stm32.12.3.rel1.linux64_1.1.0.202410170702/tools/bin/../lib/gcc/arm-none-eabi/12.3.1/../../../../arm-none-eabi/lib/thumb/v7e-m+fp/hard/libc_nano.a(libc_a-abort.o)
                              /opt/st/stm32cubeide_1.17.0/plugins/com.st.stm32cube.ide.mcu.externaltools.gnu-tools-for-stm32.12.3.rel1.linux64_1.1.0.202410170702/tools/bin/../lib/gcc/arm-none-eabi/12.3.1/../../../../arm-none-eabi/lib/thumb/v7e-m+fp/hard/libstdc++_nano.a(new_op.o) (abort)
/opt/st/stm32cubeide_1.17.0/plugins/com.st.stm32cube.ide.mcu.externaltools.gnu-tools-for-stm32.12.3.rel1.linux64_1.1.0.202410170702/tools/bin/../lib/gcc/arm-none-eabi/12.3.1/../../../../arm-none-eabi/lib/thumb/v7e-m+fp/hard/libc_nano.a(libc_a-exit.o)
                              /opt/st/stm32cubeide_1.17.0/plugins/com.st.stm32cube.ide.mcu.externaltools.gnu-tools-for-stm32.12.3.rel1.linux64_1.1.0.202410170702/tools/bin/../lib/gcc/arm-none-eabi/12.3.1/../../../../arm-none-eabi/lib/thumb/v7e-m+fp/hard/crt0.o (exit)
/opt/st/stm32cubeide_1.17.0/plugins/com.st.stm32cube.ide.mcu.externaltools.gnu-tools-for-stm32.12.3.rel1.linux64_1.1.0.202410170702/tools/bin/../lib/gcc/arm-none-eabi/12.3.1/../../../../arm-none-eabi/lib/thumb/v7e-m+fp/hard/libc_nano.a(libc_a-malloc.o)
                              /opt/st/stm32cubeide_1.17.0/plugins/com.st.stm32cube.ide.mcu.externaltools.gnu-tools-for-stm32.12.3.rel1.linux64_1.1.0.202410170702/tools/bin/../lib/gcc/arm-none-eabi/12.3.1/../../../../arm-none-eabi/lib/thumb/v7e-m+fp/hard/libstdc++_nano.a(new_op.o) (malloc)
[...]
Memory Configuration

Name             Origin             Length             Attributes
RAM              0x20000000         0x00018000         xrw
FLASH            0x08000000         0x00080000         xr
*default*        0x00000000         0xffffffff

Linker script and memory map

LOAD /opt/st/stm32cubeide_1.17.0/plugins/com.st.stm32cube.ide.mcu.externaltools.gnu-tools-for-stm32.12.3.rel1.linux64_1.1.0.202410170702/tools/bin/../lib/gcc/arm-none-eabi/12.3.1/thumb/v7e-m+fp/hard/crti.o
LOAD /opt/st/stm32cubeide_1.17.0/plugins/com.st.stm32cube.ide.mcu.externaltools.gnu-tools-for-stm32.12.3.rel1.linux64_1.1.0.202410170702/tools/bin/../lib/gcc/arm-none-eabi/12.3.1/thumb/v7e-m+fp/hard/crtbegin.o
LOAD /opt/st/stm32cubeide_1.17.0/plugins/com.st.stm32cube.ide.mcu.externaltools.gnu-tools-for-stm32.12.3.rel1.linux64_1.1.0.202410170702/tools/bin/../lib/gcc/arm-none-eabi/12.3.1/../../../../arm-none-eabi/lib/thumb/v7e-m+fp/hard/crt0.o
LOAD ./Core/Src/main.o
LOAD ./Core/Src/stm32f4xx_hal_msp.o
LOAD ./Core/Src/stm32f4xx_it.o
LOAD ./Core/Src/syscalls.o
LOAD ./Core/Src/sysmem.o
LOAD ./Core/Src/system_stm32f4xx.o
LOAD ./Core/Startup/startup_stm32f401retx.o
LOAD ./Drivers/STM32F4xx_HAL_Driver/Src/stm32f4xx_hal.o
LOAD ./Drivers/STM32F4xx_HAL_Driver/Src/stm32f4xx_hal_cortex.o
LOAD ./Drivers/STM32F4xx_HAL_Driver/Src/stm32f4xx_hal_dma.o
LOAD ./Drivers/STM32F4xx_HAL_Driver/Src/stm32f4xx_hal_dma_ex.o
LOAD ./Drivers/STM32F4xx_HAL_Driver/Src/stm32f4xx_hal_exti.o
LOAD ./Drivers/STM32F4xx_HAL_Driver/Src/stm32f4xx_hal_flash.o
LOAD ./Drivers/STM32F4xx_HAL_Driver/Src/stm32f4xx_hal_flash_ex.o
LOAD ./Drivers/STM32F4xx_HAL_Driver/Src/stm32f4xx_hal_flash_ramfunc.o
LOAD ./Drivers/STM32F4xx_HAL_Driver/Src/stm32f4xx_hal_gpio.o
LOAD ./Drivers/STM32F4xx_HAL_Driver/Src/stm32f4xx_hal_pwr.o
LOAD ./Drivers/STM32F4xx_HAL_Driver/Src/stm32f4xx_hal_pwr_ex.o
LOAD ./Drivers/STM32F4xx_HAL_Driver/Src/stm32f4xx_hal_rcc.o
LOAD ./Drivers/STM32F4xx_HAL_Driver/Src/stm32f4xx_hal_rcc_ex.o
START GROUP
LOAD /opt/st/stm32cubeide_1.17.0/plugins/com.st.stm32cube.ide.mcu.externaltools.gnu-tools-for-stm32.12.3.rel1.linux64_1.1.0.202410170702/tools/bin/../lib/gcc/arm-none-eabi/12.3.1/../../../../arm-none-eabi/lib/thumb/v7e-m+fp/hard/libstdc++_nano.a
LOAD /opt/st/stm32cubeide_1.17.0/plugins/com.st.stm32cube.ide.mcu.externaltools.gnu-tools-for-stm32.12.3.rel1.linux64_1.1.0.202410170702/tools/bin/../lib/gcc/arm-none-eabi/12.3.1/../../../../arm-none-eabi/lib/thumb/v7e-m+fp/hard/libsupc++_nano.a
END GROUP
LOAD /opt/st/stm32cubeide_1.17.0/plugins/com.st.stm32cube.ide.mcu.externaltools.gnu-tools-for-stm32.12.3.rel1.linux64_1.1.0.202410170702/tools/bin/../lib/gcc/arm-none-eabi/12.3.1/../../../../arm-none-eabi/lib/thumb/v7e-m+fp/hard/libstdc++_nano.a
LOAD /opt/st/stm32cubeide_1.17.0/plugins/com.st.stm32cube.ide.mcu.externaltools.gnu-tools-for-stm32.12.3.rel1.linux64_1.1.0.202410170702/tools/bin/../lib/gcc/arm-none-eabi/12.3.1/../../../../arm-none-eabi/lib/thumb/v7e-m+fp/hard/libm.a
LOAD /opt/st/stm32cubeide_1.17.0/plugins/com.st.stm32cube.ide.mcu.externaltools.gnu-tools-for-stm32.12.3.rel1.linux64_1.1.0.202410170702/tools/bin/../lib/gcc/arm-none-eabi/12.3.1/../../../../arm-none-eabi/lib/thumb/v7e-m+fp/hard/libc_nano.a
START GROUP
LOAD /opt/st/stm32cubeide_1.17.0/plugins/com.st.stm32cube.ide.mcu.externaltools.gnu-tools-for-stm32.12.3.rel1.linux64_1.1.0.202410170702/tools/bin/../lib/gcc/arm-none-eabi/12.3.1/thumb/v7e-m+fp/hard/libgcc.a
LOAD /opt/st/stm32cubeide_1.17.0/plugins/com.st.stm32cube.ide.mcu.externaltools.gnu-tools-for-stm32.12.3.rel1.linux64_1.1.0.202410170702/tools/bin/../lib/gcc/arm-none-eabi/12.3.1/../../../../arm-none-eabi/lib/thumb/v7e-m+fp/hard/libc_nano.a
END GROUP
START GROUP
LOAD /opt/st/stm32cubeide_1.17.0/plugins/com.st.stm32cube.ide.mcu.externaltools.gnu-tools-for-stm32.12.3.rel1.linux64_1.1.0.202410170702/tools/bin/../lib/gcc/arm-none-eabi/12.3.1/thumb/v7e-m+fp/hard/libgcc.a
LOAD /opt/st/stm32cubeide_1.17.0/plugins/com.st.stm32cube.ide.mcu.externaltools.gnu-tools-for-stm32.12.3.rel1.linux64_1.1.0.202410170702/tools/bin/../lib/gcc/arm-none-eabi/12.3.1/../../../../arm-none-eabi/lib/thumb/v7e-m+fp/hard/libc_nano.a
LOAD /opt/st/stm32cubeide_1.17.0/plugins/com.st.stm32cube.ide.mcu.externaltools.gnu-tools-for-stm32.12.3.rel1.linux64_1.1.0.202410170702/tools/bin/../lib/gcc/arm-none-eabi/12.3.1/../../../../arm-none-eabi/lib/thumb/v7e-m+fp/hard/libnosys.a
END GROUP
START GROUP
LOAD /opt/st/stm32cubeide_1.17.0/plugins/com.st.stm32cube.ide.mcu.externaltools.gnu-tools-for-stm32.12.3.rel1.linux64_1.1.0.202410170702/tools/bin/../lib/gcc/arm-none-eabi/12.3.1/thumb/v7e-m+fp/hard/libgcc.a
LOAD /opt/st/stm32cubeide_1.17.0/plugins/com.st.stm32cube.ide.mcu.externaltools.gnu-tools-for-stm32.12.3.rel1.linux64_1.1.0.202410170702/tools/bin/../lib/gcc/arm-none-eabi/12.3.1/../../../../arm-none-eabi/lib/thumb/v7e-m+fp/hard/libc_nano.a
LOAD /opt/st/stm32cubeide_1.17.0/plugins/com.st.stm32cube.ide.mcu.externaltools.gnu-tools-for-stm32.12.3.rel1.linux64_1.1.0.202410170702/tools/bin/../lib/gcc/arm-none-eabi/12.3.1/../../../../arm-none-eabi/lib/thumb/v7e-m+fp/hard/libnosys.a
END GROUP
LOAD /opt/st/stm32cubeide_1.17.0/plugins/com.st.stm32cube.ide.mcu.externaltools.gnu-tools-for-stm32.12.3.rel1.linux64_1.1.0.202410170702/tools/bin/../lib/gcc/arm-none-eabi/12.3.1/thumb/v7e-m+fp/hard/crtend.o
LOAD /opt/st/stm32cubeide_1.17.0/plugins/com.st.stm32cube.ide.mcu.externaltools.gnu-tools-for-stm32.12.3.rel1.linux64_1.1.0.202410170702/tools/bin/../lib/gcc/arm-none-eabi/12.3.1/thumb/v7e-m+fp/hard/crtn.o
                0x20018000                        _estack = (ORIGIN (RAM) + LENGTH (RAM))
                0x00000200                        _Min_Heap_Size = 0x200
                0x00000400                        _Min_Stack_Size = 0x400

.isr_vector     0x08000000      0x194
                0x08000000                        . = ALIGN (0x4)
 *(.isr_vector)
 .isr_vector    0x08000000      0x194 ./Core/Startup/startup_stm32f401retx.o
                0x08000000                g_pfnVectors
                0x08000194                        . = ALIGN (0x4)

.text           0x08000194     0x3cf8
                0x08000194                        . = ALIGN (0x4)
 *(.text)
 .text          0x08000194       0x40 /opt/st/stm32cubeide_1.17.0/plugins/com.st.stm32cube.ide.mcu.externaltools.gnu-tools-for-stm32.12.3.rel1.linux64_1.1.0.202410170702/tools/bin/../lib/gcc/arm-none-eabi/12.3.1/thumb/v7e-m+fp/hard/crtbegin.o
 .text          0x080001d4       0x10 /opt/st/stm32cubeide_1.17.0/plugins/com.st.stm32cube.ide.mcu.externaltools.gnu-tools-for-stm32.12.3.rel1.linux64_1.1.0.202410170702/tools/bin/../lib/gcc/arm-none-eabi/12.3.1/../../../../arm-none-eabi/lib/thumb/v7e-m+fp/hard/libc_nano.a(libc_a-strlen.o)
                0x080001d4                strlen
 .text          0x080001e4       0x30 /opt/st/stm32cubeide_1.17.0/plugins/com.st.stm32cube.ide.mcu.externaltools.gnu-tools-for-stm32.12.3.rel1.linux64_1.1.0.202410170702/tools/bin/../lib/gcc/arm-none-eabi/12.3.1/thumb/v7e-m+fp/hard/libgcc.a(_aeabi_uldivmod.o)
                0x080001e4                __aeabi_uldivmod
 .text          0x08000214      0x2bc /opt/st/stm32cubeide_1.17.0/plugins/com.st.stm32cube.ide.mcu.externaltools.gnu-tools-for-stm32.12.3.rel1.linux64_1.1.0.202410170702/tools/bin/../lib/gcc/arm-none-eabi/12.3.1/thumb/v7e-m+fp/hard/libgcc.a(_udivmoddi4.o)
                0x08000214                __udivmoddi4
 .text          0x080004d0        0x4 /opt/st/stm32cubeide_1.17.0/plugins/com.st.stm32cube.ide.mcu.externaltools.gnu-tools-for-stm32.12.3.rel1.linux64_1.1.0.202410170702/tools/bin/../lib/gcc/arm-none-eabi/12.3.1/thumb/v7e-m+fp/hard/libgcc.a(_dvmd_tls.o)
                0x080004d0                __aeabi_ldiv0
                0x080004d0                __aeabi_idiv0
 *(.text*)
 .text._ZnwjPv  0x080004d4       0x18 ./Core/Src/main.o
                0x080004d4                operator new(unsigned int, void*)
 .text._ZNSt15_Rb_tree_headerC2Ev
                0x080004ec       0x1e ./Core/Src/main.o
                0x080004ec                std::_Rb_tree_header::_Rb_tree_header()
                0x080004ec                std::_Rb_tree_header::_Rb_tree_header()
 .text._ZNSt15_Rb_tree_header8_M_resetEv
                0x0800050a       0x2c ./Core/Src/main.o
                0x0800050a                std::_Rb_tree_header::_M_reset()
 .text._ZNSt4pairIKcNSt7__cxx1112basic_stringIcSt11char_traitsIcESaIcEEEED2Ev
                0x08000536       0x1c ./Core/Src/main.o
                0x08000536                std::pair<char const, std::__cxx11::basic_string<char, std::char_traits<char>, std::allocator<char> > >::~pair()
                0x08000536                std::pair<char const, std::__cxx11::basic_string<char, std::char_traits<char>, std::allocator<char> > >::~pair()
 .text._ZNSt4pairIKcNSt7__cxx1112basic_stringIcSt11char_traitsIcESaIcEEEEC1IcRA3_S0_Lb1EEEOT_OT0_
                0x08000552       0x52 ./Core/Src/main.o
                0x08000552                std::pair<char const, std::__cxx11::basic_string<char, std::char_traits<char>, std::allocator<char> > >::pair<char, char const (&) [3], true>(char&&, char const (&) [3])
 .text._ZNSt4pairIKcNSt7__cxx1112basic_stringIcSt11char_traitsIcESaIcEEEEC1IcRA5_S0_Lb1EEEOT_OT0_
                0x080005a4       0x52 ./Core/Src/main.o
                0x080005a4                std::pair<char const, std::__cxx11::basic_string<char, std::char_traits<char>, std::allocator<char> > >::pair<char, char const (&) [5], true>(char&&, char const (&) [5])
 .text._ZNSt4pairIKcNSt7__cxx1112basic_stringIcSt11char_traitsIcESaIcEEEEC1IcRA4_S0_Lb1EEEOT_OT0_
                0x080005f6       0x52 ./Core/Src/main.o
                0x080005f6                std::pair<char const, std::__cxx11::basic_string<char, std::char_traits<char>, std::allocator<char> > >::pair<char, char const (&) [4], true>(char&&, char const (&) [4])
 .text._ZNSt4pairIKcNSt7__cxx1112basic_stringIcSt11char_traitsIcESaIcEEEEC1IcRA2_S0_Lb1EEEOT_OT0_
                0x08000648       0x52 ./Core/Src/main.o
                0x08000648                std::pair<char const, std::__cxx11::basic_string<char, std::char_traits<char>, std::allocator<char> > >::pair<char, char const (&) [2], true>(char&&, char const (&) [2])
 .text._ZNSt4pairIKcNSt7__cxx1112basic_stringIcSt11char_traitsIcESaIcEEEEC1IcRA6_S0_Lb1EEEOT_OT0_
                0x0800069a       0x52 ./Core/Src/main.o
                0x0800069a                std::pair<char const, std::__cxx11::basic_string<char, std::char_traits<char>, std::allocator<char> > >::pair<char, char const (&) [6], true>(char&&, char const (&) [6])
 .text._ZNSt3mapIcNSt7__cxx1112basic_stringIcSt11char_traitsIcESaIcEEESt4lessIcESaISt4pairIKcS5_EEED2Ev
                0x080006ec       0x1a ./Core/Src/main.o
                0x080006ec                std::map<char, std::__cxx11::basic_string<char, std::char_traits<char>, std::allocator<char> >, std::less<char>, std::allocator<std::pair<char const, std::__cxx11::basic_string<char, std::char_traits<char>, std::allocator<char> > > > >::~map()
                0x080006ec                std::map<char, std::__cxx11::basic_string<char, std::char_traits<char>, std::allocator<char> >, std::less<char>, std::allocator<std::pair<char const, std::__cxx11::basic_string<char, std::char_traits<char>, std::allocator<char> > > > >::~map()
 *fill*         0x08000706        0x2 
 .text._Z15TextToMorseCodeNSt7__cxx1112basic_stringIcSt11char_traitsIcESaIcEEE
                0x08000708      0x5e8 ./Core/Src/main.o
                0x08000708                TextToMorseCode(std::__cxx11::basic_string<char, std::char_traits<char>, std::allocator<char> >)
 .text._Z8blinkLEDNSt7__cxx1112basic_stringIcSt11char_traitsIcESaIcEEE
                0x08000cf0       0xf4 ./Core/Src/main.o
                0x08000cf0                blinkLED(std::__cxx11::basic_string<char, std::char_traits<char>, std::allocator<char> >)
 .text.main     0x08000de4       0xa4 ./Core/Src/main.o
                0x08000de4                main
 .text._Z18SystemClock_Configv
                0x08000e88       0xd4 ./Core/Src/main.o
                0x08000e88                SystemClock_Config()
 .text._ZL12MX_GPIO_Initv
                0x08000f5c       0xa4 ./Core/Src/main.o
 .text.Error_Handler
                0x08001000        0xc ./Core/Src/main.o
                0x08001000                Error_Handler
 .text._ZSt7forwardIcEOT_RNSt16remove_referenceIS0_E4typeE
                0x0800100c       0x16 ./Core/Src/main.o
                0x0800100c                char&& std::forward<char>(std::remove_reference<char>::type&)
 .text._ZSt7forwardIRA3_KcEOT_RNSt16remove_referenceIS3_E4typeE
                0x08001022       0x16 ./Core/Src/main.o
                0x08001022                char const (&std::forward<char const (&) [3]>(std::remove_reference<char const (&) [3]>::type&)) [3]
 .text._ZSt7forwardIRA5_KcEOT_RNSt16remove_referenceIS3_E4typeE
                0x08001038       0x16 ./Core/Src/main.o
                0x08001038                char const (&std::forward<char const (&) [5]>(std::remove_reference<char const (&) [5]>::type&)) [5]
 .text._ZSt7forwardIRA4_KcEOT_RNSt16remove_referenceIS3_E4typeE
                0x0800104e       0x16 ./Core/Src/main.o
                0x0800104e                char const (&std::forward<char const (&) [4]>(std::remove_reference<char const (&) [4]>::type&)) [4]
 .text._ZSt7forwardIRA2_KcEOT_RNSt16remove_referenceIS3_E4typeE
                0x08001064       0x16 ./Core/Src/main.o
                0x08001064                char const (&std::forward<char const (&) [2]>(std::remove_reference<char const (&) [2]>::type&)) [2]
 .text._ZSt7forwardIRA6_KcEOT_RNSt16remove_referenceIS3_E4typeE
                0x0800107a       0x16 ./Core/Src/main.o
                0x0800107a                char const (&std::forward<char const (&) [6]>(std::remove_reference<char const (&) [6]>::type&)) [6]
 .text._ZNSaISt4pairIKcNSt7__cxx1112basic_stringIcSt11char_traitsIcESaIcEEEEEC2Ev
                0x08001090       0x18 ./Core/Src/main.o
                0x08001090                std::allocator<std::pair<char const, std::__cxx11::basic_string<char, std::char_traits<char>, std::allocator<char> > > >::allocator()
                0x08001090                std::allocator<std::pair<char const, std::__cxx11::basic_string<char, std::char_traits<char>, std::allocator<char> > > >::allocator()
 .text._ZNSaISt4pairIKcNSt7__cxx1112basic_stringIcSt11char_traitsIcESaIcEEEEED2Ev
                0x080010a8       0x18 ./Core/Src/main.o
                0x080010a8                std::allocator<std::pair<char const, std::__cxx11::basic_string<char, std::char_traits<char>, std::allocator<char> > > >::~allocator()
                0x080010a8                std::allocator<std::pair<char const, std::__cxx11::basic_string<char, std::char_traits<char>, std::allocator<char> > > >::~allocator()
 .text._ZNSt3mapIcNSt7__cxx1112basic_stringIcSt11char_traitsIcESaIcEEESt4lessIcESaISt4pairIKcS5_EEEC2ESt16initializer_listISA_ERKS7_RKSB_
                0x080010c0       0x60 ./Core/Src/main.o
                0x080010c0                std::map<char, std::__cxx11::basic_string<char, std::char_traits<char>, std::allocator<char> >, std::less<char>, std::allocator<std::pair<char const, std::__cxx11::basic_string<char, std::char_traits<char>, std::allocator<char> > > > >::map(std::initializer_list<std::pair<char const, std::__cxx11::basic_string<char, std::char_traits<char>, std::allocator<char> > > >, std::less<char> const&, std::allocator<std::pair<char const, std::__cxx11::basic_string<char, std::char_traits<char>, std::allocator<char> > > > const&)
                0x080010c0                std::map<char, std::__cxx11::basic_string<char, std::char_traits<char>, std::allocator<char> >, std::less<char>, std::allocator<std::pair<char const, std::__cxx11::basic_string<char, std::char_traits<char>, std::allocator<char> > > > >::map(std::initializer_list<std::pair<char const, std::__cxx11::basic_string<char, std::char_traits<char>, std::allocator<char> > > >, std::less<char> const&, std::allocator<std::pair<char const, std::__cxx11::basic_string<char, std::char_traits<char>, std::allocator<char> > > > const&)
 .text._ZNSt8_Rb_treeIcSt4pairIKcNSt7__cxx1112basic_stringIcSt11char_traitsIcESaIcEEEESt10_Select1stIS8_ESt4lessIcESaIS8_EE13_Rb_tree_implISC_Lb1EED2Ev
                0x08001120       0x18 ./Core/Src/main.o
                0x08001120                std::_Rb_tree<char, std::pair<char const, std::__cxx11::basic_string<char, std::char_traits<char>, std::allocator<char> > >, std::_Select1st<std::pair<char const, std::__cxx11::basic_string<char, std::char_traits<char>, std::allocator<char> > > >, std::less<char>, std::allocator<std::pair<char const, std::__cxx11::basic_string<char, std::char_traits<char>, std::allocator<char> > > > >::_Rb_tree_impl<std::less<char>, true>::~_Rb_tree_impl()
                0x08001120                std::_Rb_tree<char, std::pair<char const, std::__cxx11::basic_string<char, std::char_traits<char>, std::allocator<char> > >, std::_Select1st<std::pair<char const, std::__cxx11::basic_string<char, std::char_traits<char>, std::allocator<char> > > >, std::less<char>, std::allocator<std::pair<char const, std::__cxx11::basic_string<char, std::char_traits<char>, std::allocator<char> > > > >::_Rb_tree_impl<std::less<char>, true>::~_Rb_tree_impl()
 .text._ZNSt8_Rb_treeIcSt4pairIKcNSt7__cxx1112basic_stringIcSt11char_traitsIcESaIcEEEESt10_Select1stIS8_ESt4lessIcESaIS8_EED2Ev
                0x08001138       0x2a ./Core/Src/main.o
                0x08001138                std::_Rb_tree<char, std::pair<char const, std::__cxx11::basic_string<char, std::char_traits<char>, std::allocator<char> > >, std::_Select1st<std::pair<char const, std::__cxx11::basic_string<char, std::char_traits<char>, std::allocator<char> > > >, std::less<char>, std::allocator<std::pair<char const, std::__cxx11::basic_string<char, std::char_traits<char>, std::allocator<char> > > > >::~_Rb_tree()
                0x08001138                std::_Rb_tree<char, std::pair<char const, std::__cxx11::basic_string<char, std::char_traits<char>, std::allocator<char> > >, std::_Select1st<std::pair<char const, std::__cxx11::basic_string<char, std::char_traits<char>, std::allocator<char> > > >, std::less<char>, std::allocator<std::pair<char const, std::__cxx11::basic_string<char, std::char_traits<char>, std::allocator<char> > > > >::~_Rb_tree()
 .text._ZN9__gnu_cxxneIPcNSt7__cxx1112basic_stringIcSt11char_traitsIcESaIcEEEEEbRKNS_17__normal_iteratorIT_T0_EESD_
                0x08001162       0x30 ./Core/Src/main.o
                0x08001162                bool __gnu_cxx::operator!=<char*, std::__cxx11::basic_string<char, std::char_traits<char>, std::allocator<char> > >(__gnu_cxx::__normal_iterator<char*, std::__cxx11::basic_string<char, std::char_traits<char>, std::allocator<char> > > const&, __gnu_cxx::__normal_iterator<char*, std::__cxx11::basic_string<char, std::char_traits<char>, std::allocator<char> > > const&)
 .text._ZN9__gnu_cxx17__normal_iteratorIPcNSt7__cxx1112basic_stringIcSt11char_traitsIcESaIcEEEEppEv
                0x08001192       0x20 ./Core/Src/main.o
                0x08001192                __gnu_cxx::__normal_iterator<char*, std::__cxx11::basic_string<char, std::char_traits<char>, std::allocator<char> > >::operator++()
 .text._ZNK9__gnu_cxx17__normal_iteratorIPcNSt7__cxx1112basic_stringIcSt11char_traitsIcESaIcEEEEdeEv
                0x080011b2       0x18 ./Core/Src/main.o
                0x080011b2                __gnu_cxx::__normal_iterator<char*, std::__cxx11::basic_string<char, std::char_traits<char>, std::allocator<char> > >::operator*() const
 *fill*         0x080011ca        0x2 
 .text._ZNSt3mapIcNSt7__cxx1112basic_stringIcSt11char_traitsIcESaIcEEESt4lessIcESaISt4pairIKcS5_EEEixERS9_
                0x080011cc       0xb8 ./Core/Src/main.o
                0x080011cc                std::map<char, std::__cxx11::basic_string<char, std::char_traits<char>, std::allocator<char> >, std::less<char>, std::allocator<std::pair<char const, std::__cxx11::basic_string<char, std::char_traits<char>, std::allocator<char> > > > >::operator[](char const&)
 .text._ZNSt15__new_allocatorISt4pairIKcNSt7__cxx1112basic_stringIcSt11char_traitsIcESaIcEEEEEC2Ev
                0x08001284       0x16 ./Core/Src/main.o
                0x08001284                std::__new_allocator<std::pair<char const, std::__cxx11::basic_string<char, std::char_traits<char>, std::allocator<char> > > >::__new_allocator()
                0x08001284                std::__new_allocator<std::pair<char const, std::__cxx11::basic_string<char, std::char_traits<char>, std::allocator<char> > > >::__new_allocator()
 .text._ZNSt15__new_allocatorISt4pairIKcNSt7__cxx1112basic_stringIcSt11char_traitsIcESaIcEEEEED2Ev
                0x0800129a       0x16 ./Core/Src/main.o
                0x0800129a                std::__new_allocator<std::pair<char const, std::__cxx11::basic_string<char, std::char_traits<char>, std::allocator<char> > > >::~__new_allocator()
                0x0800129a                std::__new_allocator<std::pair<char const, std::__cxx11::basic_string<char, std::char_traits<char>, std::allocator<char> > > >::~__new_allocator()
 .text._ZNSaISt4pairIKcNSt7__cxx1112basic_stringIcSt11char_traitsIcESaIcEEEEEC2ERKS8_
                0x080012b0       0x1c ./Core/Src/main.o
                0x080012b0                std::allocator<std::pair<char const, std::__cxx11::basic_string<char, std::char_traits<char>, std::allocator<char> > > >::allocator(std::allocator<std::pair<char const, std::__cxx11::basic_string<char, std::char_traits<char>, std::allocator<char> > > > const&)
                0x080012b0                std::allocator<std::pair<char const, std::__cxx11::basic_string<char, std::char_traits<char>, std::allocator<char> > > >::allocator(std::allocator<std::pair<char const, std::__cxx11::basic_string<char, std::char_traits<char>, std::allocator<char> > > > const&)
 .text._ZNSt8_Rb_treeIcSt4pairIKcNSt7__cxx1112basic_stringIcSt11char_traitsIcESaIcEEEESt10_Select1stIS8_ESt4lessIcESaIS8_EEC2ERKSC_RKSD_
                0x080012cc       0x3c ./Core/Src/main.o
                0x080012cc                std::_Rb_tree<char, std::pair<char const, std::__cxx11::basic_string<char, std::char_traits<char>, std::allocator<char> > >, std::_Select1st<std::pair<char const, std::__cxx11::basic_string<char, std::char_traits<char>, std::allocator<char> > > >, std::less<char>, std::allocator<std::pair<char const, std::__cxx11::basic_string<char, std::char_traits<char>, std::allocator<char> > > > >::_Rb_tree(std::less<char> const&, std::allocator<std::pair<char const, std::__cxx11::basic_string<char, std::char_traits<char>, std::allocator<char> > > > const&)
                0x080012cc                std::_Rb_tree<char, std::pair<char const, std::__cxx11::basic_string<char, std::char_traits<char>, std::allocator<char> > >, std::_Select1st<std::pair<char const, std::__cxx11::basic_string<char, std::char_traits<char>, std::allocator<char> > > >, std::less<char>, std::allocator<std::pair<char const, std::__cxx11::basic_string<char, std::char_traits<char>, std::allocator<char> > > > >::_Rb_tree(std::less<char> const&, std::allocator<std::pair<char const, std::__cxx11::basic_string<char, std::char_traits<char>, std::allocator<char> > > > const&)
 .text._ZNKSt16initializer_listISt4pairIKcNSt7__cxx1112basic_stringIcSt11char_traitsIcESaIcEEEEE5beginEv
                0x08001308       0x18 ./Core/Src/main.o
                0x08001308                std::initializer_list<std::pair<char const, std::__cxx11::basic_string<char, std::char_traits<char>, std::allocator<char> > > >::begin() const
 .text._ZNKSt16initializer_listISt4pairIKcNSt7__cxx1112basic_stringIcSt11char_traitsIcESaIcEEEEE3endEv
                0x08001320       0x2a ./Core/Src/main.o
                0x08001320                std::initializer_list<std::pair<char const, std::__cxx11::basic_string<char, std::char_traits<char>, std::allocator<char> > > >::end() const
 .text._ZNSt8_Rb_treeIcSt4pairIKcNSt7__cxx1112basic_stringIcSt11char_traitsIcESaIcEEEESt10_Select1stIS8_ESt4lessIcESaIS8_EE22_M_insert_range_uniqueIPKS8_EENSt9enable_ifIXsrSt7is_sameIS8_NSt15iterator_traitsIT_E10value_typeEE5valueEvE4typeESL_SL_
                0x0800134a       0x5a ./Core/Src/main.o
                0x0800134a                std::enable_if<std::is_same<std::pair<char const, std::__cxx11::basic_string<char, std::char_traits<char>, std::allocator<char> > >, std::iterator_traits<std::pair<char const, std::__cxx11::basic_string<char, std::char_traits<char>, std::allocator<char> > > const*>::value_type>::value, void>::type std::_Rb_tree<char, std::pair<char const, std::__cxx11::basic_string<char, std::char_traits<char>, std::allocator<char> > >, std::_Select1st<std::pair<char const, std::__cxx11::basic_string<char, std::char_traits<char>, std::allocator<char> > > >, std::less<char>, std::allocator<std::pair<char const, std::__cxx11::basic_string<char, std::char_traits<char>, std::allocator<char> > > > >::_M_insert_range_unique<std::pair<char const, std::__cxx11::basic_string<char, std::char_traits<char>, std::allocator<char> > > const*>(std::pair<char const, std::__cxx11::basic_string<char, std::char_traits<char>, std::allocator<char> > > const*, std::pair<char const, std::__cxx11::basic_string<char, std::char_traits<char>, std::allocator<char> > > const*)
 .text._ZNSaISt13_Rb_tree_nodeISt4pairIKcNSt7__cxx1112basic_stringIcSt11char_traitsIcESaIcEEEEEED2Ev
                0x080013a4       0x18 ./Core/Src/main.o
                0x080013a4                std::allocator<std::_Rb_tree_node<std::pair<char const, std::__cxx11::basic_string<char, std::char_traits<char>, std::allocator<char> > > > >::~allocator()
                0x080013a4                std::allocator<std::_Rb_tree_node<std::pair<char const, std::__cxx11::basic_string<char, std::char_traits<char>, std::allocator<char> > > > >::~allocator()
 .text._ZNSt8_Rb_treeIcSt4pairIKcNSt7__cxx1112basic_stringIcSt11char_traitsIcESaIcEEEESt10_Select1stIS8_ESt4lessIcESaIS8_EE8_M_eraseEPSt13_Rb_tree_nodeIS8_E
                0x080013bc       0x40 ./Core/Src/main.o
                0x080013bc                std::_Rb_tree<char, std::pair<char const, std::__cxx11::basic_string<char, std::char_traits<char>, std::allocator<char> > >, std::_Select1st<std::pair<char const, std::__cxx11::basic_string<char, std::char_traits<char>, std::allocator<char> > > >, std::less<char>, std::allocator<std::pair<char const, std::__cxx11::basic_string<char, std::char_traits<char>, std::allocator<char> > > > >::_M_erase(std::_Rb_tree_node<std::pair<char const, std::__cxx11::basic_string<char, std::char_traits<char>, std::allocator<char> > > >*)
 .text._ZNSt8_Rb_treeIcSt4pairIKcNSt7__cxx1112basic_stringIcSt11char_traitsIcESaIcEEEESt10_Select1stIS8_ESt4lessIcESaIS8_EE8_M_beginEv
                0x080013fc       0x18 ./Core/Src/main.o
                0x080013fc                std::_Rb_tree<char, std::pair<char const, std::__cxx11::basic_string<char, std::char_traits<char>, std::allocator<char> > >, std::_Select1st<std::pair<char const, std::__cxx11::basic_string<char, std::char_traits<char>, std::allocator<char> > > >, std::less<char>, std::allocator<std::pair<char const, std::__cxx11::basic_string<char, std::char_traits<char>, std::allocator<char> > > > >::_M_begin()
 .text._ZNK9__gnu_cxx17__normal_iteratorIPcNSt7__cxx1112basic_stringIcSt11char_traitsIcESaIcEEEE4baseEv
                0x08001414       0x16 ./Core/Src/main.o
                0x08001414                __gnu_cxx::__normal_iterator<char*, std::__cxx11::basic_string<char, std::char_traits<char>, std::allocator<char> > >::base() const
 .text._ZNSt3mapIcNSt7__cxx1112basic_stringIcSt11char_traitsIcESaIcEEESt4lessIcESaISt4pairIKcS5_EEE11lower_boundERS9_
                0x0800142a       0x1e ./Core/Src/main.o
                0x0800142a                std::map<char, std::__cxx11::basic_string<char, std::char_traits<char>, std::allocator<char> >, std::less<char>, std::allocator<std::pair<char const, std::__cxx11::basic_string<char, std::char_traits<char>, std::allocator<char> > > > >::lower_bound(char const&)
 .text._ZNSt3mapIcNSt7__cxx1112basic_stringIcSt11char_traitsIcESaIcEEESt4lessIcESaISt4pairIKcS5_EEE3endEv
                0x08001448       0x1a ./Core/Src/main.o
                0x08001448                std::map<char, std::__cxx11::basic_string<char, std::char_traits<char>, std::allocator<char> >, std::less<char>, std::allocator<std::pair<char const, std::__cxx11::basic_string<char, std::char_traits<char>, std::allocator<char> > > > >::end()
 .text._ZSteqRKSt17_Rb_tree_iteratorISt4pairIKcNSt7__cxx1112basic_stringIcSt11char_traitsIcESaIcEEEEESB_
                0x08001462       0x28 ./Core/Src/main.o
                0x08001462                std::operator==(std::_Rb_tree_iterator<std::pair<char const, std::__cxx11::basic_string<char, std::char_traits<char>, std::allocator<char> > > > const&, std::_Rb_tree_iterator<std::pair<char const, std::__cxx11::basic_string<char, std::char_traits<char>, std::allocator<char> > > > const&)
 .text._ZNKSt3mapIcNSt7__cxx1112basic_stringIcSt11char_traitsIcESaIcEEESt4lessIcESaISt4pairIKcS5_EEE8key_compEv
                0x0800148a       0x1a ./Core/Src/main.o
                0x0800148a                std::map<char, std::__cxx11::basic_string<char, std::char_traits<char>, std::allocator<char> >, std::less<char>, std::allocator<std::pair<char const, std::__cxx11::basic_string<char, std::char_traits<char>, std::allocator<char> > > > >::key_comp() const
 .text._ZNKSt17_Rb_tree_iteratorISt4pairIKcNSt7__cxx1112basic_stringIcSt11char_traitsIcESaIcEEEEEdeEv
                0x080014a4       0x1c ./Core/Src/main.o
                0x080014a4                std::_Rb_tree_iterator<std::pair<char const, std::__cxx11::basic_string<char, std::char_traits<char>, std::allocator<char> > > >::operator*() const
 .text._ZNKSt4lessIcEclERKcS2_
                0x080014c0       0x2a ./Core/Src/main.o
                0x080014c0                std::less<char>::operator()(char const&, char const&) const
 .text._ZNSt5tupleIJRKcEEC2ILb1ELb1EEES1_
                0x080014ea       0x1e ./Core/Src/main.o
                0x080014ea                std::tuple<char const&>::tuple<true, true>(char const&)
                0x080014ea                std::tuple<char const&>::tuple<true, true>(char const&)
 .text._ZNSt23_Rb_tree_const_iteratorISt4pairIKcNSt7__cxx1112basic_stringIcSt11char_traitsIcESaIcEEEEEC2ERKSt17_Rb_tree_iteratorIS8_E
                0x08001508       0x20 ./Core/Src/main.o
                0x08001508                std::_Rb_tree_const_iterator<std::pair<char const, std::__cxx11::basic_string<char, std::char_traits<char>, std::allocator<char> > > >::_Rb_tree_const_iterator(std::_Rb_tree_iterator<std::pair<char const, std::__cxx11::basic_string<char, std::char_traits<char>, std::allocator<char> > > > const&)
                0x08001508                std::_Rb_tree_const_iterator<std::pair<char const, std::__cxx11::basic_string<char, std::char_traits<char>, std::allocator<char> > > >::_Rb_tree_const_iterator(std::_Rb_tree_iterator<std::pair<char const, std::__cxx11::basic_string<char, std::char_traits<char>, std::allocator<char> > > > const&)
 .text._ZNSt8_Rb_treeIcSt4pairIKcNSt7__cxx1112basic_stringIcSt11char_traitsIcESaIcEEEESt10_Select1stIS8_ESt4lessIcESaIS8_EE22_M_emplace_hint_uniqueIJRKSt21piecewise_construct_tSt5tupleIJRS1_EESJ_IJEEEEESt17_Rb_tree_iteratorIS8_ESt23_Rb_tree_const_iteratorIS8_EDpOT_
                0x08001528       0x8c ./Core/Src/main.o
                0x08001528                std::_Rb_tree_iterator<std::pair<char const, std::__cxx11::basic_string<char, std::char_traits<char>, std::allocator<char> > > > std::_Rb_tree<char, std::pair<char const, std::__cxx11::basic_string<char, std::char_traits<char>, std::allocator<char> > >, std::_Select1st<std::pair<char const, std::__cxx11::basic_string<char, std::char_traits<char>, std::allocator<char> > > >, std::less<char>, std::allocator<std::pair<char const, std::__cxx11::basic_string<char, std::char_traits<char>, std::allocator<char> > > > >::_M_emplace_hint_unique<std::piecewise_construct_t const&, std::tuple<char const&>, std::tuple<> >(std::_Rb_tree_const_iterator<std::pair<char const, std::__cxx11::basic_string<char, std::char_traits<char>, std::allocator<char> > > >, std::piecewise_construct_t const&, std::tuple<char const&>&&, std::tuple<>&&)
 .text._ZNSt15__new_allocatorISt4pairIKcNSt7__cxx1112basic_stringIcSt11char_traitsIcESaIcEEEEEC2ERKS9_
                0x080015b4       0x18 ./Core/Src/main.o
                0x080015b4                std::__new_allocator<std::pair<char const, std::__cxx11::basic_string<char, std::char_traits<char>, std::allocator<char> > > >::__new_allocator(std::__new_allocator<std::pair<char const, std::__cxx11::basic_string<char, std::char_traits<char>, std::allocator<char> > > > const&)
                0x080015b4                std::__new_allocator<std::pair<char const, std::__cxx11::basic_string<char, std::char_traits<char>, std::allocator<char> > > >::__new_allocator(std::__new_allocator<std::pair<char const, std::__cxx11::basic_string<char, std::char_traits<char>, std::allocator<char> > > > const&)
 .text._ZNSaISt13_Rb_tree_nodeISt4pairIKcNSt7__cxx1112basic_stringIcSt11char_traitsIcESaIcEEEEEEC2IS8_EERKSaIT_E
                0x080015cc       0x1a ./Core/Src/main.o
                0x080015cc                std::allocator<std::_Rb_tree_node<std::pair<char const, std::__cxx11::basic_string<char, std::char_traits<char>, std::allocator<char> > > > >::allocator<std::pair<char const, std::__cxx11::basic_string<char, std::char_traits<char>, std::allocator<char> > > >(std::allocator<std::pair<char const, std::__cxx11::basic_string<char, std::char_traits<char>, std::allocator<char> > > > const&)
                0x080015cc                std::allocator<std::_Rb_tree_node<std::pair<char const, std::__cxx11::basic_string<char, std::char_traits<char>, std::allocator<char> > > > >::allocator<std::pair<char const, std::__cxx11::basic_string<char, std::char_traits<char>, std::allocator<char> > > >(std::allocator<std::pair<char const, std::__cxx11::basic_string<char, std::char_traits<char>, std::allocator<char> > > > const&)
 .text._ZNSt8_Rb_treeIcSt4pairIKcNSt7__cxx1112basic_stringIcSt11char_traitsIcESaIcEEEESt10_Select1stIS8_ESt4lessIcESaIS8_EE13_Rb_tree_implISC_Lb1EEC2ERKSC_OSaISt13_Rb_tree_nodeIS8_EE
                0x080015e6       0x3a ./Core/Src/main.o
                0x080015e6                std::_Rb_tree<char, std::pair<char const, std::__cxx11::basic_string<char, std::char_traits<char>, std::allocator<char> > >, std::_Select1st<std::pair<char const, std::__cxx11::basic_string<char, std::char_traits<char>, std::allocator<char> > > >, std::less<char>, std::allocator<std::pair<char const, std::__cxx11::basic_string<char, std::char_traits<char>, std::allocator<char> > > > >::_Rb_tree_impl<std::less<char>, true>::_Rb_tree_impl(std::less<char> const&, std::allocator<std::_Rb_tree_node<std::pair<char const, std::__cxx11::basic_string<char, std::char_traits<char>, std::allocator<char> > > > >&&)
                0x080015e6                std::_Rb_tree<char, std::pair<char const, std::__cxx11::basic_string<char, std::char_traits<char>, std::allocator<char> > >, std::_Select1st<std::pair<char const, std::__cxx11::basic_string<char, std::char_traits<char>, std::allocator<char> > > >, std::less<char>, std::allocator<std::pair<char const, std::__cxx11::basic_string<char, std::char_traits<char>, std::allocator<char> > > > >::_Rb_tree_impl<std::less<char>, true>::_Rb_tree_impl(std::less<char> const&, std::allocator<std::_Rb_tree_node<std::pair<char const, std::__cxx11::basic_string<char, std::char_traits<char>, std::allocator<char> > > > >&&)
 .text._ZNKSt16initializer_listISt4pairIKcNSt7__cxx1112basic_stringIcSt11char_traitsIcESaIcEEEEE4sizeEv
                0x08001620       0x18 ./Core/Src/main.o
                0x08001620                std::initializer_list<std::pair<char const, std::__cxx11::basic_string<char, std::char_traits<char>, std::allocator<char> > > >::size() const
 .text._ZNSt8_Rb_treeIcSt4pairIKcNSt7__cxx1112basic_stringIcSt11char_traitsIcESaIcEEEESt10_Select1stIS8_ESt4lessIcESaIS8_EE11_Alloc_nodeC2ERSE_
                0x08001638       0x1e ./Core/Src/main.o
                0x08001638                std::_Rb_tree<char, std::pair<char const, std::__cxx11::basic_string<char, std::char_traits<char>, std::allocator<char> > >, std::_Select1st<std::pair<char const, std::__cxx11::basic_string<char, std::char_traits<char>, std::allocator<char> > > >, std::less<char>, std::allocator<std::pair<char const, std::__cxx11::basic_string<char, std::char_traits<char>, std::allocator<char> > > > >::_Alloc_node::_Alloc_node(std::_Rb_tree<char, std::pair<char const, std::__cxx11::basic_string<char, std::char_traits<char>, std::allocator<char> > >, std::_Select1st<std::pair<char const, std::__cxx11::basic_string<char, std::char_traits<char>, std::allocator<char> > > >, std::less<char>, std::allocator<std::pair<char const, std::__cxx11::basic_string<char, std::char_traits<char>, std::allocator<char> > > > >&)
                0x08001638                std::_Rb_tree<char, std::pair<char const, std::__cxx11::basic_string<char, std::char_traits<char>, std::allocator<char> > >, std::_Select1st<std::pair<char const, std::__cxx11::basic_string<char, std::char_traits<char>, std::allocator<char> > > >, std::less<char>, std::allocator<std::pair<char const, std::__cxx11::basic_string<char, std::char_traits<char>, std::allocator<char> > > > >::_Alloc_node::_Alloc_node(std::_Rb_tree<char, std::pair<char const, std::__cxx11::basic_string<char, std::char_traits<char>, std::allocator<char> > >, std::_Select1st<std::pair<char const, std::__cxx11::basic_string<char, std::char_traits<char>, std::allocator<char> > > >, std::less<char>, std::allocator<std::pair<char const, std::__cxx11::basic_string<char, std::char_traits<char>, std::allocator<char> > > > >&)
 .text._ZNSt8_Rb_treeIcSt4pairIKcNSt7__cxx1112basic_stringIcSt11char_traitsIcESaIcEEEESt10_Select1stIS8_ESt4lessIcESaIS8_EE3endEv
                0x08001656       0x22 ./Core/Src/main.o
                0x08001656                std::_Rb_tree<char, std::pair<char const, std::__cxx11::basic_string<char, std::char_traits<char>, std::allocator<char> > >, std::_Select1st<std::pair<char const, std::__cxx11::basic_string<char, std::char_traits<char>, std::allocator<char> > > >, std::less<char>, std::allocator<std::pair<char const, std::__cxx11::basic_string<char, std::char_traits<char>, std::allocator<char> > > > >::end()
 .text._ZNSt8_Rb_treeIcSt4pairIKcNSt7__cxx1112basic_stringIcSt11char_traitsIcESaIcEEEESt10_Select1stIS8_ESt4lessIcESaIS8_EE17_M_insert_unique_IRKS8_NSE_11_Alloc_nodeEEESt17_Rb_tree_iteratorIS8_ESt23_Rb_tree_const_iteratorIS8_EOT_RT0_
                0x08001678       0x66 ./Core/Src/main.o
                0x08001678                std::_Rb_tree_iterator<std::pair<char const, std::__cxx11::basic_string<char, std::char_traits<char>, std::allocator<char> > > > std::_Rb_tree<char, std::pair<char const, std::__cxx11::basic_string<char, std::char_traits<char>, std::allocator<char> > >, std::_Select1st<std::pair<char const, std::__cxx11::basic_string<char, std::char_traits<char>, std::allocator<char> > > >, std::less<char>, std::allocator<std::pair<char const, std::__cxx11::basic_string<char, std::char_traits<char>, std::allocator<char> > > > >::_M_insert_unique_<std::pair<char const, std::__cxx11::basic_string<char, std::char_traits<char>, std::allocator<char> > > const&, std::_Rb_tree<char, std::pair<char const, std::__cxx11::basic_string<char, std::char_traits<char>, std::allocator<char> > >, std::_Select1st<std::pair<char const, std::__cxx11::basic_string<char, std::char_traits<char>, std::allocator<char> > > >, std::less<char>, std::allocator<std::pair<char const, std::__cxx11::basic_string<char, std::char_traits<char>, std::allocator<char> > > > >::_Alloc_node>(std::_Rb_tree_const_iterator<std::pair<char const, std::__cxx11::basic_string<char, std::char_traits<char>, std::allocator<char> > > >, std::pair<char const, std::__cxx11::basic_string<char, std::char_traits<char>, std::allocator<char> > > const&, std::_Rb_tree<char, std::pair<char const, std::__cxx11::basic_string<char, std::char_traits<char>, std::allocator<char> > >, std::_Select1st<std::pair<char const, std::__cxx11::basic_string<char, std::char_traits<char>, std::allocator<char> > > >, std::less<char>, std::allocator<std::pair<char const, std::__cxx11::basic_string<char, std::char_traits<char>, std::allocator<char> > > > >::_Alloc_node&)
 .text._ZNSt15__new_allocatorISt13_Rb_tree_nodeISt4pairIKcNSt7__cxx1112basic_stringIcSt11char_traitsIcESaIcEEEEEED2Ev
                0x080016de       0x16 ./Core/Src/main.o
                0x080016de                std::__new_allocator<std::_Rb_tree_node<std::pair<char const, std::__cxx11::basic_string<char, std::char_traits<char>, std::allocator<char> > > > >::~__new_allocator()
                0x080016de                std::__new_allocator<std::_Rb_tree_node<std::pair<char const, std::__cxx11::basic_string<char, std::char_traits<char>, std::allocator<char> > > > >::~__new_allocator()
 .text._ZNSt8_Rb_treeIcSt4pairIKcNSt7__cxx1112basic_stringIcSt11char_traitsIcESaIcEEEESt10_Select1stIS8_ESt4lessIcESaIS8_EE8_S_rightEPSt18_Rb_tree_node_base
                0x080016f4       0x18 ./Core/Src/main.o
                0x080016f4                std::_Rb_tree<char, std::pair<char const, std::__cxx11::basic_string<char, std::char_traits<char>, std::allocator<char> > >, std::_Select1st<std::pair<char const, std::__cxx11::basic_string<char, std::char_traits<char>, std::allocator<char> > > >, std::less<char>, std::allocator<std::pair<char const, std::__cxx11::basic_string<char, std::char_traits<char>, std::allocator<char> > > > >::_S_right(std::_Rb_tree_node_base*)
 .text._ZNSt8_Rb_treeIcSt4pairIKcNSt7__cxx1112basic_stringIcSt11char_traitsIcESaIcEEEESt10_Select1stIS8_ESt4lessIcESaIS8_EE7_S_leftEPSt18_Rb_tree_node_base
                0x0800170c       0x18 ./Core/Src/main.o
                0x0800170c                std::_Rb_tree<char, std::pair<char const, std::__cxx11::basic_string<char, std::char_traits<char>, std::allocator<char> > >, std::_Select1st<std::pair<char const, std::__cxx11::basic_string<char, std::char_traits<char>, std::allocator<char> > > >, std::less<char>, std::allocator<std::pair<char const, std::__cxx11::basic_string<char, std::char_traits<char>, std::allocator<char> > > > >::_S_left(std::_Rb_tree_node_base*)
 .text._ZNSt8_Rb_treeIcSt4pairIKcNSt7__cxx1112basic_stringIcSt11char_traitsIcESaIcEEEESt10_Select1stIS8_ESt4lessIcESaIS8_EE12_M_drop_nodeEPSt13_Rb_tree_nodeIS8_E
                0x08001724       0x22 ./Core/Src/main.o
                0x08001724                std::_Rb_tree<char, std::pair<char const, std::__cxx11::basic_string<char, std::char_traits<char>, std::allocator<char> > >, std::_Select1st<std::pair<char const, std::__cxx11::basic_string<char, std::char_traits<char>, std::allocator<char> > > >, std::less<char>, std::allocator<std::pair<char const, std::__cxx11::basic_string<char, std::char_traits<char>, std::allocator<char> > > > >::_M_drop_node(std::_Rb_tree_node<std::pair<char const, std::__cxx11::basic_string<char, std::char_traits<char>, std::allocator<char> > > >*)
 .text._ZNKSt8_Rb_treeIcSt4pairIKcNSt7__cxx1112basic_stringIcSt11char_traitsIcESaIcEEEESt10_Select1stIS8_ESt4lessIcESaIS8_EE9_M_mbeginEv
                0x08001746       0x18 ./Core/Src/main.o
                0x08001746                std::_Rb_tree<char, std::pair<char const, std::__cxx11::basic_string<char, std::char_traits<char>, std::allocator<char> > >, std::_Select1st<std::pair<char const, std::__cxx11::basic_string<char, std::char_traits<char>, std::allocator<char> > > >, std::less<char>, std::allocator<std::pair<char const, std::__cxx11::basic_string<char, std::char_traits<char>, std::allocator<char> > > > >::_M_mbegin() const
 .text._ZNSt8_Rb_treeIcSt4pairIKcNSt7__cxx1112basic_stringIcSt11char_traitsIcESaIcEEEESt10_Select1stIS8_ESt4lessIcESaIS8_EE11lower_boundERS1_
                0x0800175e       0x2e ./Core/Src/main.o
                0x0800175e                std::_Rb_tree<char, std::pair<char const, std::__cxx11::basic_string<char, std::char_traits<char>, std::allocator<char> > >, std::_Select1st<std::pair<char const, std::__cxx11::basic_string<char, std::char_traits<char>, std::allocator<char> > > >, std::less<char>, std::allocator<std::pair<char const, std::__cxx11::basic_string<char, std::char_traits<char>, std::allocator<char> > > > >::lower_bound(char const&)
 .text._ZNKSt8_Rb_treeIcSt4pairIKcNSt7__cxx1112basic_stringIcSt11char_traitsIcESaIcEEEESt10_Select1stIS8_ESt4lessIcESaIS8_EE8key_compEv
                0x0800178c       0x16 ./Core/Src/main.o
                0x0800178c                std::_Rb_tree<char, std::pair<char const, std::__cxx11::basic_string<char, std::char_traits<char>, std::allocator<char> > >, std::_Select1st<std::pair<char const, std::__cxx11::basic_string<char, std::char_traits<char>, std::allocator<char> > > >, std::less<char>, std::allocator<std::pair<char const, std::__cxx11::basic_string<char, std::char_traits<char>, std::allocator<char> > > > >::key_comp() const
 .text._ZNSt13_Rb_tree_nodeISt4pairIKcNSt7__cxx1112basic_stringIcSt11char_traitsIcESaIcEEEEE9_M_valptrEv
                0x080017a2       0x1c ./Core/Src/main.o
                0x080017a2                std::_Rb_tree_node<std::pair<char const, std::__cxx11::basic_string<char, std::char_traits<char>, std::allocator<char> > > >::_M_valptr()
 .text._ZNSt11_Tuple_implILj0EJRKcEEC2ES1_
                0x080017be       0x1e ./Core/Src/main.o
                0x080017be                std::_Tuple_impl<0u, char const&>::_Tuple_impl(char const&)
                0x080017be                std::_Tuple_impl<0u, char const&>::_Tuple_impl(char const&)
 .text._ZSt7forwardIRKSt21piecewise_construct_tEOT_RNSt16remove_referenceIS3_E4typeE
                0x080017dc       0x16 ./Core/Src/main.o
                0x080017dc                std::piecewise_construct_t const& std::forward<std::piecewise_construct_t const&>(std::remove_reference<std::piecewise_construct_t const&>::type&)
 .text._ZSt7forwardISt5tupleIJRKcEEEOT_RNSt16remove_referenceIS4_E4typeE
                0x080017f2       0x16 ./Core/Src/main.o
                0x080017f2                std::tuple<char const&>&& std::forward<std::tuple<char const&> >(std::remove_reference<std::tuple<char const&> >::type&)
 .text._ZSt7forwardISt5tupleIJEEEOT_RNSt16remove_referenceIS2_E4typeE
                0x08001808       0x16 ./Core/Src/main.o
                0x08001808                std::tuple<>&& std::forward<std::tuple<> >(std::remove_reference<std::tuple<> >::type&)
 .text._ZNSt8_Rb_treeIcSt4pairIKcNSt7__cxx1112basic_stringIcSt11char_traitsIcESaIcEEEESt10_Select1stIS8_ESt4lessIcESaIS8_EE10_Auto_nodeC2IJRKSt21piecewise_construct_tSt5tupleIJRS1_EESK_IJEEEEERSE_DpOT_
                0x0800181e       0x46 ./Core/Src/main.o
                0x0800181e                std::_Rb_tree<char, std::pair<char const, std::__cxx11::basic_string<char, std::char_traits<char>, std::allocator<char> > >, std::_Select1st<std::pair<char const, std::__cxx11::basic_string<char, std::char_traits<char>, std::allocator<char> > > >, std::less<char>, std::allocator<std::pair<char const, std::__cxx11::basic_string<char, std::char_traits<char>, std::allocator<char> > > > >::_Auto_node::_Auto_node<std::piecewise_construct_t const&, std::tuple<char const&>, std::tuple<> >(std::_Rb_tree<char, std::pair<char const, std::__cxx11::basic_string<char, std::char_traits<char>, std::allocator<char> > >, std::_Select1st<std::pair<char const, std::__cxx11::basic_string<char, std::char_traits<char>, std::allocator<char> > > >, std::less<char>, std::allocator<std::pair<char const, std::__cxx11::basic_string<char, std::char_traits<char>, std::allocator<char> > > > >&, std::piecewise_construct_t const&, std::tuple<char const&>&&, std::tuple<>&&)
                0x0800181e                std::_Rb_tree<char, std::pair<char const, std::__cxx11::basic_string<char, std::char_traits<char>, std::allocator<char> > >, std::_Select1st<std::pair<char const, std::__cxx11::basic_string<char, std::char_traits<char>, std::allocator<char> > > >, std::less<char>, std::allocator<std::pair<char const, std::__cxx11::basic_string<char, std::char_traits<char>, std::allocator<char> > > > >::_Auto_node::_Auto_node<std::piecewise_construct_t const&, std::tuple<char const&>, std::tuple<> >(std::_Rb_tree<char, std::pair<char const, std::__cxx11::basic_string<char, std::char_traits<char>, std::allocator<char> > >, std::_Select1st<std::pair<char const, std::__cxx11::basic_string<char, std::char_traits<char>, std::allocator<char> > > >, std::less<char>, std::allocator<std::pair<char const, std::__cxx11::basic_string<char, std::char_traits<char>, std::allocator<char> > > > >&, std::piecewise_construct_t const&, std::tuple<char const&>&&, std::tuple<>&&)
 .text._ZNSt8_Rb_treeIcSt4pairIKcNSt7__cxx1112basic_stringIcSt11char_traitsIcESaIcEEEESt10_Select1stIS8_ESt4lessIcESaIS8_EE10_Auto_nodeD2Ev
                0x08001864       0x2a ./Core/Src/main.o
                0x08001864                std::_Rb_tree<char, std::pair<char const, std::__cxx11::basic_string<char, std::char_traits<char>, std::allocator<char> > >, std::_Select1st<std::pair<char const, std::__cxx11::basic_string<char, std::char_traits<char>, std::allocator<char> > > >, std::less<char>, std::allocator<std::pair<char const, std::__cxx11::basic_string<char, std::char_traits<char>, std::allocator<char> > > > >::_Auto_node::~_Auto_node()
                0x08001864                std::_Rb_tree<char, std::pair<char const, std::__cxx11::basic_string<char, std::char_traits<char>, std::allocator<char> > >, std::_Select1st<std::pair<char const, std::__cxx11::basic_string<char, std::char_traits<char>, std::allocator<char> > > >, std::less<char>, std::allocator<std::pair<char const, std::__cxx11::basic_string<char, std::char_traits<char>, std::allocator<char> > > > >::_Auto_node::~_Auto_node()
 .text._ZNSt8_Rb_treeIcSt4pairIKcNSt7__cxx1112basic_stringIcSt11char_traitsIcESaIcEEEESt10_Select1stIS8_ESt4lessIcESaIS8_EE29_M_get_insert_hint_unique_posESt23_Rb_tree_const_iteratorIS8_ERS1_
                0x0800188e      0x246 ./Core/Src/main.o
                0x0800188e                std::_Rb_tree<char, std::pair<char const, std::__cxx11::basic_string<char, std::char_traits<char>, std::allocator<char> > >, std::_Select1st<std::pair<char const, std::__cxx11::basic_string<char, std::char_traits<char>, std::allocator<char> > > >, std::less<char>, std::allocator<std::pair<char const, std::__cxx11::basic_string<char, std::char_traits<char>, std::allocator<char> > > > >::_M_get_insert_hint_unique_pos(std::_Rb_tree_const_iterator<std::pair<char const, std::__cxx11::basic_string<char, std::char_traits<char>, std::allocator<char> > > >, char const&)
 .text._ZNKSt8_Rb_treeIcSt4pairIKcNSt7__cxx1112basic_stringIcSt11char_traitsIcESaIcEEEESt10_Select1stIS8_ESt4lessIcESaIS8_EE10_Auto_node6_M_keyEv
                0x08001ad4       0x1c ./Core/Src/main.o
                0x08001ad4                std::_Rb_tree<char, std::pair<char const, std::__cxx11::basic_string<char, std::char_traits<char>, std::allocator<char> > >, std::_Select1st<std::pair<char const, std::__cxx11::basic_string<char, std::char_traits<char>, std::allocator<char> > > >, std::less<char>, std::allocator<std::pair<char const, std::__cxx11::basic_string<char, std::char_traits<char>, std::allocator<char> > > > >::_Auto_node::_M_key() const
 .text._ZNSt8_Rb_treeIcSt4pairIKcNSt7__cxx1112basic_stringIcSt11char_traitsIcESaIcEEEESt10_Select1stIS8_ESt4lessIcESaIS8_EE10_Auto_node9_M_insertES0_IPSt18_Rb_tree_node_baseSH_E
                0x08001af0       0x32 ./Core/Src/main.o
                0x08001af0                std::_Rb_tree<char, std::pair<char const, std::__cxx11::basic_string<char, std::char_traits<char>, std::allocator<char> > >, std::_Select1st<std::pair<char const, std::__cxx11::basic_string<char, std::char_traits<char>, std::allocator<char> > > >, std::less<char>, std::allocator<std::pair<char const, std::__cxx11::basic_string<char, std::char_traits<char>, std::allocator<char> > > > >::_Auto_node::_M_insert(std::pair<std::_Rb_tree_node_base*, std::_Rb_tree_node_base*>)
 .text._ZNSt17_Rb_tree_iteratorISt4pairIKcNSt7__cxx1112basic_stringIcSt11char_traitsIcESaIcEEEEEC2EPSt18_Rb_tree_node_base
                0x08001b22       0x1e ./Core/Src/main.o
                0x08001b22                std::_Rb_tree_iterator<std::pair<char const, std::__cxx11::basic_string<char, std::char_traits<char>, std::allocator<char> > > >::_Rb_tree_iterator(std::_Rb_tree_node_base*)
                0x08001b22                std::_Rb_tree_iterator<std::pair<char const, std::__cxx11::basic_string<char, std::char_traits<char>, std::allocator<char> > > >::_Rb_tree_iterator(std::_Rb_tree_node_base*)
 .text._ZNSt15__new_allocatorISt13_Rb_tree_nodeISt4pairIKcNSt7__cxx1112basic_stringIcSt11char_traitsIcESaIcEEEEEEC2Ev
                0x08001b40       0x16 ./Core/Src/main.o
                0x08001b40                std::__new_allocator<std::_Rb_tree_node<std::pair<char const, std::__cxx11::basic_string<char, std::char_traits<char>, std::allocator<char> > > > >::__new_allocator()
                0x08001b40                std::__new_allocator<std::_Rb_tree_node<std::pair<char const, std::__cxx11::basic_string<char, std::char_traits<char>, std::allocator<char> > > > >::__new_allocator()
 .text._ZSt4moveIRSaISt13_Rb_tree_nodeISt4pairIKcNSt7__cxx1112basic_stringIcSt11char_traitsIcESaIcEEEEEEEONSt16remove_referenceIT_E4typeEOSE_
                0x08001b56       0x16 ./Core/Src/main.o
                0x08001b56                std::remove_reference<std::allocator<std::_Rb_tree_node<std::pair<char const, std::__cxx11::basic_string<char, std::char_traits<char>, std::allocator<char> > > > >&>::type&& std::move<std::allocator<std::_Rb_tree_node<std::pair<char const, std::__cxx11::basic_string<char, std::char_traits<char>, std::allocator<char> > > > >&>(std::allocator<std::_Rb_tree_node<std::pair<char const, std::__cxx11::basic_string<char, std::char_traits<char>, std::allocator<char> > > > >&)
 .text._ZNSaISt13_Rb_tree_nodeISt4pairIKcNSt7__cxx1112basic_stringIcSt11char_traitsIcESaIcEEEEEEC2ERKSA_
                0x08001b6c       0x1c ./Core/Src/main.o
                0x08001b6c                std::allocator<std::_Rb_tree_node<std::pair<char const, std::__cxx11::basic_string<char, std::char_traits<char>, std::allocator<char> > > > >::allocator(std::allocator<std::_Rb_tree_node<std::pair<char const, std::__cxx11::basic_string<char, std::char_traits<char>, std::allocator<char> > > > > const&)
                0x08001b6c                std::allocator<std::_Rb_tree_node<std::pair<char const, std::__cxx11::basic_string<char, std::char_traits<char>, std::allocator<char> > > > >::allocator(std::allocator<std::_Rb_tree_node<std::pair<char const, std::__cxx11::basic_string<char, std::char_traits<char>, std::allocator<char> > > > > const&)
 .text._ZNSt20_Rb_tree_key_compareISt4lessIcEEC2ERKS1_
                0x08001b88       0x18 ./Core/Src/main.o
                0x08001b88                std::_Rb_tree_key_compare<std::less<char> >::_Rb_tree_key_compare(std::less<char> const&)
                0x08001b88                std::_Rb_tree_key_compare<std::less<char> >::_Rb_tree_key_compare(std::less<char> const&)
 .text._ZNKSt10_Select1stISt4pairIKcNSt7__cxx1112basic_stringIcSt11char_traitsIcESaIcEEEEEclERKS8_
                0x08001ba0       0x18 ./Core/Src/main.o
                0x08001ba0                std::_Select1st<std::pair<char const, std::__cxx11::basic_string<char, std::char_traits<char>, std::allocator<char> > > >::operator()(std::pair<char const, std::__cxx11::basic_string<char, std::char_traits<char>, std::allocator<char> > > const&) const
 .text._ZSt7forwardIRKSt4pairIKcNSt7__cxx1112basic_stringIcSt11char_traitsIcESaIcEEEEEOT_RNSt16remove_referenceISB_E4typeE
                0x08001bb8       0x16 ./Core/Src/main.o
                0x08001bb8                std::pair<char const, std::__cxx11::basic_string<char, std::char_traits<char>, std::allocator<char> > > const& std::forward<std::pair<char const, std::__cxx11::basic_string<char, std::char_traits<char>, std::allocator<char> > > const&>(std::remove_reference<std::pair<char const, std::__cxx11::basic_string<char, std::char_traits<char>, std::allocator<char> > > const&>::type&)
 .text._ZNSt8_Rb_treeIcSt4pairIKcNSt7__cxx1112basic_stringIcSt11char_traitsIcESaIcEEEESt10_Select1stIS8_ESt4lessIcESaIS8_EE10_M_insert_IRKS8_NSE_11_Alloc_nodeEEESt17_Rb_tree_iteratorIS8_EPSt18_Rb_tree_node_baseSM_OT_RT0_
                0x08001bce       0x92 ./Core/Src/main.o
                0x08001bce                std::_Rb_tree_iterator<std::pair<char const, std::__cxx11::basic_string<char, std::char_traits<char>, std::allocator<char> > > > std::_Rb_tree<char, std::pair<char const, std::__cxx11::basic_string<char, std::char_traits<char>, std::allocator<char> > >, std::_Select1st<std::pair<char const, std::__cxx11::basic_string<char, std::char_traits<char>, std::allocator<char> > > >, std::less<char>, std::allocator<std::pair<char const, std::__cxx11::basic_string<char, std::char_traits<char>, std::allocator<char> > > > >::_M_insert_<std::pair<char const, std::__cxx11::basic_string<char, std::char_traits<char>, std::allocator<char> > > const&, std::_Rb_tree<char, std::pair<char const, std::__cxx11::basic_string<char, std::char_traits<char>, std::allocator<char> > >, std::_Select1st<std::pair<char const, std::__cxx11::basic_string<char, std::char_traits<char>, std::allocator<char> > > >, std::less<char>, std::allocator<std::pair<char const, std::__cxx11::basic_string<char, std::char_traits<char>, std::allocator<char> > > > >::_Alloc_node>(std::_Rb_tree_node_base*, std::_Rb_tree_node_base*, std::pair<char const, std::__cxx11::basic_string<char, std::char_traits<char>, std::allocator<char> > > const&, std::_Rb_tree<char, std::pair<char const, std::__cxx11::basic_string<char, std::char_traits<char>, std::allocator<char> > >, std::_Select1st<std::pair<char const, std::__cxx11::basic_string<char, std::char_traits<char>, std::allocator<char> > > >, std::less<char>, std::allocator<std::pair<char const, std::__cxx11::basic_string<char, std::char_traits<char>, std::allocator<char> > > > >::_Alloc_node&)
 .text._ZNSt8_Rb_treeIcSt4pairIKcNSt7__cxx1112basic_stringIcSt11char_traitsIcESaIcEEEESt10_Select1stIS8_ESt4lessIcESaIS8_EE15_M_destroy_nodeEPSt13_Rb_tree_nodeIS8_E
                0x08001c60       0x2a ./Core/Src/main.o
                0x08001c60                std::_Rb_tree<char, std::pair<char const, std::__cxx11::basic_string<char, std::char_traits<char>, std::allocator<char> > >, std::_Select1st<std::pair<char const, std::__cxx11::basic_string<char, std::char_traits<char>, std::allocator<char> > > >, std::less<char>, std::allocator<std::pair<char const, std::__cxx11::basic_string<char, std::char_traits<char>, std::allocator<char> > > > >::_M_destroy_node(std::_Rb_tree_node<std::pair<char const, std::__cxx11::basic_string<char, std::char_traits<char>, std::allocator<char> > > >*)
 .text._ZNSt8_Rb_treeIcSt4pairIKcNSt7__cxx1112basic_stringIcSt11char_traitsIcESaIcEEEESt10_Select1stIS8_ESt4lessIcESaIS8_EE11_M_put_nodeEPSt13_Rb_tree_nodeIS8_E
                0x08001c8a       0x24 ./Core/Src/main.o
                0x08001c8a                std::_Rb_tree<char, std::pair<char const, std::__cxx11::basic_string<char, std::char_traits<char>, std::allocator<char> > >, std::_Select1st<std::pair<char const, std::__cxx11::basic_string<char, std::char_traits<char>, std::allocator<char> > > >, std::less<char>, std::allocator<std::pair<char const, std::__cxx11::basic_string<char, std::char_traits<char>, std::allocator<char> > > > >::_M_put_node(std::_Rb_tree_node<std::pair<char const, std::__cxx11::basic_string<char, std::char_traits<char>, std::allocator<char> > > >*)
 .text._ZNSt8_Rb_treeIcSt4pairIKcNSt7__cxx1112basic_stringIcSt11char_traitsIcESaIcEEEESt10_Select1stIS8_ESt4lessIcESaIS8_EE6_M_endEv
                0x08001cae       0x18 ./Core/Src/main.o
                0x08001cae                std::_Rb_tree<char, std::pair<char const, std::__cxx11::basic_string<char, std::char_traits<char>, std::allocator<char> > >, std::_Select1st<std::pair<char const, std::__cxx11::basic_string<char, std::char_traits<char>, std::allocator<char> > > >, std::less<char>, std::allocator<std::pair<char const, std::__cxx11::basic_string<char, std::char_traits<char>, std::allocator<char> > > > >::_M_end()
 .text._ZNSt8_Rb_treeIcSt4pairIKcNSt7__cxx1112basic_stringIcSt11char_traitsIcESaIcEEEESt10_Select1stIS8_ESt4lessIcESaIS8_EE14_M_lower_boundEPSt13_Rb_tree_nodeIS8_EPSt18_Rb_tree_node_baseRS1_
                0x08001cc6       0x62 ./Core/Src/main.o
                0x08001cc6                std::_Rb_tree<char, std::pair<char const, std::__cxx11::basic_string<char, std::char_traits<char>, std::allocator<char> > >, std::_Select1st<std::pair<char const, std::__cxx11::basic_string<char, std::char_traits<char>, std::allocator<char> > > >, std::less<char>, std::allocator<std::pair<char const, std::__cxx11::basic_string<char, std::char_traits<char>, std::allocator<char> > > > >::_M_lower_bound(std::_Rb_tree_node<std::pair<char const, std::__cxx11::basic_string<char, std::char_traits<char>, std::allocator<char> > > >*, std::_Rb_tree_node_base*, char const&)
 .text._ZN9__gnu_cxx16__aligned_membufISt4pairIKcNSt7__cxx1112basic_stringIcSt11char_traitsIcESaIcEEEEE6_M_ptrEv
                0x08001d28       0x18 ./Core/Src/main.o
                0x08001d28                __gnu_cxx::__aligned_membuf<std::pair<char const, std::__cxx11::basic_string<char, std::char_traits<char>, std::allocator<char> > > >::_M_ptr()
 .text._ZNSt10_Head_baseILj0ERKcLb0EEC2ES1_
                0x08001d40       0x1e ./Core/Src/main.o
                0x08001d40                std::_Head_base<0u, char const&, false>::_Head_base(char const&)
                0x08001d40                std::_Head_base<0u, char const&, false>::_Head_base(char const&)
 .text._ZNSt8_Rb_treeIcSt4pairIKcNSt7__cxx1112basic_stringIcSt11char_traitsIcESaIcEEEESt10_Select1stIS8_ESt4lessIcESaIS8_EE14_M_create_nodeIJRKSt21piecewise_construct_tSt5tupleIJRS1_EESJ_IJEEEEEPSt13_Rb_tree_nodeIS8_EDpOT_
                0x08001d5e       0x46 ./Core/Src/main.o
                0x08001d5e                std::_Rb_tree_node<std::pair<char const, std::__cxx11::basic_string<char, std::char_traits<char>, std::allocator<char> > > >* std::_Rb_tree<char, std::pair<char const, std::__cxx11::basic_string<char, std::char_traits<char>, std::allocator<char> > >, std::_Select1st<std::pair<char const, std::__cxx11::basic_string<char, std::char_traits<char>, std::allocator<char> > > >, std::less<char>, std::allocator<std::pair<char const, std::__cxx11::basic_string<char, std::char_traits<char>, std::allocator<char> > > > >::_M_create_node<std::piecewise_construct_t const&, std::tuple<char const&>, std::tuple<> >(std::piecewise_construct_t const&, std::tuple<char const&>&&, std::tuple<>&&)
 .text._ZNKSt23_Rb_tree_const_iteratorISt4pairIKcNSt7__cxx1112basic_stringIcSt11char_traitsIcESaIcEEEEE13_M_const_castEv
                0x08001da4       0x22 ./Core/Src/main.o
                0x08001da4                std::_Rb_tree_const_iterator<std::pair<char const, std::__cxx11::basic_string<char, std::char_traits<char>, std::allocator<char> > > >::_M_const_cast() const
 .text._ZNKSt8_Rb_treeIcSt4pairIKcNSt7__cxx1112basic_stringIcSt11char_traitsIcESaIcEEEESt10_Select1stIS8_ESt4lessIcESaIS8_EE4sizeEv
                0x08001dc6       0x18 ./Core/Src/main.o
                0x08001dc6                std::_Rb_tree<char, std::pair<char const, std::__cxx11::basic_string<char, std::char_traits<char>, std::allocator<char> > >, std::_Select1st<std::pair<char const, std::__cxx11::basic_string<char, std::char_traits<char>, std::allocator<char> > > >, std::less<char>, std::allocator<std::pair<char const, std::__cxx11::basic_string<char, std::char_traits<char>, std::allocator<char> > > > >::size() const
 .text._ZNSt8_Rb_treeIcSt4pairIKcNSt7__cxx1112basic_stringIcSt11char_traitsIcESaIcEEEESt10_Select1stIS8_ESt4lessIcESaIS8_EE12_M_rightmostEv
                0x08001dde       0x18 ./Core/Src/main.o
                0x08001dde                std::_Rb_tree<char, std::pair<char const, std::__cxx11::basic_string<char, std::char_traits<char>, std::allocator<char> > >, std::_Select1st<std::pair<char const, std::__cxx11::basic_string<char, std::char_traits<char>, std::allocator<char> > > >, std::less<char>, std::allocator<std::pair<char const, std::__cxx11::basic_string<char, std::char_traits<char>, std::allocator<char> > > > >::_M_rightmost()
 .text._ZNSt8_Rb_treeIcSt4pairIKcNSt7__cxx1112basic_stringIcSt11char_traitsIcESaIcEEEESt10_Select1stIS8_ESt4lessIcESaIS8_EE6_S_keyEPKSt18_Rb_tree_node_base
                0x08001df6       0x18 ./Core/Src/main.o
                0x08001df6                std::_Rb_tree<char, std::pair<char const, std::__cxx11::basic_string<char, std::char_traits<char>, std::allocator<char> > >, std::_Select1st<std::pair<char const, std::__cxx11::basic_string<char, std::char_traits<char>, std::allocator<char> > > >, std::less<char>, std::allocator<std::pair<char const, std::__cxx11::basic_string<char, std::char_traits<char>, std::allocator<char> > > > >::_S_key(std::_Rb_tree_node_base const*)
 .text._ZNSt4pairIPSt18_Rb_tree_node_baseS1_EC2IS1_S1_Lb1EEERKS1_S5_
                0x08001e0e       0x2a ./Core/Src/main.o
                0x08001e0e                std::pair<std::_Rb_tree_node_base*, std::_Rb_tree_node_base*>::pair<std::_Rb_tree_node_base*, std::_Rb_tree_node_base*, true>(std::_Rb_tree_node_base* const&, std::_Rb_tree_node_base* const&)
                0x08001e0e                std::pair<std::_Rb_tree_node_base*, std::_Rb_tree_node_base*>::pair<std::_Rb_tree_node_base*, std::_Rb_tree_node_base*, true>(std::_Rb_tree_node_base* const&, std::_Rb_tree_node_base* const&)
 .text._ZNSt8_Rb_treeIcSt4pairIKcNSt7__cxx1112basic_stringIcSt11char_traitsIcESaIcEEEESt10_Select1stIS8_ESt4lessIcESaIS8_EE24_M_get_insert_unique_posERS1_
                0x08001e38      0x10a ./Core/Src/main.o
                0x08001e38                std::_Rb_tree<char, std::pair<char const, std::__cxx11::basic_string<char, std::char_traits<char>, std::allocator<char> > >, std::_Select1st<std::pair<char const, std::__cxx11::basic_string<char, std::char_traits<char>, std::allocator<char> > > >, std::less<char>, std::allocator<std::pair<char const, std::__cxx11::basic_string<char, std::char_traits<char>, std::allocator<char> > > > >::_M_get_insert_unique_pos(char const&)
 .text._ZNSt8_Rb_treeIcSt4pairIKcNSt7__cxx1112basic_stringIcSt11char_traitsIcESaIcEEEESt10_Select1stIS8_ESt4lessIcESaIS8_EE11_M_leftmostEv
                0x08001f42       0x18 ./Core/Src/main.o
                0x08001f42                std::_Rb_tree<char, std::pair<char const, std::__cxx11::basic_string<char, std::char_traits<char>, std::allocator<char> > >, std::_Select1st<std::pair<char const, std::__cxx11::basic_string<char, std::char_traits<char>, std::allocator<char> > > >, std::less<char>, std::allocator<std::pair<char const, std::__cxx11::basic_string<char, std::char_traits<char>, std::allocator<char> > > > >::_M_leftmost()
 .text._ZNSt4pairIPSt18_Rb_tree_node_baseS1_EC2IRS1_S4_Lb1EEEOT_OT0_
                0x08001f5a       0x32 ./Core/Src/main.o
                0x08001f5a                std::pair<std::_Rb_tree_node_base*, std::_Rb_tree_node_base*>::pair<std::_Rb_tree_node_base*&, std::_Rb_tree_node_base*&, true>(std::_Rb_tree_node_base*&, std::_Rb_tree_node_base*&)
                0x08001f5a                std::pair<std::_Rb_tree_node_base*, std::_Rb_tree_node_base*>::pair<std::_Rb_tree_node_base*&, std::_Rb_tree_node_base*&, true>(std::_Rb_tree_node_base*&, std::_Rb_tree_node_base*&)
 .text._ZNSt17_Rb_tree_iteratorISt4pairIKcNSt7__cxx1112basic_stringIcSt11char_traitsIcESaIcEEEEEmmEv
                0x08001f8c       0x22 ./Core/Src/main.o
                0x08001f8c                std::_Rb_tree_iterator<std::pair<char const, std::__cxx11::basic_string<char, std::char_traits<char>, std::allocator<char> > > >::operator--()
 .text._ZNSt17_Rb_tree_iteratorISt4pairIKcNSt7__cxx1112basic_stringIcSt11char_traitsIcESaIcEEEEEppEv
                0x08001fae       0x22 ./Core/Src/main.o
                0x08001fae                std::_Rb_tree_iterator<std::pair<char const, std::__cxx11::basic_string<char, std::char_traits<char>, std::allocator<char> > > >::operator++()
 .text._ZNSt8_Rb_treeIcSt4pairIKcNSt7__cxx1112basic_stringIcSt11char_traitsIcESaIcEEEESt10_Select1stIS8_ESt4lessIcESaIS8_EE6_S_keyEPKSt13_Rb_tree_nodeIS8_E
                0x08001fd0       0x26 ./Core/Src/main.o
                0x08001fd0                std::_Rb_tree<char, std::pair<char const, std::__cxx11::basic_string<char, std::char_traits<char>, std::allocator<char> > >, std::_Select1st<std::pair<char const, std::__cxx11::basic_string<char, std::char_traits<char>, std::allocator<char> > > >, std::less<char>, std::allocator<std::pair<char const, std::__cxx11::basic_string<char, std::char_traits<char>, std::allocator<char> > > > >::_S_key(std::_Rb_tree_node<std::pair<char const, std::__cxx11::basic_string<char, std::char_traits<char>, std::allocator<char> > > > const*)
 .text._ZNSt8_Rb_treeIcSt4pairIKcNSt7__cxx1112basic_stringIcSt11char_traitsIcESaIcEEEESt10_Select1stIS8_ESt4lessIcESaIS8_EE14_M_insert_nodeEPSt18_Rb_tree_node_baseSG_PSt13_Rb_tree_nodeIS8_E
                0x08001ff6       0x7a ./Core/Src/main.o
                0x08001ff6                std::_Rb_tree<char, std::pair<char const, std::__cxx11::basic_string<char, std::char_traits<char>, std::allocator<char> > >, std::_Select1st<std::pair<char const, std::__cxx11::basic_string<char, std::char_traits<char>, std::allocator<char> > > >, std::less<char>, std::allocator<std::pair<char const, std::__cxx11::basic_string<char, std::char_traits<char>, std::allocator<char> > > > >::_M_insert_node(std::_Rb_tree_node_base*, std::_Rb_tree_node_base*, std::_Rb_tree_node<std::pair<char const, std::__cxx11::basic_string<char, std::char_traits<char>, std::allocator<char> > > >*)
 .text._ZNSt15__new_allocatorISt13_Rb_tree_nodeISt4pairIKcNSt7__cxx1112basic_stringIcSt11char_traitsIcESaIcEEEEEEC2ERKSB_
                0x08002070       0x18 ./Core/Src/main.o
                0x08002070                std::__new_allocator<std::_Rb_tree_node<std::pair<char const, std::__cxx11::basic_string<char, std::char_traits<char>, std::allocator<char> > > > >::__new_allocator(std::__new_allocator<std::_Rb_tree_node<std::pair<char const, std::__cxx11::basic_string<char, std::char_traits<char>, std::allocator<char> > > > > const&)
                0x08002070                std::__new_allocator<std::_Rb_tree_node<std::pair<char const, std::__cxx11::basic_string<char, std::char_traits<char>, std::allocator<char> > > > >::__new_allocator(std::__new_allocator<std::_Rb_tree_node<std::pair<char const, std::__cxx11::basic_string<char, std::char_traits<char>, std::allocator<char> > > > > const&)
 .text._ZNKSt8_Rb_treeIcSt4pairIKcNSt7__cxx1112basic_stringIcSt11char_traitsIcESaIcEEEESt10_Select1stIS8_ESt4lessIcESaIS8_EE11_Alloc_nodeclIRKS8_EEPSt13_Rb_tree_nodeIS8_EOT_
                0x08002088       0x28 ./Core/Src/main.o
                0x08002088                std::_Rb_tree_node<std::pair<char const, std::__cxx11::basic_string<char, std::char_traits<char>, std::allocator<char> > > >* std::_Rb_tree<char, std::pair<char const, std::__cxx11::basic_string<char, std::char_traits<char>, std::allocator<char> > >, std::_Select1st<std::pair<char const, std::__cxx11::basic_string<char, std::char_traits<char>, std::allocator<char> > > >, std::less<char>, std::allocator<std::pair<char const, std::__cxx11::basic_string<char, std::char_traits<char>, std::allocator<char> > > > >::_Alloc_node::operator()<std::pair<char const, std::__cxx11::basic_string<char, std::char_traits<char>, std::allocator<char> > > const&>(std::pair<char const, std::__cxx11::basic_string<char, std::char_traits<char>, std::allocator<char> > > const&) const
 .text._ZNSt8_Rb_treeIcSt4pairIKcNSt7__cxx1112basic_stringIcSt11char_traitsIcESaIcEEEESt10_Select1stIS8_ESt4lessIcESaIS8_EE21_M_get_Node_allocatorEv
                0x080020b0       0x16 ./Core/Src/main.o
                0x080020b0                std::_Rb_tree<char, std::pair<char const, std::__cxx11::basic_string<char, std::char_traits<char>, std::allocator<char> > >, std::_Select1st<std::pair<char const, std::__cxx11::basic_string<char, std::char_traits<char>, std::allocator<char> > > >, std::less<char>, std::allocator<std::pair<char const, std::__cxx11::basic_string<char, std::char_traits<char>, std::allocator<char> > > > >::_M_get_Node_allocator()
 .text._ZNSt16allocator_traitsISaISt13_Rb_tree_nodeISt4pairIKcNSt7__cxx1112basic_stringIcSt11char_traitsIcESaIcEEEEEEE7destroyIS9_EEvRSB_PT_
                0x080020c6       0x1a ./Core/Src/main.o
                0x080020c6                void std::allocator_traits<std::allocator<std::_Rb_tree_node<std::pair<char const, std::__cxx11::basic_string<char, std::char_traits<char>, std::allocator<char> > > > > >::destroy<std::pair<char const, std::__cxx11::basic_string<char, std::char_traits<char>, std::allocator<char> > > >(std::allocator<std::_Rb_tree_node<std::pair<char const, std::__cxx11::basic_string<char, std::char_traits<char>, std::allocator<char> > > > >&, std::pair<char const, std::__cxx11::basic_string<char, std::char_traits<char>, std::allocator<char> > >*)
 .text._ZNSt16allocator_traitsISaISt13_Rb_tree_nodeISt4pairIKcNSt7__cxx1112basic_stringIcSt11char_traitsIcESaIcEEEEEEE10deallocateERSB_PSA_j
                0x080020e0       0x1e ./Core/Src/main.o
                0x080020e0                std::allocator_traits<std::allocator<std::_Rb_tree_node<std::pair<char const, std::__cxx11::basic_string<char, std::char_traits<char>, std::allocator<char> > > > > >::deallocate(std::allocator<std::_Rb_tree_node<std::pair<char const, std::__cxx11::basic_string<char, std::char_traits<char>, std::allocator<char> > > > >&, std::_Rb_tree_node<std::pair<char const, std::__cxx11::basic_string<char, std::char_traits<char>, std::allocator<char> > > >*, unsigned int)
 .text._ZN9__gnu_cxx16__aligned_membufISt4pairIKcNSt7__cxx1112basic_stringIcSt11char_traitsIcESaIcEEEEE7_M_addrEv
                0x080020fe       0x16 ./Core/Src/main.o
                0x080020fe                __gnu_cxx::__aligned_membuf<std::pair<char const, std::__cxx11::basic_string<char, std::char_traits<char>, std::allocator<char> > > >::_M_addr()
 .text._ZNSt8_Rb_treeIcSt4pairIKcNSt7__cxx1112basic_stringIcSt11char_traitsIcESaIcEEEESt10_Select1stIS8_ESt4lessIcESaIS8_EE11_M_get_nodeEv
                0x08002114       0x22 ./Core/Src/main.o
                0x08002114                std::_Rb_tree<char, std::pair<char const, std::__cxx11::basic_string<char, std::char_traits<char>, std::allocator<char> > >, std::_Select1st<std::pair<char const, std::__cxx11::basic_string<char, std::char_traits<char>, std::allocator<char> > > >, std::less<char>, std::allocator<std::pair<char const, std::__cxx11::basic_string<char, std::char_traits<char>, std::allocator<char> > > > >::_M_get_node()
 .text._ZNSt8_Rb_treeIcSt4pairIKcNSt7__cxx1112basic_stringIcSt11char_traitsIcESaIcEEEESt10_Select1stIS8_ESt4lessIcESaIS8_EE17_M_construct_nodeIJRKSt21piecewise_construct_tSt5tupleIJRS1_EESJ_IJEEEEEvPSt13_Rb_tree_nodeIS8_EDpOT_
                0x08002136       0x5a ./Core/Src/main.o
                0x08002136                void std::_Rb_tree<char, std::pair<char const, std::__cxx11::basic_string<char, std::char_traits<char>, std::allocator<char> > >, std::_Select1st<std::pair<char const, std::__cxx11::basic_string<char, std::char_traits<char>, std::allocator<char> > > >, std::less<char>, std::allocator<std::pair<char const, std::__cxx11::basic_string<char, std::char_traits<char>, std::allocator<char> > > > >::_M_construct_node<std::piecewise_construct_t const&, std::tuple<char const&>, std::tuple<> >(std::_Rb_tree_node<std::pair<char const, std::__cxx11::basic_string<char, std::char_traits<char>, std::allocator<char> > > >*, std::piecewise_construct_t const&, std::tuple<char const&>&&, std::tuple<>&&)
 .text._ZNSt8_Rb_treeIcSt4pairIKcNSt7__cxx1112basic_stringIcSt11char_traitsIcESaIcEEEESt10_Select1stIS8_ESt4lessIcESaIS8_EE5beginEv
                0x08002190       0x22 ./Core/Src/main.o
                0x08002190                std::_Rb_tree<char, std::pair<char const, std::__cxx11::basic_string<char, std::char_traits<char>, std::allocator<char> > >, std::_Select1st<std::pair<char const, std::__cxx11::basic_string<char, std::char_traits<char>, std::allocator<char> > > >, std::less<char>, std::allocator<std::pair<char const, std::__cxx11::basic_string<char, std::char_traits<char>, std::allocator<char> > > > >::begin()
 .text._ZNSt4pairIPSt18_Rb_tree_node_baseS1_EC2IRPSt13_Rb_tree_nodeIS_IKcNSt7__cxx1112basic_stringIcSt11char_traitsIcESaIcEEEEERS1_Lb1EEEOT_OT0_
                0x080021b2       0x32 ./Core/Src/main.o
                0x080021b2                std::pair<std::_Rb_tree_node_base*, std::_Rb_tree_node_base*>::pair<std::_Rb_tree_node<std::pair<char const, std::__cxx11::basic_string<char, std::char_traits<char>, std::allocator<char> > > >*&, std::_Rb_tree_node_base*&, true>(std::_Rb_tree_node<std::pair<char const, std::__cxx11::basic_string<char, std::char_traits<char>, std::allocator<char> > > >*&, std::_Rb_tree_node_base*&)
                0x080021b2                std::pair<std::_Rb_tree_node_base*, std::_Rb_tree_node_base*>::pair<std::_Rb_tree_node<std::pair<char const, std::__cxx11::basic_string<char, std::char_traits<char>, std::allocator<char> > > >*&, std::_Rb_tree_node_base*&, true>(std::_Rb_tree_node<std::pair<char const, std::__cxx11::basic_string<char, std::char_traits<char>, std::allocator<char> > > >*&, std::_Rb_tree_node_base*&)
 .text._ZSt7forwardIRPSt18_Rb_tree_node_baseEOT_RNSt16remove_referenceIS3_E4typeE
                0x080021e4       0x16 ./Core/Src/main.o
                0x080021e4                std::_Rb_tree_node_base*& std::forward<std::_Rb_tree_node_base*&>(std::remove_reference<std::_Rb_tree_node_base*&>::type&)
 .text._ZNKSt13_Rb_tree_nodeISt4pairIKcNSt7__cxx1112basic_stringIcSt11char_traitsIcESaIcEEEEE9_M_valptrEv
                0x080021fa       0x1c ./Core/Src/main.o
                0x080021fa                std::_Rb_tree_node<std::pair<char const, std::__cxx11::basic_string<char, std::char_traits<char>, std::allocator<char> > > >::_M_valptr() const
 .text._ZNSt8_Rb_treeIcSt4pairIKcNSt7__cxx1112basic_stringIcSt11char_traitsIcESaIcEEEESt10_Select1stIS8_ESt4lessIcESaIS8_EE14_M_create_nodeIJRKS8_EEEPSt13_Rb_tree_nodeIS8_EDpOT_
                0x08002216       0x2e ./Core/Src/main.o
                0x08002216                std::_Rb_tree_node<std::pair<char const, std::__cxx11::basic_string<char, std::char_traits<char>, std::allocator<char> > > >* std::_Rb_tree<char, std::pair<char const, std::__cxx11::basic_string<char, std::char_traits<char>, std::allocator<char> > >, std::_Select1st<std::pair<char const, std::__cxx11::basic_string<char, std::char_traits<char>, std::allocator<char> > > >, std::less<char>, std::allocator<std::pair<char const, std::__cxx11::basic_string<char, std::char_traits<char>, std::allocator<char> > > > >::_M_create_node<std::pair<char const, std::__cxx11::basic_string<char, std::char_traits<char>, std::allocator<char> > > const&>(std::pair<char const, std::__cxx11::basic_string<char, std::char_traits<char>, std::allocator<char> > > const&)
 .text._ZNSt15__new_allocatorISt13_Rb_tree_nodeISt4pairIKcNSt7__cxx1112basic_stringIcSt11char_traitsIcESaIcEEEEEE7destroyIS9_EEvPT_
                0x08002244       0x18 ./Core/Src/main.o
                0x08002244                void std::__new_allocator<std::_Rb_tree_node<std::pair<char const, std::__cxx11::basic_string<char, std::char_traits<char>, std::allocator<char> > > > >::destroy<std::pair<char const, std::__cxx11::basic_string<char, std::char_traits<char>, std::allocator<char> > > >(std::pair<char const, std::__cxx11::basic_string<char, std::char_traits<char>, std::allocator<char> > >*)
 .text._ZNSt15__new_allocatorISt13_Rb_tree_nodeISt4pairIKcNSt7__cxx1112basic_stringIcSt11char_traitsIcESaIcEEEEEE10deallocateEPSA_j
                0x0800225c       0x24 ./Core/Src/main.o
                0x0800225c                std::__new_allocator<std::_Rb_tree_node<std::pair<char const, std::__cxx11::basic_string<char, std::char_traits<char>, std::allocator<char> > > > >::deallocate(std::_Rb_tree_node<std::pair<char const, std::__cxx11::basic_string<char, std::char_traits<char>, std::allocator<char> > > >*, unsigned int)
 .text._ZNSt16allocator_traitsISaISt13_Rb_tree_nodeISt4pairIKcNSt7__cxx1112basic_stringIcSt11char_traitsIcESaIcEEEEEEE8allocateERSB_j
                0x08002280       0x1e ./Core/Src/main.o
                0x08002280                std::allocator_traits<std::allocator<std::_Rb_tree_node<std::pair<char const, std::__cxx11::basic_string<char, std::char_traits<char>, std::allocator<char> > > > > >::allocate(std::allocator<std::_Rb_tree_node<std::pair<char const, std::__cxx11::basic_string<char, std::char_traits<char>, std::allocator<char> > > > >&, unsigned int)
 .text._ZNSt16allocator_traitsISaISt13_Rb_tree_nodeISt4pairIKcNSt7__cxx1112basic_stringIcSt11char_traitsIcESaIcEEEEEEE9constructIS9_JRKSt21piecewise_construct_tSt5tupleIJRS2_EESH_IJEEEEEvRSB_PT_DpOT0_
                0x0800229e       0x3c ./Core/Src/main.o
                0x0800229e                void std::allocator_traits<std::allocator<std::_Rb_tree_node<std::pair<char const, std::__cxx11::basic_string<char, std::char_traits<char>, std::allocator<char> > > > > >::construct<std::pair<char const, std::__cxx11::basic_string<char, std::char_traits<char>, std::allocator<char> > >, std::piecewise_construct_t const&, std::tuple<char const&>, std::tuple<> >(std::allocator<std::_Rb_tree_node<std::pair<char const, std::__cxx11::basic_string<char, std::char_traits<char>, std::allocator<char> > > > >&, std::pair<char const, std::__cxx11::basic_string<char, std::char_traits<char>, std::allocator<char> > >*, std::piecewise_construct_t const&, std::tuple<char const&>&&, std::tuple<>&&)
 .text._ZSt7forwardIRPSt13_Rb_tree_nodeISt4pairIKcNSt7__cxx1112basic_stringIcSt11char_traitsIcESaIcEEEEEEOT_RNSt16remove_referenceISD_E4typeE
                0x080022da       0x16 ./Core/Src/main.o
                0x080022da                std::_Rb_tree_node<std::pair<char const, std::__cxx11::basic_string<char, std::char_traits<char>, std::allocator<char> > > >*& std::forward<std::_Rb_tree_node<std::pair<char const, std::__cxx11::basic_string<char, std::char_traits<char>, std::allocator<char> > > >*&>(std::remove_reference<std::_Rb_tree_node<std::pair<char const, std::__cxx11::basic_string<char, std::char_traits<char>, std::allocator<char> > > >*&>::type&)
 .text._ZNK9__gnu_cxx16__aligned_membufISt4pairIKcNSt7__cxx1112basic_stringIcSt11char_traitsIcESaIcEEEEE6_M_ptrEv
                0x080022f0       0x18 ./Core/Src/main.o
                0x080022f0                __gnu_cxx::__aligned_membuf<std::pair<char const, std::__cxx11::basic_string<char, std::char_traits<char>, std::allocator<char> > > >::_M_ptr() const
 .text._ZNSt8_Rb_treeIcSt4pairIKcNSt7__cxx1112basic_stringIcSt11char_traitsIcESaIcEEEESt10_Select1stIS8_ESt4lessIcESaIS8_EE17_M_construct_nodeIJRKS8_EEEvPSt13_Rb_tree_nodeIS8_EDpOT_
                0x08002308       0x40 ./Core/Src/main.o
                0x08002308                void std::_Rb_tree<char, std::pair<char const, std::__cxx11::basic_string<char, std::char_traits<char>, std::allocator<char> > >, std::_Select1st<std::pair<char const, std::__cxx11::basic_string<char, std::char_traits<char>, std::allocator<char> > > >, std::less<char>, std::allocator<std::pair<char const, std::__cxx11::basic_string<char, std::char_traits<char>, std::allocator<char> > > > >::_M_construct_node<std::pair<char const, std::__cxx11::basic_string<char, std::char_traits<char>, std::allocator<char> > > const&>(std::_Rb_tree_node<std::pair<char const, std::__cxx11::basic_string<char, std::char_traits<char>, std::allocator<char> > > >*, std::pair<char const, std::__cxx11::basic_string<char, std::char_traits<char>, std::allocator<char> > > const&)
 .text._ZNSt15__new_allocatorISt13_Rb_tree_nodeISt4pairIKcNSt7__cxx1112basic_stringIcSt11char_traitsIcESaIcEEEEEE8allocateEjPKv
                0x08002348       0x5c ./Core/Src/main.o
                0x08002348                std::__new_allocator<std::_Rb_tree_node<std::pair<char const, std::__cxx11::basic_string<char, std::char_traits<char>, std::allocator<char> > > > >::allocate(unsigned int, void const*)
 .text._ZNSt5tupleIJRKcEEC2EOS2_
                0x080023a4       0x20 ./Core/Src/main.o
                0x080023a4                std::tuple<char const&>::tuple(std::tuple<char const&>&&)
                0x080023a4                std::tuple<char const&>::tuple(std::tuple<char const&>&&)
 .text._ZNSt15__new_allocatorISt13_Rb_tree_nodeISt4pairIKcNSt7__cxx1112basic_stringIcSt11char_traitsIcESaIcEEEEEE9constructIS9_JRKSt21piecewise_construct_tSt5tupleIJRS2_EESG_IJEEEEEvPT_DpOT0_
                0x080023c4       0x50 ./Core/Src/main.o
                0x080023c4                void std::__new_allocator<std::_Rb_tree_node<std::pair<char const, std::__cxx11::basic_string<char, std::char_traits<char>, std::allocator<char> > > > >::construct<std::pair<char const, std::__cxx11::basic_string<char, std::char_traits<char>, std::allocator<char> > >, std::piecewise_construct_t const&, std::tuple<char const&>, std::tuple<> >(std::pair<char const, std::__cxx11::basic_string<char, std::char_traits<char>, std::allocator<char> > >*, std::piecewise_construct_t const&, std::tuple<char const&>&&, std::tuple<>&&)
 .text._ZNK9__gnu_cxx16__aligned_membufISt4pairIKcNSt7__cxx1112basic_stringIcSt11char_traitsIcESaIcEEEEE7_M_addrEv
                0x08002414       0x16 ./Core/Src/main.o
                0x08002414                __gnu_cxx::__aligned_membuf<std::pair<char const, std::__cxx11::basic_string<char, std::char_traits<char>, std::allocator<char> > > >::_M_addr() const
 .text._ZNSt16allocator_traitsISaISt13_Rb_tree_nodeISt4pairIKcNSt7__cxx1112basic_stringIcSt11char_traitsIcESaIcEEEEEEE9constructIS9_JRKS9_EEEvRSB_PT_DpOT0_
                0x0800242a       0x26 ./Core/Src/main.o
                0x0800242a                void std::allocator_traits<std::allocator<std::_Rb_tree_node<std::pair<char const, std::__cxx11::basic_string<char, std::char_traits<char>, std::allocator<char> > > > > >::construct<std::pair<char const, std::__cxx11::basic_string<char, std::char_traits<char>, std::allocator<char> > >, std::pair<char const, std::__cxx11::basic_string<char, std::char_traits<char>, std::allocator<char> > > const&>(std::allocator<std::_Rb_tree_node<std::pair<char const, std::__cxx11::basic_string<char, std::char_traits<char>, std::allocator<char> > > > >&, std::pair<char const, std::__cxx11::basic_string<char, std::char_traits<char>, std::allocator<char> > >*, std::pair<char const, std::__cxx11::basic_string<char, std::char_traits<char>, std::allocator<char> > > const&)
 .text._ZNKSt15__new_allocatorISt13_Rb_tree_nodeISt4pairIKcNSt7__cxx1112basic_stringIcSt11char_traitsIcESaIcEEEEEE11_M_max_sizeEv
                0x08002450       0x1c ./Core/Src/main.o
                0x08002450                std::__new_allocator<std::_Rb_tree_node<std::pair<char const, std::__cxx11::basic_string<char, std::char_traits<char>, std::allocator<char> > > > >::_M_max_size() const
 .text._ZNSt11_Tuple_implILj0EJRKcEEC2EOS2_
                0x0800246c       0x20 ./Core/Src/main.o
                0x0800246c                std::_Tuple_impl<0u, char const&>::_Tuple_impl(std::_Tuple_impl<0u, char const&>&&)
                0x0800246c                std::_Tuple_impl<0u, char const&>::_Tuple_impl(std::_Tuple_impl<0u, char const&>&&)
 .text._ZNSt4pairIKcNSt7__cxx1112basic_stringIcSt11char_traitsIcESaIcEEEEC2IJRS0_EJEEESt21piecewise_construct_tSt5tupleIJDpT_EESB_IJDpT0_EE
                0x0800248c       0x28 ./Core/Src/main.o
                0x0800248c                std::pair<char const, std::__cxx11::basic_string<char, std::char_traits<char>, std::allocator<char> > >::pair<char const&>(std::piecewise_construct_t, std::tuple<char const&>, std::tuple<>)
                0x0800248c                std::pair<char const, std::__cxx11::basic_string<char, std::char_traits<char>, std::allocator<char> > >::pair<char const&>(std::piecewise_construct_t, std::tuple<char const&>, std::tuple<>)
 .text._ZNSt4pairIKcNSt7__cxx1112basic_stringIcSt11char_traitsIcESaIcEEEEC2ERKS7_
                0x080024b4       0x2c ./Core/Src/main.o
                0x080024b4                std::pair<char const, std::__cxx11::basic_string<char, std::char_traits<char>, std::allocator<char> > >::pair(std::pair<char const, std::__cxx11::basic_string<char, std::char_traits<char>, std::allocator<char> > > const&)
                0x080024b4                std::pair<char const, std::__cxx11::basic_string<char, std::char_traits<char>, std::allocator<char> > >::pair(std::pair<char const, std::__cxx11::basic_string<char, std::char_traits<char>, std::allocator<char> > > const&)
 .text._ZNSt15__new_allocatorISt13_Rb_tree_nodeISt4pairIKcNSt7__cxx1112basic_stringIcSt11char_traitsIcESaIcEEEEEE9constructIS9_JRKS9_EEEvPT_DpOT0_
                0x080024e0       0x30 ./Core/Src/main.o
                0x080024e0                void std::__new_allocator<std::_Rb_tree_node<std::pair<char const, std::__cxx11::basic_string<char, std::char_traits<char>, std::allocator<char> > > > >::construct<std::pair<char const, std::__cxx11::basic_string<char, std::char_traits<char>, std::allocator<char> > >, std::pair<char const, std::__cxx11::basic_string<char, std::char_traits<char>, std::allocator<char> > > const&>(std::pair<char const, std::__cxx11::basic_string<char, std::char_traits<char>, std::allocator<char> > >*, std::pair<char const, std::__cxx11::basic_string<char, std::char_traits<char>, std::allocator<char> > > const&)
 .text._ZNSt4pairIKcNSt7__cxx1112basic_stringIcSt11char_traitsIcESaIcEEEEC2IJRS0_EJLj0EEJEJEEERSt5tupleIJDpT_EERSA_IJDpT1_EESt12_Index_tupleIJXspT0_EEESJ_IJXspT2_EEE
                0x08002510       0x38 ./Core/Src/main.o
                0x08002510                std::pair<char const, std::__cxx11::basic_string<char, std::char_traits<char>, std::allocator<char> > >::pair<char const&, 0u>(std::tuple<char const&>&, std::tuple<>&, std::_Index_tuple<0u>, std::_Index_tuple<>)
                0x08002510                std::pair<char const, std::__cxx11::basic_string<char, std::char_traits<char>, std::allocator<char> > >::pair<char const&, 0u>(std::tuple<char const&>&, std::tuple<>&, std::_Index_tuple<0u>, std::_Index_tuple<>)
 .text._ZSt3getILj0EJRKcEERNSt13tuple_elementIXT_ESt5tupleIJDpT0_EEE4typeERS6_
                0x08002548       0x1a ./Core/Src/main.o
                0x08002548                std::tuple_element<0u, std::tuple<char const&> >::type& std::get<0u, char const&>(std::tuple<char const&>&)
 .text._ZSt7forwardIRKcEOT_RNSt16remove_referenceIS2_E4typeE
                0x08002562       0x16 ./Core/Src/main.o
                0x08002562                char const& std::forward<char const&>(std::remove_reference<char const&>::type&)
 .text._ZSt12__get_helperILj0ERKcJEERT0_RSt11_Tuple_implIXT_EJS2_DpT1_EE
                0x08002578       0x18 ./Core/Src/main.o
                0x08002578                char const& std::__get_helper<0u, char const&>(std::_Tuple_impl<0u, char const&>&)
 .text._ZNSt11_Tuple_implILj0EJRKcEE7_M_headERS2_
                0x08002590       0x1a ./Core/Src/main.o
                0x08002590                std::_Tuple_impl<0u, char const&>::_M_head(std::_Tuple_impl<0u, char const&>&)
 .text._ZNSt10_Head_baseILj0ERKcLb0EE7_M_headERS2_
                0x080025aa       0x18 ./Core/Src/main.o
                0x080025aa                std::_Head_base<0u, char const&, false>::_M_head(std::_Head_base<0u, char const&, false>&)
 *fill*         0x080025c2        0x2 
 .text.HAL_MspInit
                0x080025c4       0x50 ./Core/Src/stm32f4xx_hal_msp.o
                0x080025c4                HAL_MspInit
 .text.NMI_Handler
                0x08002614        0x8 ./Core/Src/stm32f4xx_it.o
                0x08002614                NMI_Handler
 .text.HardFault_Handler
                0x0800261c        0x8 ./Core/Src/stm32f4xx_it.o
                0x0800261c                HardFault_Handler
 .text.MemManage_Handler
                0x08002624        0x8 ./Core/Src/stm32f4xx_it.o
                0x08002624                MemManage_Handler
 .text.BusFault_Handler
                0x0800262c        0x8 ./Core/Src/stm32f4xx_it.o
                0x0800262c                BusFault_Handler
 .text.UsageFault_Handler
                0x08002634        0x8 ./Core/Src/stm32f4xx_it.o
                0x08002634                UsageFault_Handler
 .text.SVC_Handler
                0x0800263c        0xe ./Core/Src/stm32f4xx_it.o
                0x0800263c                SVC_Handler
 .text.DebugMon_Handler
                0x0800264a        0xe ./Core/Src/stm32f4xx_it.o
                0x0800264a                DebugMon_Handler
 .text.PendSV_Handler
                0x08002658        0xe ./Core/Src/stm32f4xx_it.o
                0x08002658                PendSV_Handler
 .text.SysTick_Handler
                0x08002666        0xc ./Core/Src/stm32f4xx_it.o
                0x08002666                SysTick_Handler
 .text._getpid  0x08002672       0x10 ./Core/Src/syscalls.o
                0x08002672                _getpid
 .text._kill    0x08002682       0x20 ./Core/Src/syscalls.o
                0x08002682                _kill
 .text._exit    0x080026a2       0x16 ./Core/Src/syscalls.o
                0x080026a2                _exit
 .text._sbrk    0x080026b8       0x6c ./Core/Src/sysmem.o
                0x080026b8                _sbrk
 .text.SystemInit
                0x08002724       0x24 ./Core/Src/system_stm32f4xx.o
                0x08002724                SystemInit
 .text.Reset_Handler
                0x08002748       0x50 ./Core/Startup/startup_stm32f401retx.o
                0x08002748                Reset_Handler
 .text.Default_Handler
                0x08002798        0x2 ./Core/Startup/startup_stm32f401retx.o